<?xml version="1.0" encoding="ISO-8859-1" ?>
<link_info>
   <banner>TI ARM Clang Linker PC v3.2.2.LTS</banner>
   <copyright>Copyright (c) 1996-2018 Texas Instruments Incorporated</copyright>
   <link_time>0x6a0790af</link_time>
   <link_errors>0x0</link_errors>
   <output_file>C:\CoRoot\##TASKS##\#TASK# TI_AM243x_LaunchPad_eFlex\ccs_singlewire_led_project\single_chip_servo_am243x-lp_r5fss0-0_nortos_ti-arm-clang\Release\single_chip_servo_am243x-lp_r5fss0-0_nortos_ti-arm-clang.out</output_file>
   <entry_point>
      <name>_vectors</name>
      <address>0x0</address>
   </entry_point>
   <input_file_list>
      <input_file id="fl-1">
         <path>C:\CoRoot\##TASKS##\#TASK# TI_AM243x_LaunchPad_eFlex\ccs_singlewire_led_project\single_chip_servo_am243x-lp_r5fss0-0_nortos_ti-arm-clang\Release\.\</path>
         <kind>object</kind>
         <file>endat_periodic_trigger.o</file>
         <name>endat_periodic_trigger.o</name>
      </input_file>
      <input_file id="fl-2">
         <path>C:\CoRoot\##TASKS##\#TASK# TI_AM243x_LaunchPad_eFlex\ccs_singlewire_led_project\single_chip_servo_am243x-lp_r5fss0-0_nortos_ti-arm-clang\Release\.\</path>
         <kind>object</kind>
         <file>epwm_drv_aux.o</file>
         <name>epwm_drv_aux.o</name>
      </input_file>
      <input_file id="fl-3">
         <path>C:\CoRoot\##TASKS##\#TASK# TI_AM243x_LaunchPad_eFlex\ccs_singlewire_led_project\single_chip_servo_am243x-lp_r5fss0-0_nortos_ti-arm-clang\Release\.\syscfg\</path>
         <kind>object</kind>
         <file>ti_dpl_config.o</file>
         <name>ti_dpl_config.o</name>
      </input_file>
      <input_file id="fl-4">
         <path>C:\CoRoot\##TASKS##\#TASK# TI_AM243x_LaunchPad_eFlex\ccs_singlewire_led_project\single_chip_servo_am243x-lp_r5fss0-0_nortos_ti-arm-clang\Release\.\syscfg\</path>
         <kind>object</kind>
         <file>ti_drivers_config.o</file>
         <name>ti_drivers_config.o</name>
      </input_file>
      <input_file id="fl-5">
         <path>C:\CoRoot\##TASKS##\#TASK# TI_AM243x_LaunchPad_eFlex\ccs_singlewire_led_project\single_chip_servo_am243x-lp_r5fss0-0_nortos_ti-arm-clang\Release\.\syscfg\</path>
         <kind>object</kind>
         <file>ti_drivers_open_close.o</file>
         <name>ti_drivers_open_close.o</name>
      </input_file>
      <input_file id="fl-6">
         <path>C:\CoRoot\##TASKS##\#TASK# TI_AM243x_LaunchPad_eFlex\ccs_singlewire_led_project\single_chip_servo_am243x-lp_r5fss0-0_nortos_ti-arm-clang\Release\.\syscfg\</path>
         <kind>object</kind>
         <file>ti_pinmux_config.o</file>
         <name>ti_pinmux_config.o</name>
      </input_file>
      <input_file id="fl-7">
         <path>C:\CoRoot\##TASKS##\#TASK# TI_AM243x_LaunchPad_eFlex\ccs_singlewire_led_project\single_chip_servo_am243x-lp_r5fss0-0_nortos_ti-arm-clang\Release\.\syscfg\</path>
         <kind>object</kind>
         <file>ti_power_clock_config.o</file>
         <name>ti_power_clock_config.o</name>
      </input_file>
      <input_file id="fl-8">
         <path>C:\CoRoot\##TASKS##\#TASK# TI_AM243x_LaunchPad_eFlex\ccs_singlewire_led_project\single_chip_servo_am243x-lp_r5fss0-0_nortos_ti-arm-clang\Release\.\syscfg\</path>
         <kind>object</kind>
         <file>ti_board_config.o</file>
         <name>ti_board_config.o</name>
      </input_file>
      <input_file id="fl-9">
         <path>C:\CoRoot\##TASKS##\#TASK# TI_AM243x_LaunchPad_eFlex\ccs_singlewire_led_project\single_chip_servo_am243x-lp_r5fss0-0_nortos_ti-arm-clang\Release\.\syscfg\</path>
         <kind>object</kind>
         <file>ti_board_open_close.o</file>
         <name>ti_board_open_close.o</name>
      </input_file>
      <input_file id="fl-a">
         <path>C:\CoRoot\##TASKS##\#TASK# TI_AM243x_LaunchPad_eFlex\ccs_singlewire_led_project\single_chip_servo_am243x-lp_r5fss0-0_nortos_ti-arm-clang\Release\.\syscfg\</path>
         <kind>object</kind>
         <file>ti_enet_config.o</file>
         <name>ti_enet_config.o</name>
      </input_file>
      <input_file id="fl-b">
         <path>C:\CoRoot\##TASKS##\#TASK# TI_AM243x_LaunchPad_eFlex\ccs_singlewire_led_project\single_chip_servo_am243x-lp_r5fss0-0_nortos_ti-arm-clang\Release\.\syscfg\</path>
         <kind>object</kind>
         <file>ti_enet_open_close.o</file>
         <name>ti_enet_open_close.o</name>
      </input_file>
      <input_file id="fl-c">
         <path>C:\CoRoot\##TASKS##\#TASK# TI_AM243x_LaunchPad_eFlex\ccs_singlewire_led_project\single_chip_servo_am243x-lp_r5fss0-0_nortos_ti-arm-clang\Release\.\syscfg\</path>
         <kind>object</kind>
         <file>ti_enet_soc.o</file>
         <name>ti_enet_soc.o</name>
      </input_file>
      <input_file id="fl-d">
         <path>C:\CoRoot\##TASKS##\#TASK# TI_AM243x_LaunchPad_eFlex\ccs_singlewire_led_project\single_chip_servo_am243x-lp_r5fss0-0_nortos_ti-arm-clang\Release\.\syscfg\</path>
         <kind>object</kind>
         <file>ti_enet_lwipif.o</file>
         <name>ti_enet_lwipif.o</name>
      </input_file>
      <input_file id="fl-e">
         <path>C:\CoRoot\##TASKS##\#TASK# TI_AM243x_LaunchPad_eFlex\ccs_singlewire_led_project\single_chip_servo_am243x-lp_r5fss0-0_nortos_ti-arm-clang\Release\.\</path>
         <kind>object</kind>
         <file>main.o</file>
         <name>main.o</name>
      </input_file>
      <input_file id="fl-f">
         <path>C:\CoRoot\##TASKS##\#TASK# TI_AM243x_LaunchPad_eFlex\ccs_singlewire_led_project\single_chip_servo_am243x-lp_r5fss0-0_nortos_ti-arm-clang\Release\.\</path>
         <kind>object</kind>
         <file>mclk_iep_sync.o</file>
         <name>mclk_iep_sync.o</name>
      </input_file>
      <input_file id="fl-10">
         <path>C:\CoRoot\##TASKS##\#TASK# TI_AM243x_LaunchPad_eFlex\ccs_singlewire_led_project\single_chip_servo_am243x-lp_r5fss0-0_nortos_ti-arm-clang\Release\.\</path>
         <kind>object</kind>
         <file>pwm.o</file>
         <name>pwm.o</name>
      </input_file>
      <input_file id="fl-11">
         <path>C:\CoRoot\##TASKS##\#TASK# TI_AM243x_LaunchPad_eFlex\ccs_singlewire_led_project\single_chip_servo_am243x-lp_r5fss0-0_nortos_ti-arm-clang\Release\.\</path>
         <kind>object</kind>
         <file>sddf.o</file>
         <name>sddf.o</name>
      </input_file>
      <input_file id="fl-12">
         <path>C:\CoRoot\##TASKS##\#TASK# TI_AM243x_LaunchPad_eFlex\ccs_singlewire_led_project\single_chip_servo_am243x-lp_r5fss0-0_nortos_ti-arm-clang\Release\.\</path>
         <kind>object</kind>
         <file>single_chip_servo.o</file>
         <name>single_chip_servo.o</name>
      </input_file>
      <input_file id="fl-13">
         <path>C:\CoRoot\##TASKS##\#TASK# TI_AM243x_LaunchPad_eFlex\ccs_singlewire_led_project\single_chip_servo_am243x-lp_r5fss0-0_nortos_ti-arm-clang\Release\.\</path>
         <kind>object</kind>
         <file>ti_r5fmath_trig.o</file>
         <name>ti_r5fmath_trig.o</name>
      </input_file>
      <input_file id="fl-25">
         <path>C:\CoRoot\##TASKS##\#TASK# TI_AM243x_LaunchPad_eFlex\ccs_singlewire_led_project\single_chip_servo_am243x-lp_r5fss0-0_nortos_ti-arm-clang\Release\</path>
         <kind>object</kind>
         <file>&lt;internal&gt;</file>
         <name>&lt;internal&gt;</name>
      </input_file>
      <input_file id="fl-34">
         <path>C:\ti\ti_cgt_arm_llvm_3.2.2.LTS\lib\armv7r-ti-none-eabihf\c\</path>
         <kind>archive</kind>
         <file>libc.a</file>
         <name>s_floorf.c.obj</name>
      </input_file>
      <input_file id="fl-35">
         <path>C:\ti\ti_cgt_arm_llvm_3.2.2.LTS\lib\armv7r-ti-none-eabihf\c\</path>
         <kind>archive</kind>
         <file>libc.a</file>
         <name>s_roundf.c.obj</name>
      </input_file>
      <input_file id="fl-36">
         <path>C:\ti\motor_control_sdk_am243x_09_02_00_12\mcu_plus_sdk\source\kernel\nortos\lib\</path>
         <kind>archive</kind>
         <file>nortos.am243x.r5f.ti-arm-clang.release.lib</file>
         <name>DebugP_log.obj</name>
      </input_file>
      <input_file id="fl-37">
         <path>C:\ti\motor_control_sdk_am243x_09_02_00_12\mcu_plus_sdk\source\kernel\nortos\lib\</path>
         <kind>archive</kind>
         <file>nortos.am243x.r5f.ti-arm-clang.release.lib</file>
         <name>DebugP_nortos.obj</name>
      </input_file>
      <input_file id="fl-38">
         <path>C:\ti\motor_control_sdk_am243x_09_02_00_12\mcu_plus_sdk\source\kernel\nortos\lib\</path>
         <kind>archive</kind>
         <file>nortos.am243x.r5f.ti-arm-clang.release.lib</file>
         <name>SemaphoreP_nortos.obj</name>
      </input_file>
      <input_file id="fl-39">
         <path>C:\ti\motor_control_sdk_am243x_09_02_00_12\mcu_plus_sdk\source\kernel\nortos\lib\</path>
         <kind>archive</kind>
         <file>nortos.am243x.r5f.ti-arm-clang.release.lib</file>
         <name>ClockP_nortos.obj</name>
      </input_file>
      <input_file id="fl-3a">
         <path>C:\ti\motor_control_sdk_am243x_09_02_00_12\mcu_plus_sdk\source\kernel\nortos\lib\</path>
         <kind>archive</kind>
         <file>nortos.am243x.r5f.ti-arm-clang.release.lib</file>
         <name>ClockP_nortos_r5.obj</name>
      </input_file>
      <input_file id="fl-3b">
         <path>C:\ti\motor_control_sdk_am243x_09_02_00_12\mcu_plus_sdk\source\kernel\nortos\lib\</path>
         <kind>archive</kind>
         <file>nortos.am243x.r5f.ti-arm-clang.release.lib</file>
         <name>TimerP.obj</name>
      </input_file>
      <input_file id="fl-3c">
         <path>C:\ti\motor_control_sdk_am243x_09_02_00_12\mcu_plus_sdk\source\kernel\nortos\lib\</path>
         <kind>archive</kind>
         <file>nortos.am243x.r5f.ti-arm-clang.release.lib</file>
         <name>HwiP_armv7r_vim.obj</name>
      </input_file>
      <input_file id="fl-3d">
         <path>C:\ti\motor_control_sdk_am243x_09_02_00_12\mcu_plus_sdk\source\kernel\nortos\lib\</path>
         <kind>archive</kind>
         <file>nortos.am243x.r5f.ti-arm-clang.release.lib</file>
         <name>HwiP_armv7r_handlers_nortos.obj</name>
      </input_file>
      <input_file id="fl-3e">
         <path>C:\ti\motor_control_sdk_am243x_09_02_00_12\mcu_plus_sdk\source\kernel\nortos\lib\</path>
         <kind>archive</kind>
         <file>nortos.am243x.r5f.ti-arm-clang.release.lib</file>
         <name>MpuP_armv7r.obj</name>
      </input_file>
      <input_file id="fl-3f">
         <path>C:\ti\motor_control_sdk_am243x_09_02_00_12\mcu_plus_sdk\source\kernel\nortos\lib\</path>
         <kind>archive</kind>
         <file>nortos.am243x.r5f.ti-arm-clang.release.lib</file>
         <name>CacheP_armv7r.obj</name>
      </input_file>
      <input_file id="fl-40">
         <path>C:\ti\motor_control_sdk_am243x_09_02_00_12\mcu_plus_sdk\source\kernel\nortos\lib\</path>
         <kind>archive</kind>
         <file>nortos.am243x.r5f.ti-arm-clang.release.lib</file>
         <name>printf.obj</name>
      </input_file>
      <input_file id="fl-41">
         <path>C:\ti\motor_control_sdk_am243x_09_02_00_12\mcu_plus_sdk\source\kernel\nortos\lib\</path>
         <kind>archive</kind>
         <file>nortos.am243x.r5f.ti-arm-clang.release.lib</file>
         <name>AddrTranslateP.obj</name>
      </input_file>
      <input_file id="fl-42">
         <path>C:\ti\motor_control_sdk_am243x_09_02_00_12\mcu_plus_sdk\source\kernel\nortos\lib\</path>
         <kind>archive</kind>
         <file>nortos.am243x.r5f.ti-arm-clang.release.lib</file>
         <name>PmuP_armv7r.obj</name>
      </input_file>
      <input_file id="fl-43">
         <path>C:\ti\motor_control_sdk_am243x_09_02_00_12\mcu_plus_sdk\source\kernel\nortos\lib\</path>
         <kind>archive</kind>
         <file>nortos.am243x.r5f.ti-arm-clang.release.lib</file>
         <name>HwiP_armv7r_handlers_nortos_asm.obj</name>
      </input_file>
      <input_file id="fl-44">
         <path>C:\ti\motor_control_sdk_am243x_09_02_00_12\mcu_plus_sdk\source\kernel\nortos\lib\</path>
         <kind>archive</kind>
         <file>nortos.am243x.r5f.ti-arm-clang.release.lib</file>
         <name>HwiP_armv7r_vectors_nortos_asm.obj</name>
      </input_file>
      <input_file id="fl-45">
         <path>C:\ti\motor_control_sdk_am243x_09_02_00_12\mcu_plus_sdk\source\kernel\nortos\lib\</path>
         <kind>archive</kind>
         <file>nortos.am243x.r5f.ti-arm-clang.release.lib</file>
         <name>boot_armv7r_asm.obj</name>
      </input_file>
      <input_file id="fl-46">
         <path>C:\ti\motor_control_sdk_am243x_09_02_00_12\mcu_plus_sdk\source\kernel\nortos\lib\</path>
         <kind>archive</kind>
         <file>nortos.am243x.r5f.ti-arm-clang.release.lib</file>
         <name>HwiP_armv7r_asm.obj</name>
      </input_file>
      <input_file id="fl-47">
         <path>C:\ti\motor_control_sdk_am243x_09_02_00_12\mcu_plus_sdk\source\kernel\nortos\lib\</path>
         <kind>archive</kind>
         <file>nortos.am243x.r5f.ti-arm-clang.release.lib</file>
         <name>MpuP_armv7r_asm.obj</name>
      </input_file>
      <input_file id="fl-48">
         <path>C:\ti\motor_control_sdk_am243x_09_02_00_12\mcu_plus_sdk\source\kernel\nortos\lib\</path>
         <kind>archive</kind>
         <file>nortos.am243x.r5f.ti-arm-clang.release.lib</file>
         <name>CacheP_armv7r_asm.obj</name>
      </input_file>
      <input_file id="fl-49">
         <path>C:\ti\motor_control_sdk_am243x_09_02_00_12\mcu_plus_sdk\source\kernel\nortos\lib\</path>
         <kind>archive</kind>
         <file>nortos.am243x.r5f.ti-arm-clang.release.lib</file>
         <name>PmuP_armv7r_asm.obj</name>
      </input_file>
      <input_file id="fl-4a">
         <path>C:\ti\motor_control_sdk_am243x_09_02_00_12\mcu_plus_sdk\source\kernel\nortos\lib\</path>
         <kind>archive</kind>
         <file>nortos.am243x.r5f.ti-arm-clang.release.lib</file>
         <name>boot_armv7r.obj</name>
      </input_file>
      <input_file id="fl-4b">
         <path>C:\ti\motor_control_sdk_am243x_09_02_00_12\mcu_plus_sdk\source\drivers\lib\</path>
         <kind>archive</kind>
         <file>drivers.am243x.r5f.ti-arm-clang.release.lib</file>
         <name>epwm.obj</name>
      </input_file>
      <input_file id="fl-4c">
         <path>C:\ti\motor_control_sdk_am243x_09_02_00_12\mcu_plus_sdk\source\drivers\lib\</path>
         <kind>archive</kind>
         <file>drivers.am243x.r5f.ti-arm-clang.release.lib</file>
         <name>gpio.obj</name>
      </input_file>
      <input_file id="fl-4d">
         <path>C:\ti\motor_control_sdk_am243x_09_02_00_12\mcu_plus_sdk\source\drivers\lib\</path>
         <kind>archive</kind>
         <file>drivers.am243x.r5f.ti-arm-clang.release.lib</file>
         <name>ipc_notify_v0.obj</name>
      </input_file>
      <input_file id="fl-4e">
         <path>C:\ti\motor_control_sdk_am243x_09_02_00_12\mcu_plus_sdk\source\drivers\lib\</path>
         <kind>archive</kind>
         <file>drivers.am243x.r5f.ti-arm-clang.release.lib</file>
         <name>ipc_notify_v0_cfg.obj</name>
      </input_file>
      <input_file id="fl-4f">
         <path>C:\ti\motor_control_sdk_am243x_09_02_00_12\mcu_plus_sdk\source\drivers\lib\</path>
         <kind>archive</kind>
         <file>drivers.am243x.r5f.ti-arm-clang.release.lib</file>
         <name>mcspi_v0.obj</name>
      </input_file>
      <input_file id="fl-50">
         <path>C:\ti\motor_control_sdk_am243x_09_02_00_12\mcu_plus_sdk\source\drivers\lib\</path>
         <kind>archive</kind>
         <file>drivers.am243x.r5f.ti-arm-clang.release.lib</file>
         <name>mcspi_v0_lld.obj</name>
      </input_file>
      <input_file id="fl-51">
         <path>C:\ti\motor_control_sdk_am243x_09_02_00_12\mcu_plus_sdk\source\drivers\lib\</path>
         <kind>archive</kind>
         <file>drivers.am243x.r5f.ti-arm-clang.release.lib</file>
         <name>mcspi_dma_udma.obj</name>
      </input_file>
      <input_file id="fl-52">
         <path>C:\ti\motor_control_sdk_am243x_09_02_00_12\mcu_plus_sdk\source\drivers\lib\</path>
         <kind>archive</kind>
         <file>drivers.am243x.r5f.ti-arm-clang.release.lib</file>
         <name>pinmux.obj</name>
      </input_file>
      <input_file id="fl-53">
         <path>C:\ti\motor_control_sdk_am243x_09_02_00_12\mcu_plus_sdk\source\drivers\lib\</path>
         <kind>archive</kind>
         <file>drivers.am243x.r5f.ti-arm-clang.release.lib</file>
         <name>pruicss_g_v0.obj</name>
      </input_file>
      <input_file id="fl-54">
         <path>C:\ti\motor_control_sdk_am243x_09_02_00_12\mcu_plus_sdk\source\drivers\lib\</path>
         <kind>archive</kind>
         <file>drivers.am243x.r5f.ti-arm-clang.release.lib</file>
         <name>pruicss_g_v0_cfg.obj</name>
      </input_file>
      <input_file id="fl-55">
         <path>C:\ti\motor_control_sdk_am243x_09_02_00_12\mcu_plus_sdk\source\drivers\lib\</path>
         <kind>archive</kind>
         <file>drivers.am243x.r5f.ti-arm-clang.release.lib</file>
         <name>sciclient.obj</name>
      </input_file>
      <input_file id="fl-56">
         <path>C:\ti\motor_control_sdk_am243x_09_02_00_12\mcu_plus_sdk\source\drivers\lib\</path>
         <kind>archive</kind>
         <file>drivers.am243x.r5f.ti-arm-clang.release.lib</file>
         <name>sciclient_pm.obj</name>
      </input_file>
      <input_file id="fl-57">
         <path>C:\ti\motor_control_sdk_am243x_09_02_00_12\mcu_plus_sdk\source\drivers\lib\</path>
         <kind>archive</kind>
         <file>drivers.am243x.r5f.ti-arm-clang.release.lib</file>
         <name>sciclient_fmwSecureProxyMap.obj</name>
      </input_file>
      <input_file id="fl-58">
         <path>C:\ti\motor_control_sdk_am243x_09_02_00_12\mcu_plus_sdk\source\drivers\lib\</path>
         <kind>archive</kind>
         <file>drivers.am243x.r5f.ti-arm-clang.release.lib</file>
         <name>sciclient_soc_priv.obj</name>
      </input_file>
      <input_file id="fl-59">
         <path>C:\ti\motor_control_sdk_am243x_09_02_00_12\mcu_plus_sdk\source\drivers\lib\</path>
         <kind>archive</kind>
         <file>drivers.am243x.r5f.ti-arm-clang.release.lib</file>
         <name>soc.obj</name>
      </input_file>
      <input_file id="fl-5a">
         <path>C:\ti\motor_control_sdk_am243x_09_02_00_12\mcu_plus_sdk\source\drivers\lib\</path>
         <kind>archive</kind>
         <file>drivers.am243x.r5f.ti-arm-clang.release.lib</file>
         <name>udma.obj</name>
      </input_file>
      <input_file id="fl-5b">
         <path>C:\ti\motor_control_sdk_am243x_09_02_00_12\mcu_plus_sdk\source\drivers\lib\</path>
         <kind>archive</kind>
         <file>drivers.am243x.r5f.ti-arm-clang.release.lib</file>
         <name>udma_ch.obj</name>
      </input_file>
      <input_file id="fl-5c">
         <path>C:\ti\motor_control_sdk_am243x_09_02_00_12\mcu_plus_sdk\source\drivers\lib\</path>
         <kind>archive</kind>
         <file>drivers.am243x.r5f.ti-arm-clang.release.lib</file>
         <name>udma_event.obj</name>
      </input_file>
      <input_file id="fl-5d">
         <path>C:\ti\motor_control_sdk_am243x_09_02_00_12\mcu_plus_sdk\source\drivers\lib\</path>
         <kind>archive</kind>
         <file>drivers.am243x.r5f.ti-arm-clang.release.lib</file>
         <name>udma_flow.obj</name>
      </input_file>
      <input_file id="fl-5e">
         <path>C:\ti\motor_control_sdk_am243x_09_02_00_12\mcu_plus_sdk\source\drivers\lib\</path>
         <kind>archive</kind>
         <file>drivers.am243x.r5f.ti-arm-clang.release.lib</file>
         <name>udma_ring_common.obj</name>
      </input_file>
      <input_file id="fl-5f">
         <path>C:\ti\motor_control_sdk_am243x_09_02_00_12\mcu_plus_sdk\source\drivers\lib\</path>
         <kind>archive</kind>
         <file>drivers.am243x.r5f.ti-arm-clang.release.lib</file>
         <name>udma_rm.obj</name>
      </input_file>
      <input_file id="fl-60">
         <path>C:\ti\motor_control_sdk_am243x_09_02_00_12\mcu_plus_sdk\source\drivers\lib\</path>
         <kind>archive</kind>
         <file>drivers.am243x.r5f.ti-arm-clang.release.lib</file>
         <name>udma_rmcfg_common.obj</name>
      </input_file>
      <input_file id="fl-61">
         <path>C:\ti\motor_control_sdk_am243x_09_02_00_12\mcu_plus_sdk\source\drivers\lib\</path>
         <kind>archive</kind>
         <file>drivers.am243x.r5f.ti-arm-clang.release.lib</file>
         <name>udma_soc.obj</name>
      </input_file>
      <input_file id="fl-62">
         <path>C:\ti\motor_control_sdk_am243x_09_02_00_12\mcu_plus_sdk\source\drivers\lib\</path>
         <kind>archive</kind>
         <file>drivers.am243x.r5f.ti-arm-clang.release.lib</file>
         <name>udma_utils.obj</name>
      </input_file>
      <input_file id="fl-63">
         <path>C:\ti\motor_control_sdk_am243x_09_02_00_12\mcu_plus_sdk\source\drivers\lib\</path>
         <kind>archive</kind>
         <file>drivers.am243x.r5f.ti-arm-clang.release.lib</file>
         <name>csl_bcdma.obj</name>
      </input_file>
      <input_file id="fl-64">
         <path>C:\ti\motor_control_sdk_am243x_09_02_00_12\mcu_plus_sdk\source\drivers\lib\</path>
         <kind>archive</kind>
         <file>drivers.am243x.r5f.ti-arm-clang.release.lib</file>
         <name>csl_intaggr.obj</name>
      </input_file>
      <input_file id="fl-65">
         <path>C:\ti\motor_control_sdk_am243x_09_02_00_12\mcu_plus_sdk\source\drivers\lib\</path>
         <kind>archive</kind>
         <file>drivers.am243x.r5f.ti-arm-clang.release.lib</file>
         <name>csl_lcdma_ringacc.obj</name>
      </input_file>
      <input_file id="fl-66">
         <path>C:\ti\motor_control_sdk_am243x_09_02_00_12\mcu_plus_sdk\source\drivers\lib\</path>
         <kind>archive</kind>
         <file>drivers.am243x.r5f.ti-arm-clang.release.lib</file>
         <name>csl_pktdma.obj</name>
      </input_file>
      <input_file id="fl-67">
         <path>C:\ti\motor_control_sdk_am243x_09_02_00_12\mcu_plus_sdk\source\drivers\lib\</path>
         <kind>archive</kind>
         <file>drivers.am243x.r5f.ti-arm-clang.release.lib</file>
         <name>csl_sec_proxy.obj</name>
      </input_file>
      <input_file id="fl-68">
         <path>C:\ti\motor_control_sdk_am243x_09_02_00_12\mcu_plus_sdk\source\drivers\lib\</path>
         <kind>archive</kind>
         <file>drivers.am243x.r5f.ti-arm-clang.release.lib</file>
         <name>sciclient_rm.obj</name>
      </input_file>
      <input_file id="fl-69">
         <path>C:\ti\motor_control_sdk_am243x_09_02_00_12\mcu_plus_sdk\source\drivers\lib\</path>
         <kind>archive</kind>
         <file>drivers.am243x.r5f.ti-arm-clang.release.lib</file>
         <name>sciclient_rm_irq.obj</name>
      </input_file>
      <input_file id="fl-6a">
         <path>C:\ti\motor_control_sdk_am243x_09_02_00_12\mcu_plus_sdk\source\drivers\lib\</path>
         <kind>archive</kind>
         <file>drivers.am243x.r5f.ti-arm-clang.release.lib</file>
         <name>sciclient_procboot.obj</name>
      </input_file>
      <input_file id="fl-6b">
         <path>C:\ti\motor_control_sdk_am243x_09_02_00_12\mcu_plus_sdk\source\drivers\lib\</path>
         <kind>archive</kind>
         <file>drivers.am243x.r5f.ti-arm-clang.release.lib</file>
         <name>sciclient_irq_rm.obj</name>
      </input_file>
      <input_file id="fl-6c">
         <path>C:\ti\motor_control_sdk_am243x_09_02_00_12\mcu_plus_sdk\source\drivers\lib\</path>
         <kind>archive</kind>
         <file>drivers.am243x.r5f.ti-arm-clang.release.lib</file>
         <name>udma_ring_lcdma.obj</name>
      </input_file>
      <input_file id="fl-6d">
         <path>C:\ti\motor_control_sdk_am243x_09_02_00_12\mcu_plus_sdk\source\drivers\lib\</path>
         <kind>archive</kind>
         <file>drivers.am243x.r5f.ti-arm-clang.release.lib</file>
         <name>udma_rmcfg.obj</name>
      </input_file>
      <input_file id="fl-6e">
         <path>C:\ti\motor_control_sdk_am243x_09_02_00_12\mcu_plus_sdk\source\board\lib\</path>
         <kind>archive</kind>
         <file>board.am243x.r5f.ti-arm-clang.release.lib</file>
         <name>ioexp_tca6424.obj</name>
      </input_file>
      <input_file id="fl-6f">
         <path>C:\ti\motor_control_sdk_am243x_09_02_00_12\source\current_sense\sdfm\lib\</path>
         <kind>archive</kind>
         <file>motorcontrol_sdfm.am243x.r5f.ti-arm-clang.release.lib</file>
         <name>sdfm_drv.obj</name>
      </input_file>
      <input_file id="fl-70">
         <path>C:\ti\motor_control_sdk_am243x_09_02_00_12\source\position_sense\endat\lib\</path>
         <kind>archive</kind>
         <file>motorcontrol_endat.am243x.r5f.ti-arm-clang.release.lib</file>
         <name>endat_drv.obj</name>
      </input_file>
      <input_file id="fl-d6">
         <path>C:\ti\ti_cgt_arm_llvm_3.2.2.LTS\lib\armv7r-ti-none-eabihf\c\</path>
         <kind>archive</kind>
         <file>libc.a</file>
         <name>s_ceilf.c.obj</name>
      </input_file>
      <input_file id="fl-d7">
         <path>C:\ti\ti_cgt_arm_llvm_3.2.2.LTS\lib\armv7r-ti-none-eabihf\c\</path>
         <kind>archive</kind>
         <file>libc.a</file>
         <name>e_log2.c.obj</name>
      </input_file>
      <input_file id="fl-d8">
         <path>C:\ti\ti_cgt_arm_llvm_3.2.2.LTS\lib\armv7r-ti-none-eabihf\c\</path>
         <kind>archive</kind>
         <file>libc.a</file>
         <name>aeabi_portable.c.obj</name>
      </input_file>
      <input_file id="fl-d9">
         <path>C:\ti\ti_cgt_arm_llvm_3.2.2.LTS\lib\armv7r-ti-none-eabihf\c\</path>
         <kind>archive</kind>
         <file>libc.a</file>
         <name>exit.c.obj</name>
      </input_file>
      <input_file id="fl-da">
         <path>C:\ti\ti_cgt_arm_llvm_3.2.2.LTS\lib\armv7r-ti-none-eabihf\c\</path>
         <kind>archive</kind>
         <file>libc.a</file>
         <name>_lock.c.obj</name>
      </input_file>
      <input_file id="fl-db">
         <path>C:\ti\ti_cgt_arm_llvm_3.2.2.LTS\lib\armv7r-ti-none-eabihf\c\</path>
         <kind>archive</kind>
         <file>libc.a</file>
         <name>assert.c.obj</name>
      </input_file>
      <input_file id="fl-dc">
         <path>C:\ti\ti_cgt_arm_llvm_3.2.2.LTS\lib\armv7r-ti-none-eabihf\c\</path>
         <kind>archive</kind>
         <file>libc.a</file>
         <name>defs.c.obj</name>
      </input_file>
      <input_file id="fl-dd">
         <path>C:\ti\ti_cgt_arm_llvm_3.2.2.LTS\lib\armv7r-ti-none-eabihf\c\</path>
         <kind>archive</kind>
         <file>libc.a</file>
         <name>memory.c.obj</name>
      </input_file>
      <input_file id="fl-de">
         <path>C:\ti\ti_cgt_arm_llvm_3.2.2.LTS\lib\armv7r-ti-none-eabihf\c\</path>
         <kind>archive</kind>
         <file>libc.a</file>
         <name>autoinit.c.obj</name>
      </input_file>
      <input_file id="fl-df">
         <path>C:\ti\ti_cgt_arm_llvm_3.2.2.LTS\lib\armv7r-ti-none-eabihf\c\</path>
         <kind>archive</kind>
         <file>libc.a</file>
         <name>cpy_tbl.c.obj</name>
      </input_file>
      <input_file id="fl-e0">
         <path>C:\ti\ti_cgt_arm_llvm_3.2.2.LTS\lib\armv7r-ti-none-eabihf\c\</path>
         <kind>archive</kind>
         <file>libc.a</file>
         <name>sprintf.c.obj</name>
      </input_file>
      <input_file id="fl-e1">
         <path>C:\ti\ti_cgt_arm_llvm_3.2.2.LTS\lib\armv7r-ti-none-eabihf\c\</path>
         <kind>archive</kind>
         <file>libc.a</file>
         <name>fflush.c.obj</name>
      </input_file>
      <input_file id="fl-e2">
         <path>C:\ti\ti_cgt_arm_llvm_3.2.2.LTS\lib\armv7r-ti-none-eabihf\c\</path>
         <kind>archive</kind>
         <file>libc.a</file>
         <name>fputs.c.obj</name>
      </input_file>
      <input_file id="fl-e3">
         <path>C:\ti\ti_cgt_arm_llvm_3.2.2.LTS\lib\armv7r-ti-none-eabihf\c\</path>
         <kind>archive</kind>
         <file>libc.a</file>
         <name>_io_perm.c.obj</name>
      </input_file>
      <input_file id="fl-e4">
         <path>C:\ti\ti_cgt_arm_llvm_3.2.2.LTS\lib\armv7r-ti-none-eabihf\c\</path>
         <kind>archive</kind>
         <file>libc.a</file>
         <name>setvbuf.c.obj</name>
      </input_file>
      <input_file id="fl-e5">
         <path>C:\ti\ti_cgt_arm_llvm_3.2.2.LTS\lib\armv7r-ti-none-eabihf\c\</path>
         <kind>archive</kind>
         <file>libc.a</file>
         <name>_printfi.c.obj</name>
      </input_file>
      <input_file id="fl-e6">
         <path>C:\ti\ti_cgt_arm_llvm_3.2.2.LTS\lib\armv7r-ti-none-eabihf\c\</path>
         <kind>archive</kind>
         <file>libc.a</file>
         <name>fopen.c.obj</name>
      </input_file>
      <input_file id="fl-e7">
         <path>C:\ti\ti_cgt_arm_llvm_3.2.2.LTS\lib\armv7r-ti-none-eabihf\c\</path>
         <kind>archive</kind>
         <file>libc.a</file>
         <name>fseek.c.obj</name>
      </input_file>
      <input_file id="fl-e8">
         <path>C:\ti\ti_cgt_arm_llvm_3.2.2.LTS\lib\armv7r-ti-none-eabihf\c\</path>
         <kind>archive</kind>
         <file>libc.a</file>
         <name>s_frexp.c.obj</name>
      </input_file>
      <input_file id="fl-e9">
         <path>C:\ti\ti_cgt_arm_llvm_3.2.2.LTS\lib\armv7r-ti-none-eabihf\c\</path>
         <kind>archive</kind>
         <file>libc.a</file>
         <name>s_scalbn.c.obj</name>
      </input_file>
      <input_file id="fl-ea">
         <path>C:\ti\ti_cgt_arm_llvm_3.2.2.LTS\lib\armv7r-ti-none-eabihf\c\</path>
         <kind>archive</kind>
         <file>libc.a</file>
         <name>_ltoa.c.obj</name>
      </input_file>
      <input_file id="fl-eb">
         <path>C:\ti\ti_cgt_arm_llvm_3.2.2.LTS\lib\armv7r-ti-none-eabihf\c\</path>
         <kind>archive</kind>
         <file>libc.a</file>
         <name>atoi.c.obj</name>
      </input_file>
      <input_file id="fl-ec">
         <path>C:\ti\ti_cgt_arm_llvm_3.2.2.LTS\lib\armv7r-ti-none-eabihf\c\</path>
         <kind>archive</kind>
         <file>libc.a</file>
         <name>memccpy.c.obj</name>
      </input_file>
      <input_file id="fl-ed">
         <path>C:\ti\ti_cgt_arm_llvm_3.2.2.LTS\lib\armv7r-ti-none-eabihf\c\</path>
         <kind>archive</kind>
         <file>libc.a</file>
         <name>wcslen.c.obj</name>
      </input_file>
      <input_file id="fl-ee">
         <path>C:\ti\ti_cgt_arm_llvm_3.2.2.LTS\lib\armv7r-ti-none-eabihf\c\</path>
         <kind>archive</kind>
         <file>libc.a</file>
         <name>fclose.c.obj</name>
      </input_file>
      <input_file id="fl-ef">
         <path>C:\ti\ti_cgt_arm_llvm_3.2.2.LTS\lib\armv7r-ti-none-eabihf\c\</path>
         <kind>archive</kind>
         <file>libc.a</file>
         <name>aeabi_ctype.S.obj</name>
      </input_file>
      <input_file id="fl-f0">
         <path>C:\ti\ti_cgt_arm_llvm_3.2.2.LTS\lib\armv7r-ti-none-eabihf\c\</path>
         <kind>archive</kind>
         <file>libsysbm.a</file>
         <name>write.c.obj</name>
      </input_file>
      <input_file id="fl-f1">
         <path>C:\ti\ti_cgt_arm_llvm_3.2.2.LTS\lib\armv7r-ti-none-eabihf\c\</path>
         <kind>archive</kind>
         <file>libsysbm.a</file>
         <name>host_device.c.obj</name>
      </input_file>
      <input_file id="fl-f2">
         <path>C:\ti\ti_cgt_arm_llvm_3.2.2.LTS\lib\armv7r-ti-none-eabihf\c\</path>
         <kind>archive</kind>
         <file>libsysbm.a</file>
         <name>remove.c.obj</name>
      </input_file>
      <input_file id="fl-f3">
         <path>C:\ti\ti_cgt_arm_llvm_3.2.2.LTS\lib\armv7r-ti-none-eabihf\c\</path>
         <kind>archive</kind>
         <file>libsysbm.a</file>
         <name>open.c.obj</name>
      </input_file>
      <input_file id="fl-f4">
         <path>C:\ti\ti_cgt_arm_llvm_3.2.2.LTS\lib\armv7r-ti-none-eabihf\c\</path>
         <kind>archive</kind>
         <file>libsysbm.a</file>
         <name>lseek.c.obj</name>
      </input_file>
      <input_file id="fl-f5">
         <path>C:\ti\ti_cgt_arm_llvm_3.2.2.LTS\lib\armv7r-ti-none-eabihf\c\</path>
         <kind>archive</kind>
         <file>libsysbm.a</file>
         <name>close.c.obj</name>
      </input_file>
      <input_file id="fl-f6">
         <path>C:\ti\ti_cgt_arm_llvm_3.2.2.LTS\lib\armv7r-ti-none-eabihf\c\</path>
         <kind>archive</kind>
         <file>libsysbm.a</file>
         <name>unlink.c.obj</name>
      </input_file>
      <input_file id="fl-f7">
         <path>C:\ti\ti_cgt_arm_llvm_3.2.2.LTS\lib\armv7r-ti-none-eabihf\c\</path>
         <kind>archive</kind>
         <file>libsysbm.a</file>
         <name>hostclose.c.obj</name>
      </input_file>
      <input_file id="fl-f8">
         <path>C:\ti\ti_cgt_arm_llvm_3.2.2.LTS\lib\armv7r-ti-none-eabihf\c\</path>
         <kind>archive</kind>
         <file>libsysbm.a</file>
         <name>hostlseek.c.obj</name>
      </input_file>
      <input_file id="fl-f9">
         <path>C:\ti\ti_cgt_arm_llvm_3.2.2.LTS\lib\armv7r-ti-none-eabihf\c\</path>
         <kind>archive</kind>
         <file>libsysbm.a</file>
         <name>hostopen.c.obj</name>
      </input_file>
      <input_file id="fl-fa">
         <path>C:\ti\ti_cgt_arm_llvm_3.2.2.LTS\lib\armv7r-ti-none-eabihf\c\</path>
         <kind>archive</kind>
         <file>libsysbm.a</file>
         <name>hostread.c.obj</name>
      </input_file>
      <input_file id="fl-fb">
         <path>C:\ti\ti_cgt_arm_llvm_3.2.2.LTS\lib\armv7r-ti-none-eabihf\c\</path>
         <kind>archive</kind>
         <file>libsysbm.a</file>
         <name>hostrename.c.obj</name>
      </input_file>
      <input_file id="fl-fc">
         <path>C:\ti\ti_cgt_arm_llvm_3.2.2.LTS\lib\armv7r-ti-none-eabihf\c\</path>
         <kind>archive</kind>
         <file>libsysbm.a</file>
         <name>hostunlink.c.obj</name>
      </input_file>
      <input_file id="fl-fd">
         <path>C:\ti\ti_cgt_arm_llvm_3.2.2.LTS\lib\armv7r-ti-none-eabihf\c\</path>
         <kind>archive</kind>
         <file>libsysbm.a</file>
         <name>hostwrite.c.obj</name>
      </input_file>
      <input_file id="fl-fe">
         <path>C:\ti\ti_cgt_arm_llvm_3.2.2.LTS\lib\armv7r-ti-none-eabihf\c\</path>
         <kind>archive</kind>
         <file>libsysbm.a</file>
         <name>trgmsg.c.obj</name>
      </input_file>
      <input_file id="fl-ff">
         <path>C:\ti\ti_cgt_arm_llvm_3.2.2.LTS\lib\clang\15.0.7\lib\armv7r-ti-none-eabihf\</path>
         <kind>archive</kind>
         <file>libclang_rt.builtins.a</file>
         <name>divsi3.S.obj</name>
      </input_file>
      <input_file id="fl-100">
         <path>C:\ti\ti_cgt_arm_llvm_3.2.2.LTS\lib\clang\15.0.7\lib\armv7r-ti-none-eabihf\</path>
         <kind>archive</kind>
         <file>libclang_rt.builtins.a</file>
         <name>udivsi3.S.obj</name>
      </input_file>
      <input_file id="fl-101">
         <path>C:\ti\ti_cgt_arm_llvm_3.2.2.LTS\lib\clang\15.0.7\lib\armv7r-ti-none-eabihf\</path>
         <kind>archive</kind>
         <file>libclang_rt.builtins.a</file>
         <name>ashldi3.S.obj</name>
      </input_file>
      <input_file id="fl-102">
         <path>C:\ti\ti_cgt_arm_llvm_3.2.2.LTS\lib\clang\15.0.7\lib\armv7r-ti-none-eabihf\</path>
         <kind>archive</kind>
         <file>libclang_rt.builtins.a</file>
         <name>floatundisf.S.obj</name>
      </input_file>
      <input_file id="fl-103">
         <path>C:\ti\ti_cgt_arm_llvm_3.2.2.LTS\lib\clang\15.0.7\lib\armv7r-ti-none-eabihf\</path>
         <kind>archive</kind>
         <file>libclang_rt.builtins.a</file>
         <name>lshrdi3.S.obj</name>
      </input_file>
      <input_file id="fl-104">
         <path>C:\ti\ti_cgt_arm_llvm_3.2.2.LTS\lib\clang\15.0.7\lib\armv7r-ti-none-eabihf\</path>
         <kind>archive</kind>
         <file>libclang_rt.builtins.a</file>
         <name>aeabi_div0.c.obj</name>
      </input_file>
      <input_file id="fl-105">
         <path>C:\ti\ti_cgt_arm_llvm_3.2.2.LTS\lib\clang\15.0.7\lib\armv7r-ti-none-eabihf\</path>
         <kind>archive</kind>
         <file>libclang_rt.builtins.a</file>
         <name>aeabi_memcpy.S.obj</name>
      </input_file>
      <input_file id="fl-106">
         <path>C:\ti\ti_cgt_arm_llvm_3.2.2.LTS\lib\clang\15.0.7\lib\armv7r-ti-none-eabihf\</path>
         <kind>archive</kind>
         <file>libclang_rt.builtins.a</file>
         <name>aeabi_memset.S.obj</name>
      </input_file>
      <input_file id="fl-107">
         <path>C:\ti\ti_cgt_arm_llvm_3.2.2.LTS\lib\clang\15.0.7\lib\armv7r-ti-none-eabihf\</path>
         <kind>archive</kind>
         <file>libclang_rt.builtins.a</file>
         <name>aeabi_uldivmod.S.obj</name>
      </input_file>
      <input_file id="fl-108">
         <path>C:\ti\ti_cgt_arm_llvm_3.2.2.LTS\lib\clang\15.0.7\lib\armv7r-ti-none-eabihf\</path>
         <kind>archive</kind>
         <file>libclang_rt.builtins.a</file>
         <name>udivmoddi4.S.obj</name>
      </input_file>
      <input_file id="fl-109">
         <path>C:\ti\ti_cgt_arm_llvm_3.2.2.LTS\lib\armv7r-ti-none-eabihf\c\</path>
         <kind>archive</kind>
         <file>libc.a</file>
         <name>getdevice.c.obj</name>
      </input_file>
      <input_file id="fl-10a">
         <path>C:\ti\ti_cgt_arm_llvm_3.2.2.LTS\lib\armv7r-ti-none-eabihf\c\</path>
         <kind>archive</kind>
         <file>libc.a</file>
         <name>memcpy32.S.obj</name>
      </input_file>
      <input_file id="fl-10b">
         <path>C:\ti\ti_cgt_arm_llvm_3.2.2.LTS\lib\armv7r-ti-none-eabihf\c\</path>
         <kind>archive</kind>
         <file>libc.a</file>
         <name>memset32.S.obj</name>
      </input_file>
      <input_file id="fl-10c">
         <path>C:\ti\ti_cgt_arm_llvm_3.2.2.LTS\lib\armv7r-ti-none-eabihf\c\</path>
         <kind>archive</kind>
         <file>libc.a</file>
         <name>strcmp32.S.obj</name>
      </input_file>
      <input_file id="fl-10d">
         <path>C:\ti\motor_control_sdk_am243x_09_02_00_12\mcu_plus_sdk\source\kernel\nortos\lib\</path>
         <kind>archive</kind>
         <file>nortos.am243x.r5f.ti-arm-clang.release.lib</file>
         <name>CpuId_armv7r.obj</name>
      </input_file>
      <input_file id="fl-10e">
         <path>C:\ti\motor_control_sdk_am243x_09_02_00_12\mcu_plus_sdk\source\kernel\nortos\lib\</path>
         <kind>archive</kind>
         <file>nortos.am243x.r5f.ti-arm-clang.release.lib</file>
         <name>CpuId_armv7r_asm.obj</name>
      </input_file>
      <input_file id="fl-10f">
         <path>C:\ti\motor_control_sdk_am243x_09_02_00_12\mcu_plus_sdk\source\drivers\lib\</path>
         <kind>archive</kind>
         <file>drivers.am243x.r5f.ti-arm-clang.release.lib</file>
         <name>i2c_v0.obj</name>
      </input_file>
      <input_file id="fl-110">
         <path>C:\ti\motor_control_sdk_am243x_09_02_00_12\mcu_plus_sdk\source\drivers\lib\</path>
         <kind>archive</kind>
         <file>drivers.am243x.r5f.ti-arm-clang.release.lib</file>
         <name>i2c_v0_lld.obj</name>
      </input_file>
   </input_file_list>
   <object_component_list>
      <object_component id="oc-34">
         <name>.vectors</name>
         <load_address>0x0</load_address>
         <readonly>true</readonly>
         <executable>true</executable>
         <run_address>0x0</run_address>
         <size>0x40</size>
         <alignment>0x4</alignment>
         <input_file_ref idref="fl-44"/>
      </object_component>
      <object_component id="oc-7a">
         <name>.text.hwi</name>
         <load_address>0x701627d8</load_address>
         <readonly>true</readonly>
         <executable>true</executable>
         <run_address>0x701627d8</run_address>
         <size>0x408</size>
         <alignment>0x2</alignment>
         <input_file_ref idref="fl-3c"/>
      </object_component>
      <object_component id="oc-59">
         <name>.text.hwi</name>
         <load_address>0x70162be0</load_address>
         <readonly>true</readonly>
         <executable>true</executable>
         <run_address>0x70162be0</run_address>
         <size>0x220</size>
         <alignment>0x2</alignment>
         <input_file_ref idref="fl-3d"/>
      </object_component>
      <object_component id="oc-5d">
         <name>.text.hwi</name>
         <load_address>0x70162e00</load_address>
         <readonly>true</readonly>
         <executable>true</executable>
         <run_address>0x70162e00</run_address>
         <size>0xc0</size>
         <alignment>0x4</alignment>
         <input_file_ref idref="fl-43"/>
      </object_component>
      <object_component id="oc-7f">
         <name>.text.hwi</name>
         <load_address>0x70162ec0</load_address>
         <readonly>true</readonly>
         <executable>true</executable>
         <run_address>0x70162ec0</run_address>
         <size>0x70</size>
         <alignment>0x4</alignment>
         <input_file_ref idref="fl-46"/>
      </object_component>
      <object_component id="oc-60d">
         <name>.tramp.HwiP_enableFIQ.1</name>
         <load_address>0x70162f30</load_address>
         <readonly>true</readonly>
         <executable>true</executable>
         <run_address>0x70162f30</run_address>
         <size>0x8</size>
         <alignment>0x4</alignment>
         <input_file_ref idref="fl-46"/>
      </object_component>
      <object_component id="oc-d1">
         <name>.text.cache</name>
         <load_address>0x70162f38</load_address>
         <readonly>true</readonly>
         <executable>true</executable>
         <run_address>0x70162f38</run_address>
         <size>0x340</size>
         <alignment>0x4</alignment>
         <input_file_ref idref="fl-48"/>
      </object_component>
      <object_component id="oc-8c">
         <name>.text.cache</name>
         <load_address>0x70163278</load_address>
         <readonly>true</readonly>
         <executable>true</executable>
         <run_address>0x70163278</run_address>
         <size>0xd8</size>
         <alignment>0x2</alignment>
         <input_file_ref idref="fl-3f"/>
      </object_component>
      <object_component id="oc-610">
         <name>.tramp.CacheP_invL1d.1</name>
         <load_address>0x70163350</load_address>
         <readonly>true</readonly>
         <executable>true</executable>
         <run_address>0x70163350</run_address>
         <size>0x8</size>
         <alignment>0x4</alignment>
         <input_file_ref idref="fl-48"/>
      </object_component>
      <object_component id="oc-60f">
         <name>.tramp.CacheP_enableL1p.1</name>
         <load_address>0x70163358</load_address>
         <readonly>true</readonly>
         <executable>true</executable>
         <run_address>0x70163358</run_address>
         <size>0x8</size>
         <alignment>0x4</alignment>
         <input_file_ref idref="fl-48"/>
      </object_component>
      <object_component id="oc-60e">
         <name>.tramp.HwiP_restore.2</name>
         <load_address>0x70163360</load_address>
         <readonly>true</readonly>
         <executable>true</executable>
         <run_address>0x70163360</run_address>
         <size>0x8</size>
         <alignment>0x4</alignment>
         <input_file_ref idref="fl-46"/>
      </object_component>
      <object_component id="oc-88">
         <name>.text.mpu</name>
         <load_address>0x70163368</load_address>
         <readonly>true</readonly>
         <executable>true</executable>
         <run_address>0x70163368</run_address>
         <size>0x18e</size>
         <alignment>0x2</alignment>
         <input_file_ref idref="fl-3e"/>
      </object_component>
      <object_component id="oc-cd">
         <name>.text.mpu</name>
         <load_address>0x701634f8</load_address>
         <readonly>true</readonly>
         <executable>true</executable>
         <run_address>0x701634f8</run_address>
         <size>0x78</size>
         <alignment>0x4</alignment>
         <input_file_ref idref="fl-47"/>
      </object_component>
      <object_component id="oc-612">
         <name>.tramp.HwiP_restore.3</name>
         <load_address>0x70163570</load_address>
         <readonly>true</readonly>
         <executable>true</executable>
         <run_address>0x70163570</run_address>
         <size>0x8</size>
         <alignment>0x4</alignment>
         <input_file_ref idref="fl-46"/>
      </object_component>
      <object_component id="oc-611">
         <name>.tramp.MpuP_isEnableAsm.1</name>
         <load_address>0x70163578</load_address>
         <readonly>true</readonly>
         <executable>true</executable>
         <run_address>0x70163578</run_address>
         <size>0x8</size>
         <alignment>0x4</alignment>
         <input_file_ref idref="fl-47"/>
      </object_component>
      <object_component id="oc-55">
         <name>.text.boot</name>
         <load_address>0x70163580</load_address>
         <readonly>true</readonly>
         <executable>true</executable>
         <run_address>0x70163580</run_address>
         <size>0xfc</size>
         <alignment>0x4</alignment>
         <input_file_ref idref="fl-45"/>
      </object_component>
      <object_component id="oc-c5">
         <name>.text.boot</name>
         <load_address>0x7016367c</load_address>
         <readonly>true</readonly>
         <executable>true</executable>
         <run_address>0x7016367c</run_address>
         <size>0x1e</size>
         <alignment>0x2</alignment>
         <input_file_ref idref="fl-36"/>
      </object_component>
      <object_component id="oc-67">
         <name>.text.boot</name>
         <load_address>0x7016369a</load_address>
         <readonly>true</readonly>
         <executable>true</executable>
         <run_address>0x7016369a</run_address>
         <size>0xe</size>
         <alignment>0x2</alignment>
         <input_file_ref idref="fl-3"/>
      </object_component>
      <object_component id="oc-bc">
         <name>.text:abort</name>
         <load_address>0x701636a8</load_address>
         <readonly>true</readonly>
         <executable>true</executable>
         <run_address>0x701636a8</run_address>
         <size>0x8</size>
         <alignment>0x4</alignment>
         <input_file_ref idref="fl-d9"/>
      </object_component>
      <object_component id="oc-407">
         <name>.text.endat_command_build</name>
         <load_address>0x70140000</load_address>
         <readonly>true</readonly>
         <executable>true</executable>
         <run_address>0x70140000</run_address>
         <size>0x6fe</size>
         <alignment>0x4</alignment>
         <input_file_ref idref="fl-70"/>
      </object_component>
      <object_component id="oc-b8">
         <name>.text.Board_deinit</name>
         <load_address>0x701406fe</load_address>
         <readonly>true</readonly>
         <executable>true</executable>
         <run_address>0x701406fe</run_address>
         <size>0x2</size>
         <alignment>0x2</alignment>
         <input_file_ref idref="fl-8"/>
      </object_component>
      <object_component id="oc-366">
         <name>.text._vsnprintf</name>
         <load_address>0x70140700</load_address>
         <readonly>true</readonly>
         <executable>true</executable>
         <run_address>0x70140700</run_address>
         <size>0x598</size>
         <alignment>0x4</alignment>
         <input_file_ref idref="fl-40"/>
      </object_component>
      <object_component id="oc-1f2">
         <name>.text.init_encoder</name>
         <load_address>0x70140c98</load_address>
         <readonly>true</readonly>
         <executable>true</executable>
         <run_address>0x70140c98</run_address>
         <size>0x56c</size>
         <alignment>0x4</alignment>
         <input_file_ref idref="fl-12"/>
      </object_component>
      <object_component id="oc-43a">
         <name>.text.Sciclient_rmIrqFindRoute</name>
         <load_address>0x70141204</load_address>
         <readonly>true</readonly>
         <executable>true</executable>
         <run_address>0x70141204</run_address>
         <size>0x560</size>
         <alignment>0x4</alignment>
         <input_file_ref idref="fl-69"/>
      </object_component>
      <object_component id="oc-4e3">
         <name>.text.Udma_chDisable</name>
         <load_address>0x70141764</load_address>
         <readonly>true</readonly>
         <executable>true</executable>
         <run_address>0x70141764</run_address>
         <size>0x50c</size>
         <alignment>0x4</alignment>
         <input_file_ref idref="fl-5b"/>
      </object_component>
      <object_component id="oc-5bd">
         <name>.text.CSL_bcdmaChanOp</name>
         <load_address>0x70141c70</load_address>
         <readonly>true</readonly>
         <executable>true</executable>
         <run_address>0x70141c70</run_address>
         <size>0x424</size>
         <alignment>0x4</alignment>
         <input_file_ref idref="fl-63"/>
      </object_component>
      <object_component id="oc-1e2">
         <name>.text.Udma_eventRegister</name>
         <load_address>0x70142094</load_address>
         <readonly>true</readonly>
         <executable>true</executable>
         <run_address>0x70142094</run_address>
         <size>0x3ec</size>
         <alignment>0x4</alignment>
         <input_file_ref idref="fl-5c"/>
      </object_component>
      <object_component id="oc-2ff">
         <name>.text.endat_recvd_process</name>
         <load_address>0x70142480</load_address>
         <readonly>true</readonly>
         <executable>true</executable>
         <run_address>0x70142480</run_address>
         <size>0x3d4</size>
         <alignment>0x4</alignment>
         <input_file_ref idref="fl-70"/>
      </object_component>
      <object_component id="oc-4d7">
         <name>.text.Udma_chOpen</name>
         <load_address>0x70142854</load_address>
         <readonly>true</readonly>
         <executable>true</executable>
         <run_address>0x70142854</run_address>
         <size>0x3b0</size>
         <alignment>0x4</alignment>
         <input_file_ref idref="fl-5b"/>
      </object_component>
      <object_component id="oc-129">
         <name>.text.Board_driversOpen</name>
         <load_address>0x70142c04</load_address>
         <readonly>true</readonly>
         <executable>true</executable>
         <run_address>0x70142c04</run_address>
         <size>0x4</size>
         <alignment>0x2</alignment>
         <input_file_ref idref="fl-9"/>
      </object_component>
      <object_component id="oc-42b">
         <name>.text._ftoa</name>
         <load_address>0x70142c08</load_address>
         <readonly>true</readonly>
         <executable>true</executable>
         <run_address>0x70142c08</run_address>
         <size>0x398</size>
         <alignment>0x8</alignment>
         <input_file_ref idref="fl-40"/>
      </object_component>
      <object_component id="oc-2e2">
         <name>.text.endat_get_encoder_info</name>
         <load_address>0x70142fa0</load_address>
         <readonly>true</readonly>
         <executable>true</executable>
         <run_address>0x70142fa0</run_address>
         <size>0x31a</size>
         <alignment>0x2</alignment>
         <input_file_ref idref="fl-70"/>
      </object_component>
      <object_component id="oc-52d">
         <name>.text.CSL_pktdmaTeardownRxChan</name>
         <load_address>0x701432ba</load_address>
         <readonly>true</readonly>
         <executable>true</executable>
         <run_address>0x701432ba</run_address>
         <size>0x6</size>
         <alignment>0x2</alignment>
         <input_file_ref idref="fl-66"/>
      </object_component>
      <object_component id="oc-42c">
         <name>.text._etoa</name>
         <load_address>0x701432c0</load_address>
         <readonly>true</readonly>
         <executable>true</executable>
         <run_address>0x701432c0</run_address>
         <size>0x310</size>
         <alignment>0x8</alignment>
         <input_file_ref idref="fl-40"/>
      </object_component>
      <object_component id="oc-107">
         <name>.text.IpcNotify_init</name>
         <load_address>0x701435d0</load_address>
         <readonly>true</readonly>
         <executable>true</executable>
         <run_address>0x701435d0</run_address>
         <size>0x2f0</size>
         <alignment>0x4</alignment>
         <input_file_ref idref="fl-4d"/>
      </object_component>
      <object_component id="oc-1d7">
         <name>.text.Udma_rmInit</name>
         <load_address>0x701438c0</load_address>
         <readonly>true</readonly>
         <executable>true</executable>
         <run_address>0x701438c0</run_address>
         <size>0x2e8</size>
         <alignment>0x2</alignment>
         <input_file_ref idref="fl-5f"/>
      </object_component>
      <object_component id="oc-224">
         <name>.text.Sciclient_service</name>
         <load_address>0x70143ba8</load_address>
         <readonly>true</readonly>
         <executable>true</executable>
         <run_address>0x70143ba8</run_address>
         <size>0x2dc</size>
         <alignment>0x4</alignment>
         <input_file_ref idref="fl-55"/>
      </object_component>
      <object_component id="oc-2df">
         <name>.text.endat_init_clock</name>
         <load_address>0x70143e84</load_address>
         <readonly>true</readonly>
         <executable>true</executable>
         <run_address>0x70143e84</run_address>
         <size>0x2d8</size>
         <alignment>0x4</alignment>
         <input_file_ref idref="fl-12"/>
      </object_component>
      <object_component id="oc-48d">
         <name>.text.Sciclient_rmIrqGetRoute</name>
         <load_address>0x7014415c</load_address>
         <readonly>true</readonly>
         <executable>true</executable>
         <run_address>0x7014415c</run_address>
         <size>0x298</size>
         <alignment>0x4</alignment>
         <input_file_ref idref="fl-69"/>
      </object_component>
      <object_component id="oc-2a0">
         <name>.text.MCSPI_open</name>
         <load_address>0x701443f4</load_address>
         <readonly>true</readonly>
         <executable>true</executable>
         <run_address>0x701443f4</run_address>
         <size>0x294</size>
         <alignment>0x4</alignment>
         <input_file_ref idref="fl-4f"/>
      </object_component>
      <object_component id="oc-1cd">
         <name>.text.UdmaRmInitPrms_init</name>
         <load_address>0x70144688</load_address>
         <readonly>true</readonly>
         <executable>true</executable>
         <run_address>0x70144688</run_address>
         <size>0x282</size>
         <alignment>0x2</alignment>
         <input_file_ref idref="fl-60"/>
      </object_component>
      <object_component id="oc-12f">
         <name>.text.Board_driversClose</name>
         <load_address>0x7014490a</load_address>
         <readonly>true</readonly>
         <executable>true</executable>
         <run_address>0x7014490a</run_address>
         <size>0x2</size>
         <alignment>0x2</alignment>
         <input_file_ref idref="fl-9"/>
      </object_component>
      <object_component id="oc-412">
         <name>.text.PRUICSS_intcInit</name>
         <load_address>0x7014490c</load_address>
         <readonly>true</readonly>
         <executable>true</executable>
         <run_address>0x7014490c</run_address>
         <size>0x244</size>
         <alignment>0x4</alignment>
         <input_file_ref idref="fl-53"/>
      </object_component>
      <object_component id="oc-1d1">
         <name>.text.Udma_initDrvHandle</name>
         <load_address>0x70144b50</load_address>
         <readonly>true</readonly>
         <executable>true</executable>
         <run_address>0x70144b50</run_address>
         <size>0x244</size>
         <alignment>0x4</alignment>
         <input_file_ref idref="fl-61"/>
      </object_component>
      <object_component id="oc-1f1">
         <name>.text.init_pwms</name>
         <load_address>0x70144d94</load_address>
         <readonly>true</readonly>
         <executable>true</executable>
         <run_address>0x70144d94</run_address>
         <size>0x234</size>
         <alignment>0x2</alignment>
         <input_file_ref idref="fl-12"/>
      </object_component>
      <object_component id="oc-3ab">
         <name>.text.MCSPI_lld_controllerIsr</name>
         <load_address>0x70144fc8</load_address>
         <readonly>true</readonly>
         <executable>true</executable>
         <run_address>0x70144fc8</run_address>
         <size>0x1f8</size>
         <alignment>0x4</alignment>
         <input_file_ref idref="fl-50"/>
      </object_component>
      <object_component id="oc-1fd">
         <name>.text.Udma_eventUnRegister</name>
         <load_address>0x701451c0</load_address>
         <readonly>true</readonly>
         <executable>true</executable>
         <run_address>0x701451c0</run_address>
         <size>0x1ec</size>
         <alignment>0x4</alignment>
         <input_file_ref idref="fl-5c"/>
      </object_component>
      <object_component id="oc-23e">
         <name>.text.ClockP_getTimerCount</name>
         <load_address>0x701453ac</load_address>
         <readonly>true</readonly>
         <executable>true</executable>
         <run_address>0x701453ac</run_address>
         <size>0x4</size>
         <alignment>0x2</alignment>
         <input_file_ref idref="fl-3a"/>
      </object_component>
      <object_component id="oc-401">
         <name>.text.log2</name>
         <load_address>0x701453b0</load_address>
         <readonly>true</readonly>
         <executable>true</executable>
         <run_address>0x701453b0</run_address>
         <size>0x1e4</size>
         <alignment>0x8</alignment>
         <input_file_ref idref="fl-d7"/>
      </object_component>
      <object_component id="oc-393">
         <name>.text.Sciclient_rmProgramInterruptRoute</name>
         <load_address>0x70145594</load_address>
         <readonly>true</readonly>
         <executable>true</executable>
         <run_address>0x70145594</run_address>
         <size>0x1dc</size>
         <alignment>0x4</alignment>
         <input_file_ref idref="fl-69"/>
      </object_component>
      <object_component id="oc-2de">
         <name>.text.endat_pruss_load_run_fw</name>
         <load_address>0x70145770</load_address>
         <readonly>true</readonly>
         <executable>true</executable>
         <run_address>0x70145770</run_address>
         <size>0x1dc</size>
         <alignment>0x2</alignment>
         <input_file_ref idref="fl-12"/>
      </object_component>
      <object_component id="oc-217">
         <name>.text.TimerP_setup</name>
         <load_address>0x7014594c</load_address>
         <readonly>true</readonly>
         <executable>true</executable>
         <run_address>0x7014594c</run_address>
         <size>0x1c0</size>
         <alignment>0x2</alignment>
         <input_file_ref idref="fl-3b"/>
      </object_component>
      <object_component id="oc-44a">
         <name>.text.MCSPI_lld_chConfig</name>
         <load_address>0x70145b0c</load_address>
         <readonly>true</readonly>
         <executable>true</executable>
         <run_address>0x70145b0c</run_address>
         <size>0x1ac</size>
         <alignment>0x4</alignment>
         <input_file_ref idref="fl-50"/>
      </object_component>
      <object_component id="oc-41f">
         <name>.text.Sciclient_rmClearInterruptRoute</name>
         <load_address>0x70145cb8</load_address>
         <readonly>true</readonly>
         <executable>true</executable>
         <run_address>0x70145cb8</run_address>
         <size>0x1a4</size>
         <alignment>0x4</alignment>
         <input_file_ref idref="fl-69"/>
      </object_component>
      <object_component id="oc-50e">
         <name>.text.Udma_ringAlloc</name>
         <load_address>0x70145e5c</load_address>
         <readonly>true</readonly>
         <executable>true</executable>
         <run_address>0x70145e5c</run_address>
         <size>0x194</size>
         <alignment>0x4</alignment>
         <input_file_ref idref="fl-5e"/>
      </object_component>
      <object_component id="oc-4de">
         <name>.text.MCSPI_udmaIsrTx</name>
         <load_address>0x70145ff0</load_address>
         <readonly>true</readonly>
         <executable>true</executable>
         <run_address>0x70145ff0</run_address>
         <size>0x180</size>
         <alignment>0x4</alignment>
         <input_file_ref idref="fl-51"/>
      </object_component>
      <object_component id="oc-418">
         <name>.text.initSddf</name>
         <load_address>0x70146170</load_address>
         <readonly>true</readonly>
         <executable>true</executable>
         <run_address>0x70146170</run_address>
         <size>0x17a</size>
         <alignment>0x2</alignment>
         <input_file_ref idref="fl-11"/>
      </object_component>
      <object_component id="oc-496">
         <name>.text._ntoa_format</name>
         <load_address>0x701462ea</load_address>
         <readonly>true</readonly>
         <executable>true</executable>
         <run_address>0x701462ea</run_address>
         <size>0x152</size>
         <alignment>0x2</alignment>
         <input_file_ref idref="fl-40"/>
      </object_component>
      <object_component id="oc-4e2">
         <name>.text.MCSPI_udmaIsrRx</name>
         <load_address>0x7014643c</load_address>
         <readonly>true</readonly>
         <executable>true</executable>
         <run_address>0x7014643c</run_address>
         <size>0x150</size>
         <alignment>0x4</alignment>
         <input_file_ref idref="fl-51"/>
      </object_component>
      <object_component id="oc-318">
         <name>.text.rtuSddfIrqHandler</name>
         <load_address>0x7014658c</load_address>
         <readonly>true</readonly>
         <executable>true</executable>
         <run_address>0x7014658c</run_address>
         <size>0x14c</size>
         <alignment>0x4</alignment>
         <input_file_ref idref="fl-12"/>
      </object_component>
      <object_component id="oc-4e0">
         <name>.text.Udma_chConfigRx</name>
         <load_address>0x701466d8</load_address>
         <readonly>true</readonly>
         <executable>true</executable>
         <run_address>0x701466d8</run_address>
         <size>0x138</size>
         <alignment>0x4</alignment>
         <input_file_ref idref="fl-5b"/>
      </object_component>
      <object_component id="oc-230">
         <name>.text.SOC_moduleSetClockFrequency</name>
         <load_address>0x70146810</load_address>
         <readonly>true</readonly>
         <executable>true</executable>
         <run_address>0x70146810</run_address>
         <size>0x12c</size>
         <alignment>0x2</alignment>
         <input_file_ref idref="fl-59"/>
      </object_component>
      <object_component id="oc-40c">
         <name>.text.endat_config_iep</name>
         <load_address>0x7014693c</load_address>
         <readonly>true</readonly>
         <executable>true</executable>
         <run_address>0x7014693c</run_address>
         <size>0x128</size>
         <alignment>0x2</alignment>
         <input_file_ref idref="fl-1"/>
      </object_component>
      <object_component id="oc-2b2">
         <name>.text.App_epwmConfig</name>
         <load_address>0x70146a64</load_address>
         <readonly>true</readonly>
         <executable>true</executable>
         <run_address>0x70146a64</run_address>
         <size>0x120</size>
         <alignment>0x2</alignment>
         <input_file_ref idref="fl-10"/>
      </object_component>
      <object_component id="oc-228">
         <name>.text</name>
         <load_address>0x70146b84</load_address>
         <readonly>true</readonly>
         <executable>true</executable>
         <run_address>0x70146b84</run_address>
         <size>0x118</size>
         <alignment>0x4</alignment>
         <input_file_ref idref="fl-108"/>
      </object_component>
      <object_component id="oc-1fe">
         <name>.text.Udma_rmDeinit</name>
         <load_address>0x70146c9c</load_address>
         <readonly>true</readonly>
         <executable>true</executable>
         <run_address>0x70146c9c</run_address>
         <size>0x110</size>
         <alignment>0x4</alignment>
         <input_file_ref idref="fl-5f"/>
      </object_component>
      <object_component id="oc-1f3">
         <name>.text.init_sddf</name>
         <load_address>0x70146dac</load_address>
         <readonly>true</readonly>
         <executable>true</executable>
         <run_address>0x70146dac</run_address>
         <size>0x10a</size>
         <alignment>0x2</alignment>
         <input_file_ref idref="fl-12"/>
      </object_component>
      <object_component id="oc-ad">
         <name>.text.Board_init</name>
         <load_address>0x70146eb6</load_address>
         <readonly>true</readonly>
         <executable>true</executable>
         <run_address>0x70146eb6</run_address>
         <size>0x2</size>
         <alignment>0x2</alignment>
         <input_file_ref idref="fl-8"/>
      </object_component>
      <object_component id="oc-48e">
         <name>.text.Sciclient_rmIrqDeleteRoute</name>
         <load_address>0x70146eb8</load_address>
         <readonly>true</readonly>
         <executable>true</executable>
         <run_address>0x70146eb8</run_address>
         <size>0x108</size>
         <alignment>0x4</alignment>
         <input_file_ref idref="fl-69"/>
      </object_component>
      <object_component id="oc-43d">
         <name>.text.Sciclient_rmIrqProgramRoute</name>
         <load_address>0x70146fc0</load_address>
         <readonly>true</readonly>
         <executable>true</executable>
         <run_address>0x70146fc0</run_address>
         <size>0x108</size>
         <alignment>0x4</alignment>
         <input_file_ref idref="fl-69"/>
      </object_component>
      <object_component id="oc-457">
         <name>.text.MCSPI_continuePeripheralTxRx</name>
         <load_address>0x701470c8</load_address>
         <readonly>true</readonly>
         <executable>true</executable>
         <run_address>0x701470c8</run_address>
         <size>0x106</size>
         <alignment>0x2</alignment>
         <input_file_ref idref="fl-50"/>
      </object_component>
      <object_component id="oc-156">
         <name>.text.ClockP_init</name>
         <load_address>0x701471ce</load_address>
         <readonly>true</readonly>
         <executable>true</executable>
         <run_address>0x701471ce</run_address>
         <size>0x102</size>
         <alignment>0x2</alignment>
         <input_file_ref idref="fl-3a"/>
      </object_component>
      <object_component id="oc-2a3">
         <name>.text.MCSPI_close</name>
         <load_address>0x701472d0</load_address>
         <readonly>true</readonly>
         <executable>true</executable>
         <run_address>0x701472d0</run_address>
         <size>0x100</size>
         <alignment>0x4</alignment>
         <input_file_ref idref="fl-4f"/>
      </object_component>
      <object_component id="oc-1a5">
         <name>.text.IpcNotify_isr</name>
         <load_address>0x701473d0</load_address>
         <readonly>true</readonly>
         <executable>true</executable>
         <run_address>0x701473d0</run_address>
         <size>0xfc</size>
         <alignment>0x4</alignment>
         <input_file_ref idref="fl-4d"/>
      </object_component>
      <object_component id="oc-25b">
         <name>.text.Udma_rmSetSharedResRmInitPrms</name>
         <load_address>0x701474cc</load_address>
         <readonly>true</readonly>
         <executable>true</executable>
         <run_address>0x701474cc</run_address>
         <size>0xf8</size>
         <alignment>0x4</alignment>
         <input_file_ref idref="fl-5f"/>
      </object_component>
      <object_component id="oc-510">
         <name>.text.Udma_chFreeResource</name>
         <load_address>0x701475c4</load_address>
         <readonly>true</readonly>
         <executable>true</executable>
         <run_address>0x701475c4</run_address>
         <size>0xf0</size>
         <alignment>0x4</alignment>
         <input_file_ref idref="fl-5b"/>
      </object_component>
      <object_component id="oc-520">
         <name>.text.Udma_flowConfig</name>
         <load_address>0x701476b4</load_address>
         <readonly>true</readonly>
         <executable>true</executable>
         <run_address>0x701476b4</run_address>
         <size>0xf0</size>
         <alignment>0x4</alignment>
         <input_file_ref idref="fl-5d"/>
      </object_component>
      <object_component id="oc-398">
         <name>.text.MCSPI_lld_initDma</name>
         <load_address>0x701477a4</load_address>
         <readonly>true</readonly>
         <executable>true</executable>
         <run_address>0x701477a4</run_address>
         <size>0xe4</size>
         <alignment>0x2</alignment>
         <input_file_ref idref="fl-50"/>
      </object_component>
      <object_component id="oc-4ac">
         <name>.text.MCSPI_udmaInitRxCh</name>
         <load_address>0x70147888</load_address>
         <readonly>true</readonly>
         <executable>true</executable>
         <run_address>0x70147888</run_address>
         <size>0xe0</size>
         <alignment>0x4</alignment>
         <input_file_ref idref="fl-51"/>
      </object_component>
      <object_component id="oc-4ab">
         <name>.text.MCSPI_udmaInitTxCh</name>
         <load_address>0x70147968</load_address>
         <readonly>true</readonly>
         <executable>true</executable>
         <run_address>0x70147968</run_address>
         <size>0xe0</size>
         <alignment>0x4</alignment>
         <input_file_ref idref="fl-51"/>
      </object_component>
      <object_component id="oc-311">
         <name>.text.initIcss</name>
         <load_address>0x70147a48</load_address>
         <readonly>true</readonly>
         <executable>true</executable>
         <run_address>0x70147a48</run_address>
         <size>0xe0</size>
         <alignment>0x2</alignment>
         <input_file_ref idref="fl-11"/>
      </object_component>
      <object_component id="oc-a7">
         <name>.text.System_init</name>
         <load_address>0x70147b28</load_address>
         <readonly>true</readonly>
         <executable>true</executable>
         <run_address>0x70147b28</run_address>
         <size>0xd6</size>
         <alignment>0x2</alignment>
         <input_file_ref idref="fl-4"/>
      </object_component>
      <object_component id="oc-139">
         <name>.text.Dpl_deinit</name>
         <load_address>0x70147bfe</load_address>
         <readonly>true</readonly>
         <executable>true</executable>
         <run_address>0x70147bfe</run_address>
         <size>0x2</size>
         <alignment>0x2</alignment>
         <input_file_ref idref="fl-3"/>
      </object_component>
      <object_component id="oc-4d9">
         <name>.text.Udma_chConfigTx</name>
         <load_address>0x70147c00</load_address>
         <readonly>true</readonly>
         <executable>true</executable>
         <run_address>0x70147c00</run_address>
         <size>0xd4</size>
         <alignment>0x4</alignment>
         <input_file_ref idref="fl-5b"/>
      </object_component>
      <object_component id="oc-3f6">
         <name>.text.floorf</name>
         <load_address>0x70147cd4</load_address>
         <readonly>true</readonly>
         <executable>true</executable>
         <run_address>0x70147cd4</run_address>
         <size>0xc8</size>
         <alignment>0x4</alignment>
         <input_file_ref idref="fl-34"/>
      </object_component>
      <object_component id="oc-387">
         <name>.text.CSL_lcdma_ringaccDequeue</name>
         <load_address>0x70147d9c</load_address>
         <readonly>true</readonly>
         <executable>true</executable>
         <run_address>0x70147d9c</run_address>
         <size>0xbe</size>
         <alignment>0x2</alignment>
         <input_file_ref idref="fl-65"/>
      </object_component>
      <object_component id="oc-1e4">
         <name>.text.SemaphoreP_destruct</name>
         <load_address>0x70147e5a</load_address>
         <readonly>true</readonly>
         <executable>true</executable>
         <run_address>0x70147e5a</run_address>
         <size>0x2</size>
         <alignment>0x2</alignment>
         <input_file_ref idref="fl-38"/>
      </object_component>
      <object_component id="oc-132">
         <name>.text.IpcNotify_deInit</name>
         <load_address>0x70147e5c</load_address>
         <readonly>true</readonly>
         <executable>true</executable>
         <run_address>0x70147e5c</run_address>
         <size>0xb8</size>
         <alignment>0x4</alignment>
         <input_file_ref idref="fl-4d"/>
      </object_component>
      <object_component id="oc-4af">
         <name>.text.MCSPI_udmaDeInitCh</name>
         <load_address>0x70147f14</load_address>
         <readonly>true</readonly>
         <executable>true</executable>
         <run_address>0x70147f14</run_address>
         <size>0xb8</size>
         <alignment>0x4</alignment>
         <input_file_ref idref="fl-51"/>
      </object_component>
      <object_component id="oc-1f4">
         <name>.text.init_pids</name>
         <load_address>0x70147fcc</load_address>
         <readonly>true</readonly>
         <executable>true</executable>
         <run_address>0x70147fcc</run_address>
         <size>0xb8</size>
         <alignment>0x2</alignment>
         <input_file_ref idref="fl-12"/>
      </object_component>
      <object_component id="oc-435">
         <name>.text.CSL_lcdma_ringaccPop64MultiAccess</name>
         <load_address>0x70148084</load_address>
         <readonly>true</readonly>
         <executable>true</executable>
         <run_address>0x70148084</run_address>
         <size>0xb4</size>
         <alignment>0x2</alignment>
         <input_file_ref idref="fl-65"/>
      </object_component>
      <object_component id="oc-39e">
         <name>.text.MCSPI_lld_init</name>
         <load_address>0x70148138</load_address>
         <readonly>true</readonly>
         <executable>true</executable>
         <run_address>0x70148138</run_address>
         <size>0xb2</size>
         <alignment>0x2</alignment>
         <input_file_ref idref="fl-50"/>
      </object_component>
      <object_component id="oc-42d">
         <name>.text._ntoa_long_long</name>
         <load_address>0x701481ea</load_address>
         <readonly>true</readonly>
         <executable>true</executable>
         <run_address>0x701481ea</run_address>
         <size>0xb0</size>
         <alignment>0x2</alignment>
         <input_file_ref idref="fl-40"/>
      </object_component>
      <object_component id="oc-1cc">
         <name>.text.Udma_defaultPhyToVirtFxn</name>
         <load_address>0x7014829a</load_address>
         <readonly>true</readonly>
         <executable>true</executable>
         <run_address>0x7014829a</run_address>
         <size>0x2</size>
         <alignment>0x2</alignment>
         <input_file_ref idref="fl-62"/>
      </object_component>
      <object_component id="oc-509">
         <name>.text.Udma_rmAllocMappedRxCh</name>
         <load_address>0x7014829c</load_address>
         <readonly>true</readonly>
         <executable>true</executable>
         <run_address>0x7014829c</run_address>
         <size>0xa8</size>
         <alignment>0x4</alignment>
         <input_file_ref idref="fl-5f"/>
      </object_component>
      <object_component id="oc-50a">
         <name>.text.Udma_rmAllocMappedTxCh</name>
         <load_address>0x70148344</load_address>
         <readonly>true</readonly>
         <executable>true</executable>
         <run_address>0x70148344</run_address>
         <size>0xa8</size>
         <alignment>0x4</alignment>
         <input_file_ref idref="fl-5f"/>
      </object_component>
      <object_component id="oc-492">
         <name>.text._out_rev</name>
         <load_address>0x701483ec</load_address>
         <readonly>true</readonly>
         <executable>true</executable>
         <run_address>0x701483ec</run_address>
         <size>0xa6</size>
         <alignment>0x2</alignment>
         <input_file_ref idref="fl-40"/>
      </object_component>
      <object_component id="oc-2d4">
         <name>.text.endat_init</name>
         <load_address>0x70148492</load_address>
         <readonly>true</readonly>
         <executable>true</executable>
         <run_address>0x70148492</run_address>
         <size>0xa6</size>
         <alignment>0x2</alignment>
         <input_file_ref idref="fl-70"/>
      </object_component>
      <object_component id="oc-12e">
         <name>.text.single_chip_servo_remote_core_start</name>
         <load_address>0x70148538</load_address>
         <readonly>true</readonly>
         <executable>true</executable>
         <run_address>0x70148538</run_address>
         <size>0xa2</size>
         <alignment>0x2</alignment>
         <input_file_ref idref="fl-12"/>
      </object_component>
      <object_component id="oc-362">
         <name>.text.Sciclient_pmQueryModuleClkFreq</name>
         <load_address>0x701485da</load_address>
         <readonly>true</readonly>
         <executable>true</executable>
         <run_address>0x701485da</run_address>
         <size>0xa0</size>
         <alignment>0x2</alignment>
         <input_file_ref idref="fl-56"/>
      </object_component>
      <object_component id="oc-5a8">
         <name>.text.Udma_rmFreeFreeRing</name>
         <load_address>0x7014867a</load_address>
         <readonly>true</readonly>
         <executable>true</executable>
         <run_address>0x7014867a</run_address>
         <size>0x2</size>
         <alignment>0x2</alignment>
         <input_file_ref idref="fl-5f"/>
      </object_component>
      <object_component id="oc-114">
         <name>.text.Udma_init</name>
         <load_address>0x7014867c</load_address>
         <readonly>true</readonly>
         <executable>true</executable>
         <run_address>0x7014867c</run_address>
         <size>0x9c</size>
         <alignment>0x4</alignment>
         <input_file_ref idref="fl-5a"/>
      </object_component>
      <object_component id="oc-503">
         <name>.text.Udma_rmAllocBlkCopyCh</name>
         <load_address>0x70148718</load_address>
         <readonly>true</readonly>
         <executable>true</executable>
         <run_address>0x70148718</run_address>
         <size>0x9c</size>
         <alignment>0x4</alignment>
         <input_file_ref idref="fl-5f"/>
      </object_component>
      <object_component id="oc-505">
         <name>.text.Udma_rmAllocBlkCopyHcCh</name>
         <load_address>0x701487b4</load_address>
         <readonly>true</readonly>
         <executable>true</executable>
         <run_address>0x701487b4</run_address>
         <size>0x9c</size>
         <alignment>0x4</alignment>
         <input_file_ref idref="fl-5f"/>
      </object_component>
      <object_component id="oc-507">
         <name>.text.Udma_rmAllocBlkCopyUhcCh</name>
         <load_address>0x70148850</load_address>
         <readonly>true</readonly>
         <executable>true</executable>
         <run_address>0x70148850</run_address>
         <size>0x9c</size>
         <alignment>0x4</alignment>
         <input_file_ref idref="fl-5f"/>
      </object_component>
      <object_component id="oc-294">
         <name>.text.Udma_rmAllocIrIntr</name>
         <load_address>0x701488ec</load_address>
         <readonly>true</readonly>
         <executable>true</executable>
         <run_address>0x701488ec</run_address>
         <size>0x9c</size>
         <alignment>0x4</alignment>
         <input_file_ref idref="fl-5f"/>
      </object_component>
      <object_component id="oc-502">
         <name>.text.Udma_rmAllocRxCh</name>
         <load_address>0x70148988</load_address>
         <readonly>true</readonly>
         <executable>true</executable>
         <run_address>0x70148988</run_address>
         <size>0x9c</size>
         <alignment>0x4</alignment>
         <input_file_ref idref="fl-5f"/>
      </object_component>
      <object_component id="oc-506">
         <name>.text.Udma_rmAllocRxHcCh</name>
         <load_address>0x70148a24</load_address>
         <readonly>true</readonly>
         <executable>true</executable>
         <run_address>0x70148a24</run_address>
         <size>0x9c</size>
         <alignment>0x4</alignment>
         <input_file_ref idref="fl-5f"/>
      </object_component>
      <object_component id="oc-50b">
         <name>.text.Udma_rmAllocRxUhcCh</name>
         <load_address>0x70148ac0</load_address>
[...]
         <object_component_ref idref="oc-592"/>
      </symbol>
      <symbol id="sm-95a">
         <name>tisci_if_PRU_ICSSG1</name>
         <value>0x70152c34</value>
         <object_component_ref idref="oc-4f9"/>
      </symbol>
      <symbol id="sm-95b">
         <name>CPTS0_cpts_comp_0_0_to_CMP_EVENT_INTROUTER0_in_82_82</name>
         <value>0x701531b2</value>
         <object_component_ref idref="oc-593"/>
      </symbol>
      <symbol id="sm-95c">
         <name>CPTS0_cpts_genf0_1_1_to_TIMESYNC_EVENT_INTROUTER0_in_16_16</name>
         <value>0x701531ba</value>
         <object_component_ref idref="oc-594"/>
      </symbol>
      <symbol id="sm-95d">
         <name>CPTS0_cpts_genf1_2_2_to_TIMESYNC_EVENT_INTROUTER0_in_17_17</name>
         <value>0x701531c2</value>
         <object_component_ref idref="oc-595"/>
      </symbol>
      <symbol id="sm-95e">
         <name>CPTS0_cpts_genf2_3_3_to_TIMESYNC_EVENT_INTROUTER0_in_18_18</name>
         <value>0x701531ca</value>
         <object_component_ref idref="oc-596"/>
      </symbol>
      <symbol id="sm-95f">
         <name>CPTS0_cpts_genf3_4_4_to_TIMESYNC_EVENT_INTROUTER0_in_19_19</name>
         <value>0x701531d2</value>
         <object_component_ref idref="oc-597"/>
      </symbol>
      <symbol id="sm-960">
         <name>CPTS0_cpts_genf4_5_5_to_TIMESYNC_EVENT_INTROUTER0_in_20_20</name>
         <value>0x701531da</value>
         <object_component_ref idref="oc-598"/>
      </symbol>
      <symbol id="sm-961">
         <name>CPTS0_cpts_genf5_6_6_to_TIMESYNC_EVENT_INTROUTER0_in_24_24</name>
         <value>0x701531e2</value>
         <object_component_ref idref="oc-599"/>
      </symbol>
      <symbol id="sm-962">
         <name>CPTS0_cpts_sync_7_7_to_TIMESYNC_EVENT_INTROUTER0_in_35_35</name>
         <value>0x701531ea</value>
         <object_component_ref idref="oc-59a"/>
      </symbol>
      <symbol id="sm-963">
         <name>tisci_if_CPTS0</name>
         <value>0x70152ae8</value>
         <object_component_ref idref="oc-4fa"/>
      </symbol>
      <symbol id="sm-964">
         <name>EPWM0_epwm_synco_o_0_0_to_TIMESYNC_EVENT_INTROUTER0_in_39_39</name>
         <value>0x70153252</value>
         <object_component_ref idref="oc-59b"/>
      </symbol>
      <symbol id="sm-965">
         <name>tisci_if_EPWM0</name>
         <value>0x70153600</value>
         <object_component_ref idref="oc-4fb"/>
      </symbol>
      <symbol id="sm-966">
         <name>EPWM3_epwm_synco_o_0_0_to_TIMESYNC_EVENT_INTROUTER0_in_40_40</name>
         <value>0x7015325a</value>
         <object_component_ref idref="oc-59c"/>
      </symbol>
      <symbol id="sm-967">
         <name>tisci_if_EPWM3</name>
         <value>0x70153604</value>
         <object_component_ref idref="oc-4fc"/>
      </symbol>
      <symbol id="sm-968">
         <name>EPWM6_epwm_synco_o_0_0_to_TIMESYNC_EVENT_INTROUTER0_in_41_41</name>
         <value>0x70153262</value>
         <object_component_ref idref="oc-59d"/>
      </symbol>
      <symbol id="sm-969">
         <name>tisci_if_EPWM6</name>
         <value>0x70153608</value>
         <object_component_ref idref="oc-4fd"/>
      </symbol>
      <symbol id="sm-96a">
         <name>PCIE0_pcie_cpts_comp_0_0_to_CMP_EVENT_INTROUTER0_in_81_81</name>
         <value>0x7015335a</value>
         <object_component_ref idref="oc-59e"/>
      </symbol>
      <symbol id="sm-96b">
         <name>PCIE0_pcie_cpts_genf0_1_1_to_TIMESYNC_EVENT_INTROUTER0_in_23_23</name>
         <value>0x70153362</value>
         <object_component_ref idref="oc-59f"/>
      </symbol>
      <symbol id="sm-96c">
         <name>PCIE0_pcie_cpts_sync_3_3_to_TIMESYNC_EVENT_INTROUTER0_in_33_33</name>
         <value>0x70153372</value>
         <object_component_ref idref="oc-5a0"/>
      </symbol>
      <symbol id="sm-96d">
         <name>PCIE0_pcie_cpts_hw1_push_2_2_to_TIMESYNC_EVENT_INTROUTER0_in_37_37</name>
         <value>0x7015336a</value>
         <object_component_ref idref="oc-5a1"/>
      </symbol>
      <symbol id="sm-96e">
         <name>PCIE0_pcie_ptm_valid_pulse_4_4_to_TIMESYNC_EVENT_INTROUTER0_in_38_38</name>
         <value>0x7015337a</value>
         <object_component_ref idref="oc-5a2"/>
      </symbol>
      <symbol id="sm-96f">
         <name>tisci_if_PCIE0</name>
         <value>0x70152f8c</value>
         <object_component_ref idref="oc-4fe"/>
      </symbol>
      <symbol id="sm-970">
         <name>gRmIrqTree</name>
         <value>0x7015234c</value>
         <object_component_ref idref="oc-499"/>
      </symbol>
      <symbol id="sm-971">
         <name>gRmIrqTreeCount</name>
         <value>0x701535ec</value>
         <object_component_ref idref="oc-498"/>
      </symbol>
      <symbol id="sm-9a2">
         <name>Udma_ringSetCfgLcdma</name>
         <value>0x7014909f</value>
         <object_component_ref idref="oc-288"/>
      </symbol>
      <symbol id="sm-9a3">
         <name>Udma_ringHandleClearRegsLcdma</name>
         <value>0x7014cf75</value>
         <object_component_ref idref="oc-289"/>
      </symbol>
      <symbol id="sm-9a4">
         <name>Udma_ringQueueRawLcdma</name>
         <value>0x7014cba1</value>
         <object_component_ref idref="oc-27c"/>
      </symbol>
      <symbol id="sm-9a5">
         <name>Udma_lcdmaRingaccMemOps</name>
         <value>0x7014beed</value>
         <object_component_ref idref="oc-383"/>
      </symbol>
      <symbol id="sm-9a6">
         <name>Udma_ringDequeueRawLcdma</name>
         <value>0x7014c9d9</value>
         <object_component_ref idref="oc-276"/>
      </symbol>
      <symbol id="sm-9a7">
         <name>Udma_ringFlushRawLcdma</name>
         <value>0x7014a17f</value>
         <object_component_ref idref="oc-27d"/>
      </symbol>
      <symbol id="sm-9a8">
         <name>Udma_ringPrimeLcdma</name>
         <value>0x7014c69d</value>
         <object_component_ref idref="oc-285"/>
      </symbol>
      <symbol id="sm-9a9">
         <name>Udma_ringPrimeReadLcdma</name>
         <value>0x7014bf21</value>
         <object_component_ref idref="oc-286"/>
      </symbol>
      <symbol id="sm-9aa">
         <name>Udma_ringSetDoorBellLcdma</name>
         <value>0x7014bab9</value>
         <object_component_ref idref="oc-287"/>
      </symbol>
      <symbol id="sm-9ab">
         <name>Udma_ringGetMemPtrLcdma</name>
         <value>0x7014cb41</value>
         <object_component_ref idref="oc-27f"/>
      </symbol>
      <symbol id="sm-9ac">
         <name>Udma_ringGetModeLcdma</name>
         <value>0x7014cb59</value>
         <object_component_ref idref="oc-280"/>
      </symbol>
      <symbol id="sm-9ad">
         <name>Udma_ringGetElementCntLcdma</name>
         <value>0x7014cb29</value>
         <object_component_ref idref="oc-27e"/>
      </symbol>
      <symbol id="sm-9ae">
         <name>Udma_ringGetForwardRingOccLcdma</name>
         <value>0x7014c439</value>
         <object_component_ref idref="oc-281"/>
      </symbol>
      <symbol id="sm-9af">
         <name>Udma_ringGetReverseRingOccLcdma</name>
         <value>0x7014c461</value>
         <object_component_ref idref="oc-282"/>
      </symbol>
      <symbol id="sm-9b0">
         <name>Udma_ringGetWrIdxLcdma</name>
         <value>0x7014cb89</value>
         <object_component_ref idref="oc-283"/>
      </symbol>
      <symbol id="sm-9b1">
         <name>Udma_ringGetRdIdxLcdma</name>
         <value>0x7014cb71</value>
         <object_component_ref idref="oc-284"/>
      </symbol>
      <symbol id="sm-9bf">
         <name>Udma_rmGetDefBoardCfgPrms</name>
         <value>0x7014cbb9</value>
         <object_component_ref idref="oc-253"/>
      </symbol>
      <symbol id="sm-9c0">
         <name>gUdmaRmDefBoardCfg_Bcdma</name>
         <value>0x701521ac</value>
         <object_component_ref idref="oc-369"/>
      </symbol>
      <symbol id="sm-9c1">
         <name>gUdmaRmDefBoardCfg_Pktdma</name>
         <value>0x70151c24</value>
         <object_component_ref idref="oc-36a"/>
      </symbol>
      <symbol id="sm-9c2">
         <name>Udma_rmGetSharedResPrms</name>
         <value>0x7014c489</value>
         <object_component_ref idref="oc-25a"/>
      </symbol>
      <symbol id="sm-9c3">
         <name>gUdmaRmSharedResPrms</name>
         <value>0x70163b4c</value>
         <object_component_ref idref="oc-36e"/>
      </symbol>
      <symbol id="sm-9f0">
         <name>SDFM_init</name>
         <value>0x701495e9</value>
         <object_component_ref idref="oc-46f"/>
      </symbol>
      <symbol id="sm-9f1">
         <name>g_sdfm</name>
         <value>0x70163aec</value>
         <object_component_ref idref="oc-4b7"/>
      </symbol>
      <symbol id="sm-9f2">
         <name>SDFM_configIepCount</name>
         <value>0x7014cd97</value>
         <object_component_ref idref="oc-47a"/>
      </symbol>
      <symbol id="sm-9f3">
         <name>SDFM_configEcap</name>
         <value>0x7014bfbb</value>
         <object_component_ref idref="oc-47b"/>
      </symbol>
      <symbol id="sm-9f4">
         <name>SDFM_setCompFilterOverSamplingRatio</name>
         <value>0x7014cdb7</value>
         <object_component_ref idref="oc-480"/>
      </symbol>
      <symbol id="sm-9f5">
         <name>SDFM_setCompFilterThresholds</name>
         <value>0x7014ccef</value>
         <object_component_ref idref="oc-484"/>
      </symbol>
      <symbol id="sm-9f6">
         <name>SDFM_setSampleTriggerTime</name>
         <value>0x7014c371</value>
         <object_component_ref idref="oc-487"/>
      </symbol>
      <symbol id="sm-9f7">
         <name>SDFM_enableDoubleSampling</name>
         <value>0x7014c141</value>
         <object_component_ref idref="oc-488"/>
      </symbol>
      <symbol id="sm-9f8">
         <name>SDFM_disableDoubleSampling</name>
         <value>0x7014cf39</value>
         <object_component_ref idref="oc-489"/>
      </symbol>
      <symbol id="sm-9f9">
         <name>SDFM_setEnableChannel</name>
         <value>0x7014ba3d</value>
         <object_component_ref idref="oc-47e"/>
      </symbol>
      <symbol id="sm-9fa">
         <name>SDFM_configDataFilter</name>
         <value>0x7014ce5d</value>
         <object_component_ref idref="oc-481"/>
      </symbol>
      <symbol id="sm-9fb">
         <name>SDFM_selectClockSource</name>
         <value>0x7014ce79</value>
         <object_component_ref idref="oc-482"/>
      </symbol>
      <symbol id="sm-9fc">
         <name>SDFM_setClockInversion</name>
         <value>0x7014cda7</value>
         <object_component_ref idref="oc-483"/>
      </symbol>
      <symbol id="sm-9fd">
         <name>SDFM_enableComparator</name>
         <value>0x7014ccaf</value>
         <object_component_ref idref="oc-485"/>
      </symbol>
      <symbol id="sm-9fe">
         <name>SDFM_disableComparator</name>
         <value>0x7014cd63</value>
         <object_component_ref idref="oc-486"/>
      </symbol>
      <symbol id="sm-9ff">
         <name>SDFM_setFilterOverSamplingRatio</name>
         <value>0x7014bfed</value>
         <object_component_ref idref="oc-47c"/>
      </symbol>
      <symbol id="sm-a00">
         <name>SDFM_getFirmwareVersion</name>
         <value>0x7014cf55</value>
         <object_component_ref idref="oc-475"/>
      </symbol>
      <symbol id="sm-a01">
         <name>SDFM_enableEpwmSync</name>
         <value>0x7014c655</value>
         <object_component_ref idref="oc-47f"/>
      </symbol>
      <symbol id="sm-a02">
         <name>SDFM_enable</name>
         <value>0x7014ce6b</value>
         <object_component_ref idref="oc-48a"/>
      </symbol>
      <symbol id="sm-a3c">
         <name>endat_recvd_process</name>
         <value>0x70142481</value>
         <object_component_ref idref="oc-2ff"/>
      </symbol>
      <symbol id="sm-a3d">
         <name>endat_recvd_validate</name>
         <value>0x7014bc93</value>
         <object_component_ref idref="oc-300"/>
      </symbol>
      <symbol id="sm-a3e">
         <name>endat_command_build</name>
         <value>0x70140001</value>
         <object_component_ref idref="oc-407"/>
      </symbol>
      <symbol id="sm-a3f">
         <name>endat_command_send</name>
         <value>0x7014c051</value>
         <object_component_ref idref="oc-408"/>
      </symbol>
      <symbol id="sm-a40">
         <name>endat_command_wait</name>
         <value>0x7014c501</value>
         <object_component_ref idref="oc-409"/>
      </symbol>
      <symbol id="sm-a41">
         <name>endat_command_process</name>
         <value>0x7014c90f</value>
         <object_component_ref idref="oc-2f5"/>
      </symbol>
      <symbol id="sm-a42">
         <name>endat_get_encoder_info</name>
         <value>0x70142fa1</value>
         <object_component_ref idref="oc-2e2"/>
      </symbol>
      <symbol id="sm-a43">
         <name>endat_get_prop_delay</name>
         <value>0x7014cedd</value>
         <object_component_ref idref="oc-2e3"/>
      </symbol>
      <symbol id="sm-a44">
         <name>endat_config_rx_arm_cnt</name>
         <value>0x7014c92d</value>
         <object_component_ref idref="oc-3fa"/>
      </symbol>
      <symbol id="sm-a45">
         <name>endat_config_wire_delay</name>
         <value>0x7014c2cf</value>
         <object_component_ref idref="oc-3fc"/>
      </symbol>
      <symbol id="sm-a46">
         <name>endat_config_clock</name>
         <value>0x7014c083</value>
         <object_component_ref idref="oc-3f5"/>
      </symbol>
      <symbol id="sm-a47">
         <name>endat_config_tst_delay</name>
         <value>0x7014ca97</value>
         <object_component_ref idref="oc-3ff"/>
      </symbol>
      <symbol id="sm-a48">
         <name>endat_config_rx_clock_disable</name>
         <value>0x7014ced1</value>
         <object_component_ref idref="oc-3fb"/>
      </symbol>
      <symbol id="sm-a49">
         <name>endat_config_host_trigger</name>
         <value>0x7014c5e7</value>
         <object_component_ref idref="oc-2dc"/>
      </symbol>
      <symbol id="sm-a4a">
         <name>endat_config_periodic_trigger</name>
         <value>0x7014bdad</value>
         <object_component_ref idref="oc-2f4"/>
      </symbol>
      <symbol id="sm-a4b">
         <name>endat_config_multi_channel_mask</name>
         <value>0x7014a0b5</value>
         <object_component_ref idref="oc-2db"/>
      </symbol>
      <symbol id="sm-a4c">
         <name>endat_multi_channel_set_cur</name>
         <value>0x7014c709</value>
         <object_component_ref idref="oc-2e1"/>
      </symbol>
      <symbol id="sm-a4d">
         <name>endat_wait_initialization</name>
         <value>0x70149669</value>
         <object_component_ref idref="oc-3f0"/>
      </symbol>
      <symbol id="sm-a4e">
         <name>endat_init</name>
         <value>0x70148493</value>
         <object_component_ref idref="oc-2d4"/>
      </symbol>
      <symbol id="sm-a5a">
         <name>log2</name>
         <value>0x701453b0</value>
         <object_component_ref idref="oc-401"/>
      </symbol>
      <symbol id="sm-a5b">
         <name>log2l</name>
         <value>0x701453b0</value>
         <object_component_ref idref="oc-401"/>
      </symbol>
      <symbol id="sm-a66">
         <name>__aeabi_errno_addr</name>
         <value>0x7014ceb8</value>
         <object_component_ref idref="oc-464"/>
      </symbol>
      <symbol id="sm-a67">
         <name>__aeabi_errno</name>
         <value>0x70163d90</value>
         <object_component_ref idref="oc-4b3"/>
      </symbol>
      <symbol id="sm-a71">
         <name>abort</name>
         <value>0x701636a8</value>
         <object_component_ref idref="oc-bc"/>
      </symbol>
      <symbol id="sm-a72">
         <name>C$$EXIT</name>
         <value>0x701636a8</value>
         <object_component_ref idref="oc-bc"/>
      </symbol>
      <symbol id="sm-a7c">
         <name>_sys_memory</name>
         <value>0x701567d8</value>
         <object_component_ref idref="oc-53"/>
      </symbol>
      <symbol id="sm-a87">
         <name>__TI_auto_init_nobinit_nopinit</name>
         <value>0x7014a8d0</value>
         <object_component_ref idref="oc-9a"/>
      </symbol>
      <symbol id="sm-aac">
         <name>__aeabi_llsl</name>
         <value>0x7014c4b0</value>
         <object_component_ref idref="oc-299"/>
      </symbol>
      <symbol id="sm-aad">
         <name>__ashldi3</name>
         <value>0x7014c4b0</value>
         <object_component_ref idref="oc-299"/>
      </symbol>
      <symbol id="sm-ab3">
         <name>__aeabi_ul2f</name>
         <value>0x7014aad0</value>
         <object_component_ref idref="oc-2e4"/>
      </symbol>
      <symbol id="sm-ab4">
         <name>__floatundisf</name>
         <value>0x7014aad0</value>
         <object_component_ref idref="oc-2e4"/>
      </symbol>
      <symbol id="sm-aba">
         <name>__aeabi_llsr</name>
         <value>0x7014c4d8</value>
         <object_component_ref idref="oc-43e"/>
      </symbol>
      <symbol id="sm-abb">
         <name>__lshrdi3</name>
         <value>0x7014c4d8</value>
         <object_component_ref idref="oc-43e"/>
      </symbol>
      <symbol id="sm-ac5">
         <name>__aeabi_ldiv0</name>
         <value>0x7014cfc0</value>
         <object_component_ref idref="oc-353"/>
      </symbol>
      <symbol id="sm-acb">
         <name>__aeabi_memcpy</name>
         <value>0x7014cfc4</value>
         <object_component_ref idref="oc-14c"/>
      </symbol>
      <symbol id="sm-acc">
         <name>__aeabi_memcpy4</name>
         <value>0x7014cfc4</value>
         <object_component_ref idref="oc-14c"/>
      </symbol>
      <symbol id="sm-acd">
         <name>__aeabi_memcpy8</name>
         <value>0x7014cfc4</value>
         <object_component_ref idref="oc-14c"/>
      </symbol>
      <symbol id="sm-ad6">
         <name>__aeabi_memset</name>
         <value>0x7014cde8</value>
         <object_component_ref idref="oc-493"/>
      </symbol>
      <symbol id="sm-ad7">
         <name>__aeabi_memset4</name>
         <value>0x7014cde8</value>
         <object_component_ref idref="oc-493"/>
      </symbol>
      <symbol id="sm-ad8">
         <name>__aeabi_memset8</name>
         <value>0x7014cde8</value>
         <object_component_ref idref="oc-493"/>
      </symbol>
      <symbol id="sm-ad9">
         <name>__aeabi_memclr</name>
         <value>0x7014cec4</value>
         <object_component_ref idref="oc-92"/>
      </symbol>
      <symbol id="sm-ada">
         <name>__aeabi_memclr4</name>
         <value>0x7014cec4</value>
         <object_component_ref idref="oc-92"/>
      </symbol>
      <symbol id="sm-adb">
         <name>__aeabi_memclr8</name>
         <value>0x7014cec4</value>
         <object_component_ref idref="oc-92"/>
      </symbol>
      <symbol id="sm-ae1">
         <name>__aeabi_uldivmod</name>
         <value>0x7014c6e4</value>
         <object_component_ref idref="oc-17b"/>
      </symbol>
      <symbol id="sm-ae7">
         <name>__udivmoddi4</name>
         <value>0x70146b84</value>
         <object_component_ref idref="oc-228"/>
      </symbol>
      <symbol id="sm-af0">
         <name>TI_memcpy_small</name>
         <value>0x7014ca2c</value>
         <object_component_ref idref="oc-334"/>
      </symbol>
      <symbol id="sm-af8">
         <name>TI_memset_small</name>
         <value>0x7014cbd0</value>
         <object_component_ref idref="oc-146"/>
      </symbol>
      <symbol id="sm-afc">
         <name>_system_post_cinit</name>
         <value>0x0</value>
      </symbol>
      <symbol id="sm-afd">
         <name>__TI_Handler_Table_Limit</name>
         <value>0x0</value>
      </symbol>
      <symbol id="sm-afe">
         <name>__TI_Handler_Table_Base</name>
         <value>0x0</value>
      </symbol>
      <symbol id="sm-aff">
         <name>__TI_CINIT_Base</name>
         <value>0x0</value>
      </symbol>
      <symbol id="sm-b00">
         <name>__TI_CINIT_Limit</name>
         <value>0x0</value>
      </symbol>
   </symbol_table>
   <title>Link successful</title>
</link_info>
