<?xml version="1.0" encoding="ISO-8859-1" ?>
<link_info>
   <banner>TI ARM Clang Linker PC v3.2.2.LTS</banner>
   <copyright>Copyright (c) 1996-2018 Texas Instruments Incorporated</copyright>
   <link_time>0x6a0790b8</link_time>
   <link_errors>0x0</link_errors>
   <output_file>C:\CoRoot\##TASKS##\#TASK# TI_AM243x_LaunchPad_eFlex\ccs_singlewire_led_project\single_chip_servo_am243x-lp_r5fss0-1_nortos_ti-arm-clang\Release\single_chip_servo_am243x-lp_r5fss0-1_nortos_ti-arm-clang.out</output_file>
   <entry_point>
      <name>_vectors</name>
      <address>0x0</address>
   </entry_point>
   <input_file_list>
      <input_file id="fl-1">
         <path>C:\CoRoot\##TASKS##\#TASK# TI_AM243x_LaunchPad_eFlex\ccs_singlewire_led_project\single_chip_servo_am243x-lp_r5fss0-1_nortos_ti-arm-clang\Release\.\</path>
         <kind>object</kind>
         <file>epwm_drv_aux.o</file>
         <name>epwm_drv_aux.o</name>
      </input_file>
      <input_file id="fl-2">
         <path>C:\CoRoot\##TASKS##\#TASK# TI_AM243x_LaunchPad_eFlex\ccs_singlewire_led_project\single_chip_servo_am243x-lp_r5fss0-1_nortos_ti-arm-clang\Release\.\syscfg\</path>
         <kind>object</kind>
         <file>ti_dpl_config.o</file>
         <name>ti_dpl_config.o</name>
      </input_file>
      <input_file id="fl-3">
         <path>C:\CoRoot\##TASKS##\#TASK# TI_AM243x_LaunchPad_eFlex\ccs_singlewire_led_project\single_chip_servo_am243x-lp_r5fss0-1_nortos_ti-arm-clang\Release\.\syscfg\</path>
         <kind>object</kind>
         <file>ti_drivers_config.o</file>
         <name>ti_drivers_config.o</name>
      </input_file>
      <input_file id="fl-4">
         <path>C:\CoRoot\##TASKS##\#TASK# TI_AM243x_LaunchPad_eFlex\ccs_singlewire_led_project\single_chip_servo_am243x-lp_r5fss0-1_nortos_ti-arm-clang\Release\.\syscfg\</path>
         <kind>object</kind>
         <file>ti_drivers_open_close.o</file>
         <name>ti_drivers_open_close.o</name>
      </input_file>
      <input_file id="fl-5">
         <path>C:\CoRoot\##TASKS##\#TASK# TI_AM243x_LaunchPad_eFlex\ccs_singlewire_led_project\single_chip_servo_am243x-lp_r5fss0-1_nortos_ti-arm-clang\Release\.\syscfg\</path>
         <kind>object</kind>
         <file>ti_pinmux_config.o</file>
         <name>ti_pinmux_config.o</name>
      </input_file>
      <input_file id="fl-6">
         <path>C:\CoRoot\##TASKS##\#TASK# TI_AM243x_LaunchPad_eFlex\ccs_singlewire_led_project\single_chip_servo_am243x-lp_r5fss0-1_nortos_ti-arm-clang\Release\.\syscfg\</path>
         <kind>object</kind>
         <file>ti_power_clock_config.o</file>
         <name>ti_power_clock_config.o</name>
      </input_file>
      <input_file id="fl-7">
         <path>C:\CoRoot\##TASKS##\#TASK# TI_AM243x_LaunchPad_eFlex\ccs_singlewire_led_project\single_chip_servo_am243x-lp_r5fss0-1_nortos_ti-arm-clang\Release\.\syscfg\</path>
         <kind>object</kind>
         <file>ti_board_config.o</file>
         <name>ti_board_config.o</name>
      </input_file>
      <input_file id="fl-8">
         <path>C:\CoRoot\##TASKS##\#TASK# TI_AM243x_LaunchPad_eFlex\ccs_singlewire_led_project\single_chip_servo_am243x-lp_r5fss0-1_nortos_ti-arm-clang\Release\.\syscfg\</path>
         <kind>object</kind>
         <file>ti_board_open_close.o</file>
         <name>ti_board_open_close.o</name>
      </input_file>
      <input_file id="fl-9">
         <path>C:\CoRoot\##TASKS##\#TASK# TI_AM243x_LaunchPad_eFlex\ccs_singlewire_led_project\single_chip_servo_am243x-lp_r5fss0-1_nortos_ti-arm-clang\Release\.\syscfg\</path>
         <kind>object</kind>
         <file>ti_enet_config.o</file>
         <name>ti_enet_config.o</name>
      </input_file>
      <input_file id="fl-a">
         <path>C:\CoRoot\##TASKS##\#TASK# TI_AM243x_LaunchPad_eFlex\ccs_singlewire_led_project\single_chip_servo_am243x-lp_r5fss0-1_nortos_ti-arm-clang\Release\.\syscfg\</path>
         <kind>object</kind>
         <file>ti_enet_open_close.o</file>
         <name>ti_enet_open_close.o</name>
      </input_file>
      <input_file id="fl-b">
         <path>C:\CoRoot\##TASKS##\#TASK# TI_AM243x_LaunchPad_eFlex\ccs_singlewire_led_project\single_chip_servo_am243x-lp_r5fss0-1_nortos_ti-arm-clang\Release\.\syscfg\</path>
         <kind>object</kind>
         <file>ti_enet_soc.o</file>
         <name>ti_enet_soc.o</name>
      </input_file>
      <input_file id="fl-c">
         <path>C:\CoRoot\##TASKS##\#TASK# TI_AM243x_LaunchPad_eFlex\ccs_singlewire_led_project\single_chip_servo_am243x-lp_r5fss0-1_nortos_ti-arm-clang\Release\.\syscfg\</path>
         <kind>object</kind>
         <file>ti_enet_lwipif.o</file>
         <name>ti_enet_lwipif.o</name>
      </input_file>
      <input_file id="fl-d">
         <path>C:\CoRoot\##TASKS##\#TASK# TI_AM243x_LaunchPad_eFlex\ccs_singlewire_led_project\single_chip_servo_am243x-lp_r5fss0-1_nortos_ti-arm-clang\Release\.\</path>
         <kind>object</kind>
         <file>main.o</file>
         <name>main.o</name>
      </input_file>
      <input_file id="fl-e">
         <path>C:\CoRoot\##TASKS##\#TASK# TI_AM243x_LaunchPad_eFlex\ccs_singlewire_led_project\single_chip_servo_am243x-lp_r5fss0-1_nortos_ti-arm-clang\Release\.\</path>
         <kind>object</kind>
         <file>pwm.o</file>
         <name>pwm.o</name>
      </input_file>
      <input_file id="fl-f">
         <path>C:\CoRoot\##TASKS##\#TASK# TI_AM243x_LaunchPad_eFlex\ccs_singlewire_led_project\single_chip_servo_am243x-lp_r5fss0-1_nortos_ti-arm-clang\Release\.\</path>
         <kind>object</kind>
         <file>single_chip_servo.o</file>
         <name>single_chip_servo.o</name>
      </input_file>
      <input_file id="fl-10">
         <path>C:\CoRoot\##TASKS##\#TASK# TI_AM243x_LaunchPad_eFlex\ccs_singlewire_led_project\single_chip_servo_am243x-lp_r5fss0-1_nortos_ti-arm-clang\Release\.\</path>
         <kind>object</kind>
         <file>ti_r5fmath_trig.o</file>
         <name>ti_r5fmath_trig.o</name>
      </input_file>
      <input_file id="fl-22">
         <path>C:\CoRoot\##TASKS##\#TASK# TI_AM243x_LaunchPad_eFlex\ccs_singlewire_led_project\single_chip_servo_am243x-lp_r5fss0-1_nortos_ti-arm-clang\Release\</path>
         <kind>object</kind>
         <file>&lt;internal&gt;</file>
         <name>&lt;internal&gt;</name>
      </input_file>
      <input_file id="fl-31">
         <path>C:\ti\ti_cgt_arm_llvm_3.2.2.LTS\lib\armv7r-ti-none-eabihf\c\</path>
         <kind>archive</kind>
         <file>libc.a</file>
         <name>s_roundf.c.obj</name>
      </input_file>
      <input_file id="fl-32">
         <path>C:\ti\ti_cgt_arm_llvm_3.2.2.LTS\lib\armv7r-ti-none-eabihf\c\</path>
         <kind>archive</kind>
         <file>libc.a</file>
         <name>s_floorf.c.obj</name>
      </input_file>
      <input_file id="fl-33">
         <path>C:\ti\motor_control_sdk_am243x_09_02_00_12\mcu_plus_sdk\source\kernel\nortos\lib\</path>
         <kind>archive</kind>
         <file>nortos.am243x.r5f.ti-arm-clang.release.lib</file>
         <name>DebugP_log.obj</name>
      </input_file>
      <input_file id="fl-34">
         <path>C:\ti\motor_control_sdk_am243x_09_02_00_12\mcu_plus_sdk\source\kernel\nortos\lib\</path>
         <kind>archive</kind>
         <file>nortos.am243x.r5f.ti-arm-clang.release.lib</file>
         <name>DebugP_nortos.obj</name>
      </input_file>
      <input_file id="fl-35">
         <path>C:\ti\motor_control_sdk_am243x_09_02_00_12\mcu_plus_sdk\source\kernel\nortos\lib\</path>
         <kind>archive</kind>
         <file>nortos.am243x.r5f.ti-arm-clang.release.lib</file>
         <name>SemaphoreP_nortos.obj</name>
      </input_file>
      <input_file id="fl-36">
         <path>C:\ti\motor_control_sdk_am243x_09_02_00_12\mcu_plus_sdk\source\kernel\nortos\lib\</path>
         <kind>archive</kind>
         <file>nortos.am243x.r5f.ti-arm-clang.release.lib</file>
         <name>ClockP_nortos.obj</name>
      </input_file>
      <input_file id="fl-37">
         <path>C:\ti\motor_control_sdk_am243x_09_02_00_12\mcu_plus_sdk\source\kernel\nortos\lib\</path>
         <kind>archive</kind>
         <file>nortos.am243x.r5f.ti-arm-clang.release.lib</file>
         <name>ClockP_nortos_r5.obj</name>
      </input_file>
      <input_file id="fl-38">
         <path>C:\ti\motor_control_sdk_am243x_09_02_00_12\mcu_plus_sdk\source\kernel\nortos\lib\</path>
         <kind>archive</kind>
         <file>nortos.am243x.r5f.ti-arm-clang.release.lib</file>
         <name>TimerP.obj</name>
      </input_file>
      <input_file id="fl-39">
         <path>C:\ti\motor_control_sdk_am243x_09_02_00_12\mcu_plus_sdk\source\kernel\nortos\lib\</path>
         <kind>archive</kind>
         <file>nortos.am243x.r5f.ti-arm-clang.release.lib</file>
         <name>HwiP_armv7r_vim.obj</name>
      </input_file>
      <input_file id="fl-3a">
         <path>C:\ti\motor_control_sdk_am243x_09_02_00_12\mcu_plus_sdk\source\kernel\nortos\lib\</path>
         <kind>archive</kind>
         <file>nortos.am243x.r5f.ti-arm-clang.release.lib</file>
         <name>HwiP_armv7r_handlers_nortos.obj</name>
      </input_file>
      <input_file id="fl-3b">
         <path>C:\ti\motor_control_sdk_am243x_09_02_00_12\mcu_plus_sdk\source\kernel\nortos\lib\</path>
         <kind>archive</kind>
         <file>nortos.am243x.r5f.ti-arm-clang.release.lib</file>
         <name>MpuP_armv7r.obj</name>
      </input_file>
      <input_file id="fl-3c">
         <path>C:\ti\motor_control_sdk_am243x_09_02_00_12\mcu_plus_sdk\source\kernel\nortos\lib\</path>
         <kind>archive</kind>
         <file>nortos.am243x.r5f.ti-arm-clang.release.lib</file>
         <name>CacheP_armv7r.obj</name>
      </input_file>
      <input_file id="fl-3d">
         <path>C:\ti\motor_control_sdk_am243x_09_02_00_12\mcu_plus_sdk\source\kernel\nortos\lib\</path>
         <kind>archive</kind>
         <file>nortos.am243x.r5f.ti-arm-clang.release.lib</file>
         <name>printf.obj</name>
      </input_file>
      <input_file id="fl-3e">
         <path>C:\ti\motor_control_sdk_am243x_09_02_00_12\mcu_plus_sdk\source\kernel\nortos\lib\</path>
         <kind>archive</kind>
         <file>nortos.am243x.r5f.ti-arm-clang.release.lib</file>
         <name>AddrTranslateP.obj</name>
      </input_file>
      <input_file id="fl-3f">
         <path>C:\ti\motor_control_sdk_am243x_09_02_00_12\mcu_plus_sdk\source\kernel\nortos\lib\</path>
         <kind>archive</kind>
         <file>nortos.am243x.r5f.ti-arm-clang.release.lib</file>
         <name>PmuP_armv7r.obj</name>
      </input_file>
      <input_file id="fl-40">
         <path>C:\ti\motor_control_sdk_am243x_09_02_00_12\mcu_plus_sdk\source\kernel\nortos\lib\</path>
         <kind>archive</kind>
         <file>nortos.am243x.r5f.ti-arm-clang.release.lib</file>
         <name>HwiP_armv7r_handlers_nortos_asm.obj</name>
      </input_file>
      <input_file id="fl-41">
         <path>C:\ti\motor_control_sdk_am243x_09_02_00_12\mcu_plus_sdk\source\kernel\nortos\lib\</path>
         <kind>archive</kind>
         <file>nortos.am243x.r5f.ti-arm-clang.release.lib</file>
         <name>HwiP_armv7r_vectors_nortos_asm.obj</name>
      </input_file>
      <input_file id="fl-42">
         <path>C:\ti\motor_control_sdk_am243x_09_02_00_12\mcu_plus_sdk\source\kernel\nortos\lib\</path>
         <kind>archive</kind>
         <file>nortos.am243x.r5f.ti-arm-clang.release.lib</file>
         <name>boot_armv7r_asm.obj</name>
      </input_file>
      <input_file id="fl-43">
         <path>C:\ti\motor_control_sdk_am243x_09_02_00_12\mcu_plus_sdk\source\kernel\nortos\lib\</path>
         <kind>archive</kind>
         <file>nortos.am243x.r5f.ti-arm-clang.release.lib</file>
         <name>HwiP_armv7r_asm.obj</name>
      </input_file>
      <input_file id="fl-44">
         <path>C:\ti\motor_control_sdk_am243x_09_02_00_12\mcu_plus_sdk\source\kernel\nortos\lib\</path>
         <kind>archive</kind>
         <file>nortos.am243x.r5f.ti-arm-clang.release.lib</file>
         <name>MpuP_armv7r_asm.obj</name>
      </input_file>
      <input_file id="fl-45">
         <path>C:\ti\motor_control_sdk_am243x_09_02_00_12\mcu_plus_sdk\source\kernel\nortos\lib\</path>
         <kind>archive</kind>
         <file>nortos.am243x.r5f.ti-arm-clang.release.lib</file>
         <name>CacheP_armv7r_asm.obj</name>
      </input_file>
      <input_file id="fl-46">
         <path>C:\ti\motor_control_sdk_am243x_09_02_00_12\mcu_plus_sdk\source\kernel\nortos\lib\</path>
         <kind>archive</kind>
         <file>nortos.am243x.r5f.ti-arm-clang.release.lib</file>
         <name>PmuP_armv7r_asm.obj</name>
      </input_file>
      <input_file id="fl-47">
         <path>C:\ti\motor_control_sdk_am243x_09_02_00_12\mcu_plus_sdk\source\kernel\nortos\lib\</path>
         <kind>archive</kind>
         <file>nortos.am243x.r5f.ti-arm-clang.release.lib</file>
         <name>boot_armv7r.obj</name>
      </input_file>
      <input_file id="fl-48">
         <path>C:\ti\motor_control_sdk_am243x_09_02_00_12\mcu_plus_sdk\source\drivers\lib\</path>
         <kind>archive</kind>
         <file>drivers.am243x.r5f.ti-arm-clang.release.lib</file>
         <name>epwm.obj</name>
      </input_file>
      <input_file id="fl-49">
         <path>C:\ti\motor_control_sdk_am243x_09_02_00_12\mcu_plus_sdk\source\drivers\lib\</path>
         <kind>archive</kind>
         <file>drivers.am243x.r5f.ti-arm-clang.release.lib</file>
         <name>ipc_notify_v0.obj</name>
      </input_file>
      <input_file id="fl-4a">
         <path>C:\ti\motor_control_sdk_am243x_09_02_00_12\mcu_plus_sdk\source\drivers\lib\</path>
         <kind>archive</kind>
         <file>drivers.am243x.r5f.ti-arm-clang.release.lib</file>
         <name>ipc_notify_v0_cfg.obj</name>
      </input_file>
      <input_file id="fl-4b">
         <path>C:\ti\motor_control_sdk_am243x_09_02_00_12\mcu_plus_sdk\source\drivers\lib\</path>
         <kind>archive</kind>
         <file>drivers.am243x.r5f.ti-arm-clang.release.lib</file>
         <name>pinmux.obj</name>
      </input_file>
      <input_file id="fl-4c">
         <path>C:\ti\motor_control_sdk_am243x_09_02_00_12\mcu_plus_sdk\source\drivers\lib\</path>
         <kind>archive</kind>
         <file>drivers.am243x.r5f.ti-arm-clang.release.lib</file>
         <name>pruicss_g_v0.obj</name>
      </input_file>
      <input_file id="fl-4d">
         <path>C:\ti\motor_control_sdk_am243x_09_02_00_12\mcu_plus_sdk\source\drivers\lib\</path>
         <kind>archive</kind>
         <file>drivers.am243x.r5f.ti-arm-clang.release.lib</file>
         <name>sciclient.obj</name>
      </input_file>
      <input_file id="fl-4e">
         <path>C:\ti\motor_control_sdk_am243x_09_02_00_12\mcu_plus_sdk\source\drivers\lib\</path>
         <kind>archive</kind>
         <file>drivers.am243x.r5f.ti-arm-clang.release.lib</file>
         <name>sciclient_fmwSecureProxyMap.obj</name>
      </input_file>
      <input_file id="fl-4f">
         <path>C:\ti\motor_control_sdk_am243x_09_02_00_12\mcu_plus_sdk\source\drivers\lib\</path>
         <kind>archive</kind>
         <file>drivers.am243x.r5f.ti-arm-clang.release.lib</file>
         <name>sciclient_soc_priv.obj</name>
      </input_file>
      <input_file id="fl-50">
         <path>C:\ti\motor_control_sdk_am243x_09_02_00_12\mcu_plus_sdk\source\drivers\lib\</path>
         <kind>archive</kind>
         <file>drivers.am243x.r5f.ti-arm-clang.release.lib</file>
         <name>soc.obj</name>
      </input_file>
      <input_file id="fl-51">
         <path>C:\ti\motor_control_sdk_am243x_09_02_00_12\mcu_plus_sdk\source\drivers\lib\</path>
         <kind>archive</kind>
         <file>drivers.am243x.r5f.ti-arm-clang.release.lib</file>
         <name>csl_sec_proxy.obj</name>
      </input_file>
      <input_file id="fl-52">
         <path>C:\ti\motor_control_sdk_am243x_09_02_00_12\mcu_plus_sdk\source\drivers\lib\</path>
         <kind>archive</kind>
         <file>drivers.am243x.r5f.ti-arm-clang.release.lib</file>
         <name>sciclient_pm.obj</name>
      </input_file>
      <input_file id="fl-53">
         <path>C:\ti\motor_control_sdk_am243x_09_02_00_12\mcu_plus_sdk\source\drivers\lib\</path>
         <kind>archive</kind>
         <file>drivers.am243x.r5f.ti-arm-clang.release.lib</file>
         <name>sciclient_procboot.obj</name>
      </input_file>
      <input_file id="fl-54">
         <path>C:\ti\motor_control_sdk_am243x_09_02_00_12\mcu_plus_sdk\source\board\lib\</path>
         <kind>archive</kind>
         <file>board.am243x.r5f.ti-arm-clang.release.lib</file>
         <name>ioexp_tca6424.obj</name>
      </input_file>
      <input_file id="fl-ba">
         <path>C:\ti\ti_cgt_arm_llvm_3.2.2.LTS\lib\armv7r-ti-none-eabihf\c\</path>
         <kind>archive</kind>
         <file>libc.a</file>
         <name>exit.c.obj</name>
      </input_file>
      <input_file id="fl-bb">
         <path>C:\ti\ti_cgt_arm_llvm_3.2.2.LTS\lib\armv7r-ti-none-eabihf\c\</path>
         <kind>archive</kind>
         <file>libc.a</file>
         <name>_lock.c.obj</name>
      </input_file>
      <input_file id="fl-bc">
         <path>C:\ti\ti_cgt_arm_llvm_3.2.2.LTS\lib\armv7r-ti-none-eabihf\c\</path>
         <kind>archive</kind>
         <file>libc.a</file>
         <name>autoinit.c.obj</name>
      </input_file>
      <input_file id="fl-bd">
         <path>C:\ti\ti_cgt_arm_llvm_3.2.2.LTS\lib\armv7r-ti-none-eabihf\c\</path>
         <kind>archive</kind>
         <file>libc.a</file>
         <name>cpy_tbl.c.obj</name>
      </input_file>
      <input_file id="fl-be">
         <path>C:\ti\ti_cgt_arm_llvm_3.2.2.LTS\lib\clang\15.0.7\lib\armv7r-ti-none-eabihf\</path>
         <kind>archive</kind>
         <file>libclang_rt.builtins.a</file>
         <name>aeabi_memcpy.S.obj</name>
      </input_file>
      <input_file id="fl-bf">
         <path>C:\ti\ti_cgt_arm_llvm_3.2.2.LTS\lib\clang\15.0.7\lib\armv7r-ti-none-eabihf\</path>
         <kind>archive</kind>
         <file>libclang_rt.builtins.a</file>
         <name>aeabi_memset.S.obj</name>
      </input_file>
      <input_file id="fl-c0">
         <path>C:\ti\ti_cgt_arm_llvm_3.2.2.LTS\lib\clang\15.0.7\lib\armv7r-ti-none-eabihf\</path>
         <kind>archive</kind>
         <file>libclang_rt.builtins.a</file>
         <name>aeabi_uldivmod.S.obj</name>
      </input_file>
      <input_file id="fl-c1">
         <path>C:\ti\ti_cgt_arm_llvm_3.2.2.LTS\lib\clang\15.0.7\lib\armv7r-ti-none-eabihf\</path>
         <kind>archive</kind>
         <file>libclang_rt.builtins.a</file>
         <name>udivmoddi4.S.obj</name>
      </input_file>
      <input_file id="fl-c2">
         <path>C:\ti\ti_cgt_arm_llvm_3.2.2.LTS\lib\clang\15.0.7\lib\armv7r-ti-none-eabihf\</path>
         <kind>archive</kind>
         <file>libclang_rt.builtins.a</file>
         <name>aeabi_div0.c.obj</name>
      </input_file>
      <input_file id="fl-c3">
         <path>C:\ti\ti_cgt_arm_llvm_3.2.2.LTS\lib\armv7r-ti-none-eabihf\c\</path>
         <kind>archive</kind>
         <file>libc.a</file>
         <name>memcpy32.S.obj</name>
      </input_file>
      <input_file id="fl-c4">
         <path>C:\ti\ti_cgt_arm_llvm_3.2.2.LTS\lib\armv7r-ti-none-eabihf\c\</path>
         <kind>archive</kind>
         <file>libc.a</file>
         <name>memset32.S.obj</name>
      </input_file>
      <input_file id="fl-c5">
         <path>C:\ti\motor_control_sdk_am243x_09_02_00_12\mcu_plus_sdk\source\kernel\nortos\lib\</path>
         <kind>archive</kind>
         <file>nortos.am243x.r5f.ti-arm-clang.release.lib</file>
         <name>CpuId_armv7r.obj</name>
      </input_file>
      <input_file id="fl-c6">
         <path>C:\ti\motor_control_sdk_am243x_09_02_00_12\mcu_plus_sdk\source\kernel\nortos\lib\</path>
         <kind>archive</kind>
         <file>nortos.am243x.r5f.ti-arm-clang.release.lib</file>
         <name>CpuId_armv7r_asm.obj</name>
      </input_file>
      <input_file id="fl-c7">
         <path>C:\ti\motor_control_sdk_am243x_09_02_00_12\mcu_plus_sdk\source\drivers\lib\</path>
         <kind>archive</kind>
         <file>drivers.am243x.r5f.ti-arm-clang.release.lib</file>
         <name>i2c_v0.obj</name>
      </input_file>
      <input_file id="fl-c8">
         <path>C:\ti\motor_control_sdk_am243x_09_02_00_12\mcu_plus_sdk\source\drivers\lib\</path>
         <kind>archive</kind>
         <file>drivers.am243x.r5f.ti-arm-clang.release.lib</file>
         <name>i2c_v0_lld.obj</name>
      </input_file>
   </input_file_list>
   <object_component_list>
      <object_component id="oc-34">
         <name>.vectors</name>
         <load_address>0x0</load_address>
         <readonly>true</readonly>
         <executable>true</executable>
         <run_address>0x0</run_address>
         <size>0x40</size>
         <alignment>0x4</alignment>
         <input_file_ref idref="fl-41"/>
      </object_component>
      <object_component id="oc-73">
         <name>.text.hwi</name>
         <load_address>0x70189340</load_address>
         <readonly>true</readonly>
         <executable>true</executable>
         <run_address>0x70189340</run_address>
         <size>0x408</size>
         <alignment>0x2</alignment>
         <input_file_ref idref="fl-39"/>
      </object_component>
      <object_component id="oc-57">
         <name>.text.hwi</name>
         <load_address>0x70189748</load_address>
         <readonly>true</readonly>
         <executable>true</executable>
         <run_address>0x70189748</run_address>
         <size>0x220</size>
         <alignment>0x2</alignment>
         <input_file_ref idref="fl-3a"/>
      </object_component>
      <object_component id="oc-5b">
         <name>.text.hwi</name>
         <load_address>0x70189968</load_address>
         <readonly>true</readonly>
         <executable>true</executable>
         <run_address>0x70189968</run_address>
         <size>0xc0</size>
         <alignment>0x4</alignment>
         <input_file_ref idref="fl-40"/>
      </object_component>
      <object_component id="oc-78">
         <name>.text.hwi</name>
         <load_address>0x70189a28</load_address>
         <readonly>true</readonly>
         <executable>true</executable>
         <run_address>0x70189a28</run_address>
         <size>0x70</size>
         <alignment>0x4</alignment>
         <input_file_ref idref="fl-43"/>
      </object_component>
      <object_component id="oc-2f8">
         <name>.tramp.HwiP_enableFIQ.1</name>
         <load_address>0x70189a98</load_address>
         <readonly>true</readonly>
         <executable>true</executable>
         <run_address>0x70189a98</run_address>
         <size>0x8</size>
         <alignment>0x4</alignment>
         <input_file_ref idref="fl-43"/>
      </object_component>
      <object_component id="oc-ca">
         <name>.text.cache</name>
         <load_address>0x70189aa0</load_address>
         <readonly>true</readonly>
         <executable>true</executable>
         <run_address>0x70189aa0</run_address>
         <size>0x340</size>
         <alignment>0x4</alignment>
         <input_file_ref idref="fl-45"/>
      </object_component>
      <object_component id="oc-85">
         <name>.text.cache</name>
         <load_address>0x70189de0</load_address>
         <readonly>true</readonly>
         <executable>true</executable>
         <run_address>0x70189de0</run_address>
         <size>0xd8</size>
         <alignment>0x2</alignment>
         <input_file_ref idref="fl-3c"/>
      </object_component>
      <object_component id="oc-2fb">
         <name>.tramp.CacheP_invL1d.1</name>
         <load_address>0x70189eb8</load_address>
         <readonly>true</readonly>
         <executable>true</executable>
         <run_address>0x70189eb8</run_address>
         <size>0x8</size>
         <alignment>0x4</alignment>
         <input_file_ref idref="fl-45"/>
      </object_component>
      <object_component id="oc-2fa">
         <name>.tramp.CacheP_enableL1p.1</name>
         <load_address>0x70189ec0</load_address>
         <readonly>true</readonly>
         <executable>true</executable>
         <run_address>0x70189ec0</run_address>
         <size>0x8</size>
         <alignment>0x4</alignment>
         <input_file_ref idref="fl-45"/>
      </object_component>
      <object_component id="oc-2f9">
         <name>.tramp.HwiP_restore.2</name>
         <load_address>0x70189ec8</load_address>
         <readonly>true</readonly>
         <executable>true</executable>
         <run_address>0x70189ec8</run_address>
         <size>0x8</size>
         <alignment>0x4</alignment>
         <input_file_ref idref="fl-43"/>
      </object_component>
      <object_component id="oc-81">
         <name>.text.mpu</name>
         <load_address>0x70189ed0</load_address>
         <readonly>true</readonly>
         <executable>true</executable>
         <run_address>0x70189ed0</run_address>
         <size>0x18e</size>
         <alignment>0x2</alignment>
         <input_file_ref idref="fl-3b"/>
      </object_component>
      <object_component id="oc-c6">
         <name>.text.mpu</name>
         <load_address>0x7018a060</load_address>
         <readonly>true</readonly>
         <executable>true</executable>
         <run_address>0x7018a060</run_address>
         <size>0x78</size>
         <alignment>0x4</alignment>
         <input_file_ref idref="fl-44"/>
      </object_component>
      <object_component id="oc-2fd">
         <name>.tramp.HwiP_restore.3</name>
         <load_address>0x7018a0d8</load_address>
         <readonly>true</readonly>
         <executable>true</executable>
         <run_address>0x7018a0d8</run_address>
         <size>0x8</size>
         <alignment>0x4</alignment>
         <input_file_ref idref="fl-43"/>
      </object_component>
      <object_component id="oc-2fc">
         <name>.tramp.MpuP_isEnableAsm.1</name>
         <load_address>0x7018a0e0</load_address>
         <readonly>true</readonly>
         <executable>true</executable>
         <run_address>0x7018a0e0</run_address>
         <size>0x8</size>
         <alignment>0x4</alignment>
         <input_file_ref idref="fl-44"/>
      </object_component>
      <object_component id="oc-53">
         <name>.text.boot</name>
         <load_address>0x7018a0e8</load_address>
         <readonly>true</readonly>
         <executable>true</executable>
         <run_address>0x7018a0e8</run_address>
         <size>0xfc</size>
         <alignment>0x4</alignment>
         <input_file_ref idref="fl-42"/>
      </object_component>
      <object_component id="oc-be">
         <name>.text.boot</name>
         <load_address>0x7018a1e4</load_address>
         <readonly>true</readonly>
         <executable>true</executable>
         <run_address>0x7018a1e4</run_address>
         <size>0x1e</size>
         <alignment>0x2</alignment>
         <input_file_ref idref="fl-33"/>
      </object_component>
      <object_component id="oc-60">
         <name>.text.boot</name>
         <load_address>0x7018a202</load_address>
         <readonly>true</readonly>
         <executable>true</executable>
         <run_address>0x7018a202</run_address>
         <size>0xe</size>
         <alignment>0x2</alignment>
         <input_file_ref idref="fl-2"/>
      </object_component>
      <object_component id="oc-b5">
         <name>.text:abort</name>
         <load_address>0x7018a210</load_address>
         <readonly>true</readonly>
         <executable>true</executable>
         <run_address>0x7018a210</run_address>
         <size>0x8</size>
         <alignment>0x4</alignment>
         <input_file_ref idref="fl-ba"/>
      </object_component>
      <object_component id="oc-254">
         <name>.text._vsnprintf</name>
         <load_address>0x701853d0</load_address>
         <readonly>true</readonly>
         <executable>true</executable>
         <run_address>0x701853d0</run_address>
         <size>0x598</size>
         <alignment>0x4</alignment>
         <input_file_ref idref="fl-3d"/>
      </object_component>
      <object_component id="oc-29d">
         <name>.text._ftoa</name>
         <load_address>0x70185968</load_address>
         <readonly>true</readonly>
         <executable>true</executable>
         <run_address>0x70185968</run_address>
         <size>0x398</size>
         <alignment>0x8</alignment>
         <input_file_ref idref="fl-3d"/>
      </object_component>
      <object_component id="oc-29e">
         <name>.text._etoa</name>
         <load_address>0x70185d00</load_address>
         <readonly>true</readonly>
         <executable>true</executable>
         <run_address>0x70185d00</run_address>
         <size>0x310</size>
         <alignment>0x8</alignment>
         <input_file_ref idref="fl-3d"/>
      </object_component>
      <object_component id="oc-ff">
         <name>.text.IpcNotify_init</name>
         <load_address>0x70186010</load_address>
         <readonly>true</readonly>
         <executable>true</executable>
         <run_address>0x70186010</run_address>
         <size>0x2f0</size>
         <alignment>0x4</alignment>
         <input_file_ref idref="fl-49"/>
      </object_component>
      <object_component id="oc-1cd">
         <name>.text.Sciclient_service</name>
         <load_address>0x70186300</load_address>
         <readonly>true</readonly>
         <executable>true</executable>
         <run_address>0x70186300</run_address>
         <size>0x2dc</size>
         <alignment>0x4</alignment>
         <input_file_ref idref="fl-4d"/>
      </object_component>
      <object_component id="oc-197">
         <name>.text.init_pwms</name>
         <load_address>0x701865dc</load_address>
         <readonly>true</readonly>
         <executable>true</executable>
         <run_address>0x701865dc</run_address>
         <size>0x266</size>
         <alignment>0x2</alignment>
         <input_file_ref idref="fl-f"/>
      </object_component>
      <object_component id="oc-1c0">
         <name>.text.TimerP_setup</name>
         <load_address>0x70186842</load_address>
         <readonly>true</readonly>
         <executable>true</executable>
         <run_address>0x70186842</run_address>
         <size>0x1c0</size>
         <alignment>0x2</alignment>
         <input_file_ref idref="fl-38"/>
      </object_component>
      <object_component id="oc-b1">
         <name>.text.Board_deinit</name>
         <load_address>0x70186a02</load_address>
         <readonly>true</readonly>
         <executable>true</executable>
         <run_address>0x70186a02</run_address>
         <size>0x2</size>
         <alignment>0x2</alignment>
         <input_file_ref idref="fl-7"/>
      </object_component>
      <object_component id="oc-211">
         <name>.text.pruSddfIrqHandler</name>
         <load_address>0x70186a04</load_address>
         <readonly>true</readonly>
         <executable>true</executable>
         <run_address>0x70186a04</run_address>
         <size>0x15c</size>
         <alignment>0x4</alignment>
         <input_file_ref idref="fl-f"/>
      </object_component>
      <object_component id="oc-2af">
         <name>.text._ntoa_format</name>
         <load_address>0x70186b60</load_address>
         <readonly>true</readonly>
         <executable>true</executable>
         <run_address>0x70186b60</run_address>
         <size>0x152</size>
         <alignment>0x2</alignment>
         <input_file_ref idref="fl-3d"/>
      </object_component>
      <object_component id="oc-1d9">
         <name>.text.SOC_moduleSetClockFrequency</name>
         <load_address>0x70186cb2</load_address>
         <readonly>true</readonly>
         <executable>true</executable>
         <run_address>0x70186cb2</run_address>
         <size>0x12c</size>
         <alignment>0x2</alignment>
         <input_file_ref idref="fl-50"/>
      </object_component>
      <object_component id="oc-1ff">
         <name>.text.App_epwmConfig</name>
         <load_address>0x70186dde</load_address>
         <readonly>true</readonly>
         <executable>true</executable>
         <run_address>0x70186dde</run_address>
         <size>0x120</size>
         <alignment>0x2</alignment>
         <input_file_ref idref="fl-e"/>
      </object_component>
      <object_component id="oc-113">
         <name>.text.Board_driversClose</name>
         <load_address>0x70186efe</load_address>
         <readonly>true</readonly>
         <executable>true</executable>
         <run_address>0x70186efe</run_address>
         <size>0x2</size>
         <alignment>0x2</alignment>
         <input_file_ref idref="fl-8"/>
      </object_component>
      <object_component id="oc-1d1">
         <name>.text</name>
         <load_address>0x70186f00</load_address>
         <readonly>true</readonly>
         <executable>true</executable>
         <run_address>0x70186f00</run_address>
         <size>0x118</size>
         <alignment>0x4</alignment>
         <input_file_ref idref="fl-c1"/>
      </object_component>
      <object_component id="oc-136">
         <name>.text.ClockP_init</name>
         <load_address>0x70187018</load_address>
         <readonly>true</readonly>
         <executable>true</executable>
         <run_address>0x70187018</run_address>
         <size>0x102</size>
         <alignment>0x2</alignment>
         <input_file_ref idref="fl-37"/>
      </object_component>
      <object_component id="oc-a6">
         <name>.text.Board_init</name>
         <load_address>0x7018711a</load_address>
         <readonly>true</readonly>
         <executable>true</executable>
         <run_address>0x7018711a</run_address>
         <size>0x2</size>
         <alignment>0x2</alignment>
         <input_file_ref idref="fl-7"/>
      </object_component>
      <object_component id="oc-17f">
         <name>.text.IpcNotify_isr</name>
         <load_address>0x7018711c</load_address>
         <readonly>true</readonly>
         <executable>true</executable>
         <run_address>0x7018711c</run_address>
         <size>0xfc</size>
         <alignment>0x4</alignment>
         <input_file_ref idref="fl-49"/>
      </object_component>
      <object_component id="oc-116">
         <name>.text.IpcNotify_deInit</name>
         <load_address>0x70187218</load_address>
         <readonly>true</readonly>
         <executable>true</executable>
         <run_address>0x70187218</run_address>
         <size>0xb8</size>
         <alignment>0x4</alignment>
         <input_file_ref idref="fl-49"/>
      </object_component>
      <object_component id="oc-29f">
         <name>.text._ntoa_long_long</name>
         <load_address>0x701872d0</load_address>
         <readonly>true</readonly>
         <executable>true</executable>
         <run_address>0x701872d0</run_address>
         <size>0xb0</size>
         <alignment>0x2</alignment>
         <input_file_ref idref="fl-3d"/>
      </object_component>
      <object_component id="oc-2ab">
         <name>.text._out_rev</name>
         <load_address>0x70187380</load_address>
         <readonly>true</readonly>
         <executable>true</executable>
         <run_address>0x70187380</run_address>
         <size>0xa6</size>
         <alignment>0x2</alignment>
         <input_file_ref idref="fl-3d"/>
      </object_component>
      <object_component id="oc-198">
         <name>.text.init_pids</name>
         <load_address>0x70187426</load_address>
         <readonly>true</readonly>
         <executable>true</executable>
         <run_address>0x70187426</run_address>
         <size>0xa2</size>
         <alignment>0x2</alignment>
         <input_file_ref idref="fl-f"/>
      </object_component>
      <object_component id="oc-250">
         <name>.text.Sciclient_pmQueryModuleClkFreq</name>
         <load_address>0x701874c8</load_address>
         <readonly>true</readonly>
         <executable>true</executable>
         <run_address>0x701874c8</run_address>
         <size>0xa0</size>
         <alignment>0x2</alignment>
         <input_file_ref idref="fl-52"/>
      </object_component>
      <object_component id="oc-1a6">
         <name>.text.SemaphoreP_pend</name>
         <load_address>0x70187568</load_address>
         <readonly>true</readonly>
         <executable>true</executable>
         <run_address>0x70187568</run_address>
         <size>0x96</size>
         <alignment>0x2</alignment>
         <input_file_ref idref="fl-35"/>
      </object_component>
      <object_component id="oc-a0">
         <name>.text.System_init</name>
         <load_address>0x701875fe</load_address>
         <readonly>true</readonly>
         <executable>true</executable>
         <run_address>0x701875fe</run_address>
         <size>0x96</size>
         <alignment>0x2</alignment>
         <input_file_ref idref="fl-3"/>
      </object_component>
      <object_component id="oc-251">
         <name>.text.Sciclient_pmSetModuleClkFreq</name>
         <load_address>0x70187694</load_address>
         <readonly>true</readonly>
         <executable>true</executable>
         <run_address>0x70187694</run_address>
         <size>0x8e</size>
         <alignment>0x2</alignment>
         <input_file_ref idref="fl-52"/>
      </object_component>
      <object_component id="oc-2a0">
         <name>.text._ntoa_long</name>
         <load_address>0x70187722</load_address>
         <readonly>true</readonly>
         <executable>true</executable>
         <run_address>0x70187722</run_address>
         <size>0x8c</size>
         <alignment>0x2</alignment>
         <input_file_ref idref="fl-3d"/>
      </object_component>
      <object_component id="oc-19a">
         <name>.text.init_encoder2</name>
         <load_address>0x701877ae</load_address>
         <readonly>true</readonly>
         <executable>true</executable>
         <run_address>0x701877ae</run_address>
         <size>0x80</size>
         <alignment>0x2</alignment>
         <input_file_ref idref="fl-f"/>
      </object_component>
      <object_component id="oc-119">
         <name>.text.Dpl_deinit</name>
         <load_address>0x7018782e</load_address>
         <readonly>true</readonly>
         <executable>true</executable>
         <run_address>0x7018782e</run_address>
         <size>0x2</size>
         <alignment>0x2</alignment>
         <input_file_ref idref="fl-2"/>
      </object_component>
      <object_component id="oc-238">
         <name>.text.Sciclient_sendMessage</name>
         <load_address>0x70187830</load_address>
         <readonly>true</readonly>
         <executable>true</executable>
         <run_address>0x70187830</run_address>
         <size>0x7c</size>
         <alignment>0x4</alignment>
         <input_file_ref idref="fl-4d"/>
      </object_component>
      <object_component id="oc-24c">
         <name>.text.Sciclient_pmGetModuleClkNumParent</name>
         <load_address>0x701878ac</load_address>
         <readonly>true</readonly>
         <executable>true</executable>
         <run_address>0x701878ac</run_address>
         <size>0x7a</size>
         <alignment>0x2</alignment>
         <input_file_ref idref="fl-52"/>
      </object_component>
      <object_component id="oc-108">
         <name>.text.Drivers_open</name>
         <load_address>0x70187926</load_address>
         <readonly>true</readonly>
         <executable>true</executable>
         <run_address>0x70187926</run_address>
         <size>0x2</size>
         <alignment>0x2</alignment>
         <input_file_ref idref="fl-4"/>
      </object_component>
      <object_component id="oc-260">
         <name>.text.localEnDatGetSingleMulti</name>
         <load_address>0x70187928</load_address>
         <readonly>true</readonly>
         <executable>true</executable>
         <run_address>0x70187928</run_address>
         <size>0x78</size>
         <alignment>0x4</alignment>
         <input_file_ref idref="fl-f"/>
      </object_component>
      <object_component id="oc-112">
         <name>.text.single_chip_servo_remote_core_start</name>
         <load_address>0x701879a0</load_address>
         <readonly>true</readonly>
         <executable>true</executable>
         <run_address>0x701879a0</run_address>
         <size>0x74</size>
         <alignment>0x2</alignment>
         <input_file_ref idref="fl-f"/>
      </object_component>
      <object_component id="oc-248">
         <name>.text.Sciclient_pmGetModuleState</name>
         <load_address>0x70187a14</load_address>
         <readonly>true</readonly>
         <executable>true</executable>
         <run_address>0x70187a14</run_address>
         <size>0x6e</size>
         <alignment>0x2</alignment>
         <input_file_ref idref="fl-52"/>
      </object_component>
      <object_component id="oc-1d7">
         <name>.text.SOC_moduleClockEnable</name>
         <load_address>0x70187a82</load_address>
         <readonly>true</readonly>
         <executable>true</executable>
         <run_address>0x70187a82</run_address>
         <size>0x6c</size>
         <alignment>0x2</alignment>
         <input_file_ref idref="fl-50"/>
      </object_component>
      <object_component id="oc-29c">
         <name>.text._out_null</name>
         <load_address>0x70187aee</load_address>
         <readonly>true</readonly>
         <executable>true</executable>
         <run_address>0x70187aee</run_address>
         <size>0x2</size>
         <alignment>0x2</alignment>
         <input_file_ref idref="fl-3d"/>
      </object_component>
      <object_component id="oc-df">
         <name>.text.Sciclient_init</name>
         <load_address>0x70187af0</load_address>
         <readonly>true</readonly>
         <executable>true</executable>
         <run_address>0x70187af0</run_address>
         <size>0x6c</size>
         <alignment>0x4</alignment>
         <input_file_ref idref="fl-4d"/>
      </object_component>
      <object_component id="oc-268">
         <name>.text.computeCmpx</name>
         <load_address>0x70187b5c</load_address>
         <readonly>true</readonly>
         <executable>true</executable>
         <run_address>0x70187b5c</run_address>
         <size>0x6c</size>
         <alignment>0x4</alignment>
         <input_file_ref idref="fl-e"/>
      </object_component>
      <object_component id="oc-144">
         <name>.text.AddrTranslateP_getLocalAddr</name>
         <load_address>0x70187bc8</load_address>
         <readonly>true</readonly>
         <executable>true</executable>
         <run_address>0x70187bc8</run_address>
         <size>0x68</size>
         <alignment>0x2</alignment>
         <input_file_ref idref="fl-3e"/>
      </object_component>
      <object_component id="oc-14e">
         <name>.text.Sciclient_pmGetModuleClkFreq</name>
         <load_address>0x70187c30</load_address>
         <readonly>true</readonly>
         <executable>true</executable>
         <run_address>0x70187c30</run_address>
         <size>0x66</size>
         <alignment>0x2</alignment>
         <input_file_ref idref="fl-52"/>
      </object_component>
      <object_component id="oc-24d">
         <name>.text.Sciclient_pmGetModuleClkParent</name>
         <load_address>0x70187c96</load_address>
         <readonly>true</readonly>
         <executable>true</executable>
         <run_address>0x70187c96</run_address>
         <size>0x66</size>
         <alignment>0x2</alignment>
         <input_file_ref idref="fl-52"/>
      </object_component>
      <object_component id="oc-24b">
         <name>.text.Sciclient_pmModuleGetClkStatus</name>
         <load_address>0x70187cfc</load_address>
         <readonly>true</readonly>
         <executable>true</executable>
         <run_address>0x70187cfc</run_address>
         <size>0x64</size>
         <alignment>0x2</alignment>
         <input_file_ref idref="fl-52"/>
      </object_component>
      <object_component id="oc-175">
         <name>.text.IpcNotify_registerClient</name>
         <load_address>0x70187d60</load_address>
         <readonly>true</readonly>
         <executable>true</executable>
         <run_address>0x70187d60</run_address>
         <size>0x60</size>
         <alignment>0x4</alignment>
         <input_file_ref idref="fl-49"/>
      </object_component>
      <object_component id="oc-eb">
         <name>.text.pmu</name>
         <load_address>0x70187dc0</load_address>
         <readonly>true</readonly>
         <executable>true</executable>
         <run_address>0x70187dc0</run_address>
         <size>0x60</size>
         <alignment>0x2</alignment>
         <input_file_ref idref="fl-3f"/>
      </object_component>
      <object_component id="oc-1c3">
         <name>.text.ClockP_timerTickIsr</name>
         <load_address>0x70187e20</load_address>
         <readonly>true</readonly>
         <executable>true</executable>
         <run_address>0x70187e20</run_address>
         <size>0x5e</size>
         <alignment>0x2</alignment>
         <input_file_ref idref="fl-36"/>
      </object_component>
      <object_component id="oc-24f">
         <name>.text.Sciclient_pmSetModuleClkParent</name>
         <load_address>0x70187e7e</load_address>
         <readonly>true</readonly>
         <executable>true</executable>
         <run_address>0x70187e7e</run_address>
         <size>0x5e</size>
         <alignment>0x2</alignment>
         <input_file_ref idref="fl-52"/>
      </object_component>
      <object_component id="oc-168">
         <name>.text.Pinmux_config</name>
         <load_address>0x70187edc</load_address>
         <readonly>true</readonly>
         <executable>true</executable>
         <run_address>0x70187edc</run_address>
         <size>0x5c</size>
         <alignment>0x4</alignment>
         <input_file_ref idref="fl-4b"/>
      </object_component>
      <object_component id="oc-103">
         <name>.text._DebugP_assert</name>
         <load_address>0x70187f38</load_address>
         <readonly>true</readonly>
         <executable>true</executable>
         <run_address>0x70187f38</run_address>
         <size>0x5c</size>
         <alignment>0x2</alignment>
         <input_file_ref idref="fl-33"/>
      </object_component>
      <object_component id="oc-199">
         <name>.text.init_sddf2</name>
         <load_address>0x70187f94</load_address>
         <readonly>true</readonly>
         <executable>true</executable>
         <run_address>0x70187f94</run_address>
         <size>0x5c</size>
         <alignment>0x2</alignment>
         <input_file_ref idref="fl-f"/>
      </object_component>
      <object_component id="oc-24e">
         <name>.text.Sciclient_pmModuleClkRequest</name>
         <load_address>0x70187ff0</load_address>
         <readonly>true</readonly>
         <executable>true</executable>
         <run_address>0x70187ff0</run_address>
         <size>0x5a</size>
         <alignment>0x2</alignment>
         <input_file_ref idref="fl-52"/>
      </object_component>
      <object_component id="oc-29b">
         <name>.text.putchar_</name>
         <load_address>0x7018804a</load_address>
         <readonly>true</readonly>
         <executable>true</executable>
         <run_address>0x7018804a</run_address>
         <size>0x2</size>
         <alignment>0x2</alignment>
         <input_file_ref idref="fl-2"/>
      </object_component>
      <object_component id="oc-93">
         <name>.text:__TI_auto_init_nobinit_nopinit</name>
         <load_address>0x7018804c</load_address>
         <readonly>true</readonly>
         <executable>true</executable>
         <run_address>0x7018804c</run_address>
         <size>0x58</size>
         <alignment>0x4</alignment>
         <input_file_ref idref="fl-bc"/>
      </object_component>
      <object_component id="oc-186">
         <name>.text.ClockP_getTimeUsec</name>
         <load_address>0x701880a4</load_address>
         <readonly>true</readonly>
         <executable>true</executable>
         <run_address>0x701880a4</run_address>
         <size>0x56</size>
         <alignment>0x2</alignment>
         <input_file_ref idref="fl-36"/>
      </object_component>
      <object_component id="oc-281">
         <name>.text.EPWM_counterComparatorCfg</name>
         <load_address>0x701880fa</load_address>
         <readonly>true</readonly>
         <executable>true</executable>
         <run_address>0x701880fa</run_address>
         <size>0x56</size>
         <alignment>0x2</alignment>
         <input_file_ref idref="fl-48"/>
      </object_component>
      <object_component id="oc-249">
         <name>.text.Sciclient_pmSetModuleState</name>
         <load_address>0x70188150</load_address>
         <readonly>true</readonly>
         <executable>true</executable>
         <run_address>0x70188150</run_address>
         <size>0x52</size>
         <alignment>0x2</alignment>
         <input_file_ref idref="fl-52"/>
      </object_component>
      <object_component id="oc-233">
         <name>.text.ClockP_addToList</name>
         <load_address>0x701881a2</load_address>
         <readonly>true</readonly>
         <executable>true</executable>
         <run_address>0x701881a2</run_address>
         <size>0x50</size>
         <alignment>0x2</alignment>
         <input_file_ref idref="fl-36"/>
      </object_component>
      <object_component id="oc-21e">
         <name>.text.ClockP_construct</name>
         <load_address>0x701881f2</load_address>
         <readonly>true</readonly>
         <executable>true</executable>
         <run_address>0x701881f2</run_address>
         <size>0x50</size>
         <alignment>0x2</alignment>
         <input_file_ref idref="fl-36"/>
      </object_component>
      <object_component id="oc-282">
         <name>.text.EPWM_aqActionOnOutputCfg</name>
         <load_address>0x70188242</load_address>
         <readonly>true</readonly>
         <executable>true</executable>
         <run_address>0x70188242</run_address>
         <size>0x50</size>
         <alignment>0x2</alignment>
         <input_file_ref idref="fl-48"/>
      </object_component>
      <object_component id="oc-141">
         <name>.text.Sciclient_getContext</name>
         <load_address>0x70188294</load_address>
         <readonly>true</readonly>
         <executable>true</executable>
         <run_address>0x70188294</run_address>
         <size>0x50</size>
         <alignment>0x4</alignment>
         <input_file_ref idref="fl-4f"/>
      </object_component>
      <object_component id="oc-f8">
         <name>.text.SOC_setEpwmTbClk</name>
         <load_address>0x701882e4</load_address>
         <readonly>true</readonly>
         <executable>true</executable>
         <run_address>0x701882e4</run_address>
         <size>0x4c</size>
         <alignment>0x4</alignment>
         <input_file_ref idref="fl-50"/>
      </object_component>
      <object_component id="oc-283">
         <name>.text.EPWM_deadbandCfg</name>
         <load_address>0x70188330</load_address>
         <readonly>true</readonly>
         <executable>true</executable>
         <run_address>0x70188330</run_address>
         <size>0x44</size>
         <alignment>0x2</alignment>
         <input_file_ref idref="fl-48"/>
      </object_component>
      <object_component id="oc-24a">
         <name>.text.Sciclient_pmSetModuleRst</name>
         <load_address>0x70188374</load_address>
         <readonly>true</readonly>
         <executable>true</executable>
         <run_address>0x70188374</run_address>
         <size>0x44</size>
         <alignment>0x2</alignment>
         <input_file_ref idref="fl-52"/>
      </object_component>
      <object_component id="oc-291">
         <name>.text.ClockP_stop</name>
         <load_address>0x701883b8</load_address>
         <readonly>true</readonly>
         <executable>true</executable>
         <run_address>0x701883b8</run_address>
         <size>0x40</size>
         <alignment>0x2</alignment>
         <input_file_ref idref="fl-36"/>
      </object_component>
      <object_component id="oc-1da">
         <name>.text.Pinmux_unlockMMR</name>
         <load_address>0x701883f8</load_address>
         <readonly>true</readonly>
         <executable>true</executable>
         <run_address>0x701883f8</run_address>
         <size>0x40</size>
         <alignment>0x4</alignment>
         <input_file_ref idref="fl-4b"/>
      </object_component>
      <object_component id="oc-19c">
         <name>.text.SemaphoreP_constructBinary</name>
         <load_address>0x70188438</load_address>
         <readonly>true</readonly>
         <executable>true</executable>
         <run_address>0x70188438</run_address>
         <size>0x40</size>
         <alignment>0x2</alignment>
         <input_file_ref idref="fl-35"/>
      </object_component>
      <object_component id="oc-b2">
         <name>.text.System_deinit</name>
         <load_address>0x70188478</load_address>
         <readonly>true</readonly>
         <executable>true</executable>
         <run_address>0x70188478</run_address>
         <size>0x40</size>
         <alignment>0x2</alignment>
         <input_file_ref idref="fl-3"/>
      </object_component>
      <object_component id="oc-27b">
         <name>.text.EPWM_tbTimebaseClkCfg</name>
         <load_address>0x701884b8</load_address>
         <readonly>true</readonly>
         <executable>true</executable>
         <run_address>0x701884b8</run_address>
         <size>0x3c</size>
         <alignment>0x2</alignment>
         <input_file_ref idref="fl-48"/>
      </object_component>
      <object_component id="oc-221">
         <name>.text.ClockP_destruct</name>
         <load_address>0x701884f4</load_address>
         <readonly>true</readonly>
         <executable>true</executable>
         <run_address>0x701884f4</run_address>
         <size>0x3a</size>
         <alignment>0x2</alignment>
         <input_file_ref idref="fl-36"/>
      </object_component>
      <object_component id="oc-de">
         <name>.text.Dpl_init</name>
         <load_address>0x7018852e</load_address>
         <readonly>true</readonly>
         <executable>true</executable>
         <run_address>0x7018852e</run_address>
         <size>0x3a</size>
         <alignment>0x2</alignment>
         <input_file_ref idref="fl-2"/>
      </object_component>
      <object_component id="oc-134">
         <name>.text.SOC_controlModuleUnlockMMR</name>
         <load_address>0x70188568</load_address>
         <readonly>true</readonly>
         <executable>true</executable>
         <run_address>0x70188568</run_address>
         <size>0x38</size>
         <alignment>0x4</alignment>
         <input_file_ref idref="fl-50"/>
      </object_component>
      <object_component id="oc-235">
         <name>.text.Sciclient_getCurrentContext</name>
         <load_address>0x701885a0</load_address>
         <readonly>true</readonly>
         <executable>true</executable>
         <run_address>0x701885a0</run_address>
         <size>0x38</size>
         <alignment>0x4</alignment>
         <input_file_ref idref="fl-4d"/>
      </object_component>
      <object_component id="oc-18d">
         <name>.text._DebugP_logZone</name>
         <load_address>0x701885d8</load_address>
         <readonly>true</readonly>
         <executable>true</executable>
         <run_address>0x701885d8</run_address>
         <size>0x38</size>
         <alignment>0x2</alignment>
         <input_file_ref idref="fl-34"/>
      </object_component>
      <object_component id="oc-164">
         <name>.text.Module_clockSetFrequency</name>
         <load_address>0x70188610</load_address>
         <readonly>true</readonly>
         <executable>true</executable>
         <run_address>0x70188610</run_address>
         <size>0x36</size>
         <alignment>0x2</alignment>
         <input_file_ref idref="fl-6"/>
      </object_component>
      <object_component id="oc-21f">
         <name>.text.ClockP_start</name>
         <load_address>0x70188646</load_address>
         <readonly>true</readonly>
         <executable>true</executable>
         <run_address>0x70188646</run_address>
         <size>0x34</size>
         <alignment>0x2</alignment>
         <input_file_ref idref="fl-36"/>
      </object_component>
      <object_component id="oc-279">
         <name>.text.SemaphoreP_post</name>
         <load_address>0x7018867a</load_address>
         <readonly>true</readonly>
         <executable>true</executable>
         <run_address>0x7018867a</run_address>
         <size>0x32</size>
         <alignment>0x2</alignment>
         <input_file_ref idref="fl-35"/>
      </object_component>
      <object_component id="oc-157">
         <name>.text.pmu</name>
         <load_address>0x701886ac</load_address>
         <readonly>true</readonly>
         <executable>true</executable>
         <run_address>0x701886ac</run_address>
         <size>0x30</size>
         <alignment>0x4</alignment>
         <input_file_ref idref="fl-46"/>
      </object_component>
      <object_component id="oc-1a8">
         <name>.text.Module_clockDisable</name>
         <load_address>0x701886dc</load_address>
         <readonly>true</readonly>
         <executable>true</executable>
         <run_address>0x701886dc</run_address>
         <size>0x2e</size>
         <alignment>0x2</alignment>
         <input_file_ref idref="fl-6"/>
      </object_component>
      <object_component id="oc-162">
         <name>.text.Module_clockEnable</name>
         <load_address>0x7018870a</load_address>
         <readonly>true</readonly>
         <executable>true</executable>
         <run_address>0x7018870a</run_address>
         <size>0x2e</size>
         <alignment>0x2</alignment>
         <input_file_ref idref="fl-6"/>
      </object_component>
      <object_component id="oc-135">
         <name>.text.SOC_controlModuleLockMMR</name>
         <load_address>0x70188738</load_address>
         <readonly>true</readonly>
         <executable>true</executable>
         <run_address>0x70188738</run_address>
         <size>0x2e</size>
         <alignment>0x2</alignment>
         <input_file_ref idref="fl-50"/>
      </object_component>
      <object_component id="oc-1db">
         <name>.text.Pinmux_lockMMR</name>
         <load_address>0x70188766</load_address>
         <readonly>true</readonly>
         <executable>true</executable>
         <run_address>0x70188766</run_address>
         <size>0x2c</size>
         <alignment>0x2</alignment>
         <input_file_ref idref="fl-4b"/>
      </object_component>
      <object_component id="oc-f9">
         <name>.text.IpcNotify_Params_init</name>
         <load_address>0x70188792</load_address>
         <readonly>true</readonly>
         <executable>true</executable>
         <run_address>0x70188792</run_address>
         <size>0x2a</size>
         <alignment>0x2</alignment>
         <input_file_ref idref="fl-49"/>
      </object_component>
      <object_component id="oc-27c">
         <name>.text.EPWM_tbPwmFreqCfg</name>
         <load_address>0x701887bc</load_address>
         <readonly>true</readonly>
         <executable>true</executable>
         <run_address>0x701887bc</run_address>
         <size>0x26</size>
         <alignment>0x2</alignment>
         <input_file_ref idref="fl-48"/>
      </object_component>
      <object_component id="oc-286">
         <name>.text.EPWM_tzTripEventDisable</name>
         <load_address>0x701887e2</load_address>
         <readonly>true</readonly>
         <executable>true</executable>
         <run_address>0x701887e2</run_address>
         <size>0x26</size>
         <alignment>0x2</alignment>
         <input_file_ref idref="fl-48"/>
      </object_component>
      <object_component id="oc-174">
         <name>.text.IpcNotify_unregisterClient</name>
         <load_address>0x70188808</load_address>
         <readonly>true</readonly>
         <executable>true</executable>
         <run_address>0x70188808</run_address>
         <size>0x24</size>
         <alignment>0x4</alignment>
         <input_file_ref idref="fl-49"/>
      </object_component>
      <object_component id="oc-15b">
         <name>.text.__aeabi_uldivmod</name>
         <load_address>0x7018882c</load_address>
         <readonly>true</readonly>
         <executable>true</executable>
         <run_address>0x7018882c</run_address>
         <size>0x24</size>
         <alignment>0x4</alignment>
         <input_file_ref idref="fl-c0"/>
      </object_component>
      <object_component id="oc-1e8">
         <name>.text.vprintf_</name>
         <load_address>0x70188850</load_address>
         <readonly>true</readonly>
         <executable>true</executable>
         <run_address>0x70188850</run_address>
         <size>0x24</size>
         <alignment>0x2</alignment>
         <input_file_ref idref="fl-3d"/>
      </object_component>
      <object_component id="oc-f4">
         <name>.text.Pinmux_init</name>
         <load_address>0x70188874</load_address>
         <readonly>true</readonly>
         <executable>true</executable>
         <run_address>0x70188874</run_address>
         <size>0x22</size>
         <alignment>0x2</alignment>
         <input_file_ref idref="fl-5"/>
      </object_component>
      <object_component id="oc-133">
         <name>.text.DebugP_logZoneEnable</name>
         <load_address>0x70188896</load_address>
         <readonly>true</readonly>
         <executable>true</executable>
         <run_address>0x70188896</run_address>
         <size>0x20</size>
         <alignment>0x2</alignment>
         <input_file_ref idref="fl-33"/>
      </object_component>
      <object_component id="oc-237">
         <name>.text.Sciclient_secProxyWaitThread</name>
         <load_address>0x701888b8</load_address>
         <readonly>true</readonly>
         <executable>true</executable>
         <run_address>0x701888b8</run_address>
         <size>0x20</size>
         <alignment>0x4</alignment>
         <input_file_ref idref="fl-4d"/>
      </object_component>
      <object_component id="oc-1bb">
         <name>.text.TimerP_Params_init</name>
         <load_address>0x701888d8</load_address>
         <readonly>true</readonly>
         <executable>true</executable>
         <run_address>0x701888d8</run_address>
         <size>0x20</size>
         <alignment>0x2</alignment>
         <input_file_ref idref="fl-38"/>
      </object_component>
      <object_component id="oc-27d">
         <name>.text.EPWM_tbSyncEnable</name>
         <load_address>0x701888f8</load_address>
         <readonly>true</readonly>
         <executable>true</executable>
         <run_address>0x701888f8</run_address>
         <size>0x1e</size>
         <alignment>0x2</alignment>
         <input_file_ref idref="fl-48"/>
      </object_component>
      <object_component id="oc-e5">
         <name>.text.SOC_getSelfCpuClk</name>
         <load_address>0x70188916</load_address>
         <readonly>true</readonly>
         <executable>true</executable>
         <run_address>0x70188916</run_address>
         <size>0x1e</size>
         <alignment>0x2</alignment>
         <input_file_ref idref="fl-50"/>
      </object_component>
      <object_component id="oc-17d">
         <name>.text.IpcNotify_syncCallback</name>
         <load_address>0x70188934</load_address>
         <readonly>true</readonly>
         <executable>true</executable>
         <run_address>0x70188934</run_address>
         <size>0x1c</size>
         <alignment>0x4</alignment>
         <input_file_ref idref="fl-49"/>
      </object_component>
      <object_component id="oc-65">
         <name>.text._system_pre_init</name>
         <load_address>0x70188950</load_address>
         <readonly>true</readonly>
         <executable>true</executable>
         <run_address>0x70188950</run_address>
         <size>0x1c</size>
         <alignment>0x2</alignment>
         <input_file_ref idref="fl-47"/>
      </object_component>
      <object_component id="oc-6a">
         <name>.text.main</name>
         <load_address>0x7018896c</load_address>
         <readonly>true</readonly>
         <executable>true</executable>
         <run_address>0x7018896c</run_address>
         <size>0x1c</size>
         <alignment>0x2</alignment>
         <input_file_ref idref="fl-d"/>
      </object_component>
      <object_component id="oc-142">
         <name>.text.CSL_secProxyGetMaxMsgSize</name>
         <load_address>0x70188988</load_address>
         <readonly>true</readonly>
         <executable>true</executable>
         <run_address>0x70188988</run_address>
         <size>0x18</size>
         <alignment>0x4</alignment>
         <input_file_ref idref="fl-4d"/>
      </object_component>
      <object_component id="oc-173">
         <name>.text.IpcNotify_getConfig</name>
         <load_address>0x701889a0</load_address>
         <readonly>true</readonly>
         <executable>true</executable>
         <run_address>0x701889a0</run_address>
         <size>0x18</size>
         <alignment>0x2</alignment>
         <input_file_ref idref="fl-3"/>
      </object_component>
      <object_component id="oc-236">
         <name>.text.Sciclient_secProxyReadThread32</name>
         <load_address>0x701889b8</load_address>
         <readonly>true</readonly>
         <executable>true</executable>
         <run_address>0x701889b8</run_address>
         <size>0x18</size>
         <alignment>0x4</alignment>
         <input_file_ref idref="fl-4d"/>
      </object_component>
      <object_component id="oc-126">
         <name>.text:TI_memset_small</name>
         <load_address>0x701889d0</load_address>
         <readonly>true</readonly>
         <executable>true</executable>
         <run_address>0x701889d0</run_address>
         <size>0x18</size>
         <alignment>0x4</alignment>
         <input_file_ref idref="fl-c4"/>
      </object_component>
      <object_component id="oc-258">
         <name>.text.PRUICSS_clearEvent</name>
         <load_address>0x701889e8</load_address>
         <readonly>true</readonly>
         <executable>true</executable>
         <run_address>0x701889e8</run_address>
         <size>0x16</size>
         <alignment>0x2</alignment>
         <input_file_ref idref="fl-4c"/>
      </object_component>
      <object_component id="oc-ab">
         <name>.text.single_chip_servo_main</name>
         <load_address>0x701889fe</load_address>
         <readonly>true</readonly>
         <executable>true</executable>
         <run_address>0x701889fe</run_address>
         <size>0x16</size>
         <alignment>0x2</alignment>
         <input_file_ref idref="fl-f"/>
      </object_component>
      <object_component id="oc-285">
         <name>.text.EPWM_chopperEnable</name>
         <load_address>0x70188a14</load_address>
         <readonly>true</readonly>
         <executable>true</executable>
         <run_address>0x70188a14</run_address>
         <size>0x14</size>
         <alignment>0x2</alignment>
         <input_file_ref idref="fl-48"/>
      </object_component>
      <object_component id="oc-13b">
         <name>.text.Sciclient_getDevId</name>
         <load_address>0x70188a28</load_address>
         <readonly>true</readonly>
         <executable>true</executable>
         <run_address>0x70188a28</run_address>
         <size>0x14</size>
         <alignment>0x4</alignment>
         <input_file_ref idref="fl-4f"/>
      </object_component>
      <object_component id="oc-287">
         <name>.text.EPWM_etIntrCfg</name>
         <load_address>0x70188a3c</load_address>
         <readonly>true</readonly>
         <executable>true</executable>
         <run_address>0x70188a3c</run_address>
         <size>0x12</size>
         <alignment>0x2</alignment>
         <input_file_ref idref="fl-48"/>
      </object_component>
      <object_component id="oc-27f">
         <name>.text.EPWM_tbSetSyncOutMode</name>
         <load_address>0x70188a4e</load_address>
         <readonly>true</readonly>
         <executable>true</executable>
         <run_address>0x70188a4e</run_address>
         <size>0x12</size>
         <alignment>0x2</alignment>
         <input_file_ref idref="fl-48"/>
      </object_component>
      <object_component id="oc-293">
         <name>.text.TimerP_clearOverflowInt</name>
         <load_address>0x70188a60</load_address>
         <readonly>true</readonly>
         <executable>true</executable>
         <run_address>0x70188a60</run_address>
         <size>0x12</size>
         <alignment>0x2</alignment>
         <input_file_ref idref="fl-38"/>
      </object_component>
      <object_component id="oc-2ac">
         <name>.text.__aeabi_memset</name>
         <load_address>0x70188a74</load_address>
         <readonly>true</readonly>
         <executable>true</executable>
         <run_address>0x70188a74</run_address>
         <size>0x10</size>
         <alignment>0x4</alignment>
         <input_file_ref idref="fl-bf"/>
      </object_component>
      <object_component id="oc-280">
         <name>.text.EPWM_tbSetEmulationMode</name>
         <load_address>0x70188a84</load_address>
         <readonly>true</readonly>
         <executable>true</executable>
         <run_address>0x70188a84</run_address>
         <size>0xe</size>
         <alignment>0x2</alignment>
         <input_file_ref idref="fl-48"/>
      </object_component>
      <object_component id="oc-ef">
         <name>.text.PowerClock_init</name>
         <load_address>0x70188a92</load_address>
         <readonly>true</readonly>
         <executable>true</executable>
         <run_address>0x70188a92</run_address>
         <size>0xe</size>
         <alignment>0x2</alignment>
         <input_file_ref idref="fl-6"/>
      </object_component>
      <object_component id="oc-14d">
         <name>.text.Sciclient_getSelfDevIdCore</name>
         <load_address>0x70188aa0</load_address>
         <readonly>true</readonly>
         <executable>true</executable>
         <run_address>0x70188aa0</run_address>
         <size>0xc</size>
         <alignment>0x4</alignment>
         <input_file_ref idref="fl-4d"/>
      </object_component>
      <object_component id="oc-8b">
         <name>.text.__aeabi_memclr</name>
         <load_address>0x70188aac</load_address>
         <readonly>true</readonly>
         <executable>true</executable>
         <run_address>0x70188aac</run_address>
         <size>0xc</size>
         <alignment>0x4</alignment>
         <input_file_ref idref="fl-bf"/>
      </object_component>
      <object_component id="oc-239">
         <name>.text.CSL_secProxyGetDataAddr</name>
         <load_address>0x70188ab8</load_address>
         <readonly>true</readonly>
         <executable>true</executable>
         <run_address>0x70188ab8</run_address>
         <size>0xa</size>
         <alignment>0x2</alignment>
         <input_file_ref idref="fl-51"/>
      </object_component>
      <object_component id="oc-21d">
         <name>.text.ClockP_Params_init</name>
         <load_address>0x70188ac2</load_address>
         <readonly>true</readonly>
         <executable>true</executable>
         <run_address>0x70188ac2</run_address>
         <size>0xa</size>
         <alignment>0x2</alignment>
         <input_file_ref idref="fl-36"/>
      </object_component>
      <object_component id="oc-220">
         <name>.text.ClockP_isActive</name>
         <load_address>0x70188acc</load_address>
         <readonly>true</readonly>
         <executable>true</executable>
         <run_address>0x70188acc</run_address>
         <size>0xa</size>
         <alignment>0x2</alignment>
         <input_file_ref idref="fl-36"/>
      </object_component>
      <object_component id="oc-284">
         <name>.text.EPWM_deadbandBypass</name>
         <load_address>0x70188ad6</load_address>
         <readonly>true</readonly>
         <executable>true</executable>
         <run_address>0x70188ad6</run_address>
         <size>0xa</size>
         <alignment>0x2</alignment>
         <input_file_ref idref="fl-48"/>
      </object_component>
      <object_component id="oc-27a">
         <name>.text.EPWM_etIntrClear</name>
         <load_address>0x70188ae0</load_address>
         <readonly>true</readonly>
         <executable>true</executable>
         <run_address>0x70188ae0</run_address>
         <size>0xa</size>
         <alignment>0x2</alignment>
         <input_file_ref idref="fl-48"/>
      </object_component>
      <object_component id="oc-288">
         <name>.text.EPWM_etIntrEnable</name>
         <load_address>0x70188aea</load_address>
         <readonly>true</readonly>
         <executable>true</executable>
         <run_address>0x70188aea</run_address>
         <size>0xa</size>
         <alignment>0x2</alignment>
         <input_file_ref idref="fl-48"/>
      </object_component>
      <object_component id="oc-27e">
         <name>.text.EPWM_tbSyncDisable</name>
         <load_address>0x70188af4</load_address>
         <readonly>true</readonly>
         <executable>true</executable>
         <run_address>0x70188af4</run_address>
         <size>0xa</size>
         <alignment>0x2</alignment>
         <input_file_ref idref="fl-48"/>
      </object_component>
      <object_component id="oc-208">
         <name>.text.EPWM_tbTriggerSwSync</name>
         <load_address>0x70188afe</load_address>
         <readonly>true</readonly>
         <executable>true</executable>
         <run_address>0x70188afe</run_address>
         <size>0xa</size>
         <alignment>0x2</alignment>
         <input_file_ref idref="fl-48"/>
      </object_component>
      <object_component id="oc-1c4">
         <name>.text.TimerP_start</name>
         <load_address>0x70188b08</load_address>
         <readonly>true</readonly>
         <executable>true</executable>
         <run_address>0x70188b08</run_address>
         <size>0xa</size>
         <alignment>0x2</alignment>
         <input_file_ref idref="fl-38"/>
      </object_component>
      <object_component id="oc-278">
         <name>.text.EPWM_etIntrStatus</name>
         <load_address>0x70188b12</load_address>
         <readonly>true</readonly>
         <executable>true</executable>
         <run_address>0x70188b12</run_address>
         <size>0x8</size>
         <alignment>0x2</alignment>
         <input_file_ref idref="fl-48"/>
      </object_component>
      <object_component id="oc-253">
         <name>.text._out_char</name>
         <load_address>0x70188b1a</load_address>
         <readonly>true</readonly>
         <executable>true</executable>
         <run_address>0x70188b1a</run_address>
         <size>0x8</size>
         <alignment>0x2</alignment>
         <input_file_ref idref="fl-3d"/>
      </object_component>
      <object_component id="oc-10d">
         <name>.text.Board_driversOpen</name>
         <load_address>0x70188b22</load_address>
         <readonly>true</readonly>
         <executable>true</executable>
         <run_address>0x70188b22</run_address>
         <size>0x4</size>
         <alignment>0x2</alignment>
         <input_file_ref idref="fl-8"/>
      </object_component>
      <object_component id="oc-1e5">
         <name>.text.ClockP_getTimerCount</name>
         <load_address>0x70188b26</load_address>
         <readonly>true</readonly>
         <executable>true</executable>
         <run_address>0x70188b26</run_address>
         <size>0x4</size>
         <alignment>0x2</alignment>
         <input_file_ref idref="fl-37"/>
      </object_component>
      <object_component id="oc-234">
         <name>.text.ClockP_timerClearOverflowInt</name>
         <load_address>0x70188b2a</load_address>
         <readonly>true</readonly>
         <executable>true</executable>
         <run_address>0x70188b2a</run_address>
         <size>0x4</size>
         <alignment>0x2</alignment>
         <input_file_ref idref="fl-37"/>
      </object_component>
      <object_component id="oc-117">
         <name>.text.PowerClock_deinit</name>
         <load_address>0x70188b2e</load_address>
         <readonly>true</readonly>
         <executable>true</executable>
         <run_address>0x70188b2e</run_address>
         <size>0x4</size>
         <alignment>0x2</alignment>
         <input_file_ref idref="fl-6"/>
      </object_component>
      <object_component id="oc-118">
         <name>.text.Sciclient_deinit</name>
         <load_address>0x70188b32</load_address>
         <readonly>true</readonly>
         <executable>true</executable>
         <run_address>0x70188b32</run_address>
         <size>0x4</size>
         <alignment>0x2</alignment>
         <input_file_ref idref="fl-4d"/>
      </object_component>
      <object_component id="oc-252">
         <name>.text.TimerP_getCount</name>
         <load_address>0x70188b36</load_address>
         <readonly>true</readonly>
         <executable>true</executable>
         <run_address>0x70188b36</run_address>
         <size>0x4</size>
         <alignment>0x2</alignment>
         <input_file_ref idref="fl-38"/>
      </object_component>
      <object_component id="oc-1c2">
         <name>.text.TimerP_getReloadCount</name>
         <load_address>0x70188b3a</load_address>
         <readonly>true</readonly>
         <executable>true</executable>
         <run_address>0x70188b3a</run_address>
         <size>0x4</size>
         <alignment>0x2</alignment>
         <input_file_ref idref="fl-38"/>
      </object_component>
      <object_component id="oc-241">
         <name>.text.__aeabi_ldiv0</name>
         <load_address>0x70188b40</load_address>
         <readonly>true</readonly>
         <executable>true</executable>
         <run_address>0x70188b40</run_address>
         <size>0x4</size>
         <alignment>0x10</alignment>
         <input_file_ref idref="fl-c2"/>
      </object_component>
      <object_component id="oc-2f7">
         <name>.tramp.HwiP_enable.1</name>
         <load_address>0x70188b44</load_address>
         <readonly>true</readonly>
         <executable>true</executable>
         <run_address>0x70188b44</run_address>
         <size>0x8</size>
         <alignment>0x4</alignment>
         <input_file_ref idref="fl-43"/>
      </object_component>
      <object_component id="oc-2f6">
         <name>.tramp.PmuP_enableCounters.1</name>
         <load_address>0x70188b4c</load_address>
         <readonly>true</readonly>
         <executable>true</executable>
         <run_address>0x70188b4c</run_address>
         <size>0x8</size>
         <alignment>0x4</alignment>
         <input_file_ref idref="fl-46"/>
      </object_component>
      <object_component id="oc-2f5">
         <name>.tramp.HwiP_restore.1</name>
         <load_address>0x70188b54</load_address>
         <readonly>true</readonly>
         <executable>true</executable>
         <run_address>0x70188b54</run_address>
         <size>0x8</size>
         <alignment>0x4</alignment>
         <input_file_ref idref="fl-43"/>
      </object_component>
      <object_component id="oc-23f">
         <name>.rodata.gSciclientMap</name>
         <load_address>0x70188b60</load_address>
         <readonly>true</readonly>
         <run_address>0x70188b60</run_address>
         <size>0x12c</size>
         <alignment>0x4</alignment>
         <input_file_ref idref="fl-4e"/>
      </object_component>
      <object_component id="oc-ce">
         <name>.rodata.cfg</name>
         <load_address>0x70188c8c</load_address>
         <readonly>true</readonly>
         <run_address>0x70188c8c</run_address>
         <size>0xe4</size>
         <alignment>0x4</alignment>
         <input_file_ref idref="fl-2"/>
      </object_component>
      <object_component id="oc-2ad">
         <name>.rodata._ftoa.pow10</name>
         <load_address>0x70188d70</load_address>
         <readonly>true</readonly>
         <run_address>0x70188d70</run_address>
         <size>0x50</size>
         <alignment>0x8</alignment>
         <input_file_ref idref="fl-3d"/>
      </object_component>
      <object_component id="oc-182">
         <name>.rodata.str1.15970864843137763651</name>
         <load_address>0x70188dc0</load_address>
         <readonly>true</readonly>
         <run_address>0x70188dc0</run_address>
         <size>0x40</size>
         <alignment>0x1</alignment>
         <input_file_ref idref="fl-49"/>
      </object_component>
      <object_component id="oc-22f">
         <name>.rodata.str1.155618297627321921901</name>
         <load_address>0x70188e00</load_address>
         <readonly>true</readonly>
         <run_address>0x70188e00</run_address>
[...]
      </symbol>
      <symbol id="sm-2a7">
         <name>HwiP_data_abort_handler</name>
         <value>0x701899dc</value>
         <object_component_ref idref="oc-5b"/>
      </symbol>
      <symbol id="sm-2b6">
         <name>_vectors</name>
         <value>0x0</value>
         <object_component_ref idref="oc-34"/>
      </symbol>
      <symbol id="sm-2c9">
         <name>__stack</name>
         <value>0x701813d0</value>
         <object_component_ref idref="oc-52"/>
      </symbol>
      <symbol id="sm-2ca">
         <name>_c_int00_sbl</name>
         <value>0x7018a0e8</value>
         <object_component_ref idref="oc-53"/>
      </symbol>
      <symbol id="sm-2cb">
         <name>_c_int00</name>
         <value>0x7018a10c</value>
         <object_component_ref idref="oc-53"/>
      </symbol>
      <symbol id="sm-2d1">
         <name>HwiP_disable</name>
         <value>0x70189a28</value>
         <object_component_ref idref="oc-78"/>
      </symbol>
      <symbol id="sm-2d2">
         <name>HwiP_disableFIQ</name>
         <value>0x70189a38</value>
         <object_component_ref idref="oc-78"/>
      </symbol>
      <symbol id="sm-2d3">
         <name>HwiP_enable</name>
         <value>0x70189a48</value>
         <object_component_ref idref="oc-78"/>
      </symbol>
      <symbol id="sm-2d4">
         <name>HwiP_enableFIQ</name>
         <value>0x70189a58</value>
         <object_component_ref idref="oc-78"/>
      </symbol>
      <symbol id="sm-2d5">
         <name>HwiP_restore</name>
         <value>0x70189a68</value>
         <object_component_ref idref="oc-78"/>
      </symbol>
      <symbol id="sm-2d6">
         <name>HwiP_enableVIC</name>
         <value>0x70189a70</value>
         <object_component_ref idref="oc-78"/>
      </symbol>
      <symbol id="sm-2d7">
         <name>HwiP_disableVIC</name>
         <value>0x70189a80</value>
         <object_component_ref idref="oc-78"/>
      </symbol>
      <symbol id="sm-2d8">
         <name>HwiP_getCPSR</name>
         <value>0x70189a90</value>
         <object_component_ref idref="oc-78"/>
      </symbol>
      <symbol id="sm-2ed">
         <name>MpuP_disableAsm</name>
         <value>0x7018a060</value>
         <object_component_ref idref="oc-c6"/>
      </symbol>
      <symbol id="sm-2ee">
         <name>MpuP_disableBRAsm</name>
         <value>0x7018a078</value>
         <object_component_ref idref="oc-c6"/>
      </symbol>
      <symbol id="sm-2ef">
         <name>MpuP_enableAsm</name>
         <value>0x7018a088</value>
         <object_component_ref idref="oc-c6"/>
      </symbol>
      <symbol id="sm-2f0">
         <name>MpuP_enableBRAsm</name>
         <value>0x7018a0a0</value>
         <object_component_ref idref="oc-c6"/>
      </symbol>
      <symbol id="sm-2f1">
         <name>MpuP_isEnableAsm</name>
         <value>0x7018a0b0</value>
         <object_component_ref idref="oc-c6"/>
      </symbol>
      <symbol id="sm-2f2">
         <name>MpuP_setRegionAsm</name>
         <value>0x7018a0c4</value>
         <object_component_ref idref="oc-c6"/>
      </symbol>
      <symbol id="sm-318">
         <name>CacheP_disableL1d</name>
         <value>0x70189aa0</value>
         <object_component_ref idref="oc-ca"/>
      </symbol>
      <symbol id="sm-319">
         <name>CacheP_wbInvAllAsm</name>
         <value>0x70189ccc</value>
         <object_component_ref idref="oc-ca"/>
      </symbol>
      <symbol id="sm-31a">
         <name>CacheP_disableL1p</name>
         <value>0x70189ac8</value>
         <object_component_ref idref="oc-ca"/>
      </symbol>
      <symbol id="sm-31b">
         <name>CacheP_enableL1d</name>
         <value>0x70189ae0</value>
         <object_component_ref idref="oc-ca"/>
      </symbol>
      <symbol id="sm-31c">
         <name>CacheP_enableL1p</name>
         <value>0x70189af8</value>
         <object_component_ref idref="oc-ca"/>
      </symbol>
      <symbol id="sm-31d">
         <name>CacheP_invL1d</name>
         <value>0x70189b10</value>
         <object_component_ref idref="oc-ca"/>
      </symbol>
      <symbol id="sm-31e">
         <name>CacheP_invL1p</name>
         <value>0x70189b48</value>
         <object_component_ref idref="oc-ca"/>
      </symbol>
      <symbol id="sm-31f">
         <name>CacheP_invL1dAll</name>
         <value>0x70189b84</value>
         <object_component_ref idref="oc-ca"/>
      </symbol>
      <symbol id="sm-320">
         <name>CacheP_invL1pAll</name>
         <value>0x70189b8c</value>
         <object_component_ref idref="oc-ca"/>
      </symbol>
      <symbol id="sm-321">
         <name>CacheP_wb</name>
         <value>0x70189b94</value>
         <object_component_ref idref="oc-ca"/>
      </symbol>
      <symbol id="sm-322">
         <name>CacheP_wbInv</name>
         <value>0x70189bd0</value>
         <object_component_ref idref="oc-ca"/>
      </symbol>
      <symbol id="sm-323">
         <name>CacheP_wbAll</name>
         <value>0x70189c0c</value>
         <object_component_ref idref="oc-ca"/>
      </symbol>
      <symbol id="sm-324">
         <name>CacheP_wbInvAll</name>
         <value>0x70189cb4</value>
         <object_component_ref idref="oc-ca"/>
      </symbol>
      <symbol id="sm-325">
         <name>CacheP_getEnabled</name>
         <value>0x70189d6c</value>
         <object_component_ref idref="oc-ca"/>
      </symbol>
      <symbol id="sm-326">
         <name>CacheP_getCacheLevelInfo</name>
         <value>0x70189da4</value>
         <object_component_ref idref="oc-ca"/>
      </symbol>
      <symbol id="sm-327">
         <name>CacheP_configForceWrThru</name>
         <value>0x70189db0</value>
         <object_component_ref idref="oc-ca"/>
      </symbol>
      <symbol id="sm-328">
         <name>CacheP_setDLFO</name>
         <value>0x70189dd0</value>
         <object_component_ref idref="oc-ca"/>
      </symbol>
      <symbol id="sm-334">
         <name>CycleCounterP_getCount32</name>
         <value>0x701886ac</value>
         <object_component_ref idref="oc-157"/>
      </symbol>
      <symbol id="sm-335">
         <name>PmuP_setup</name>
         <value>0x701886b4</value>
         <object_component_ref idref="oc-157"/>
      </symbol>
      <symbol id="sm-336">
         <name>PmuP_enableCounters</name>
         <value>0x701886bc</value>
         <object_component_ref idref="oc-157"/>
      </symbol>
      <symbol id="sm-337">
         <name>PmuP_disableCounters</name>
         <value>0x701886c4</value>
         <object_component_ref idref="oc-157"/>
      </symbol>
      <symbol id="sm-338">
         <name>PmuP_getOverflowStatus</name>
         <value>0x701886cc</value>
         <object_component_ref idref="oc-157"/>
      </symbol>
      <symbol id="sm-339">
         <name>PmuP_clearOverflowStatus</name>
         <value>0x701886d4</value>
         <object_component_ref idref="oc-157"/>
      </symbol>
      <symbol id="sm-345">
         <name>_system_pre_init</name>
         <value>0x70188951</value>
         <object_component_ref idref="oc-65"/>
      </symbol>
      <symbol id="sm-36f">
         <name>EPWM_tbTimebaseClkCfg</name>
         <value>0x701884b9</value>
         <object_component_ref idref="oc-27b"/>
      </symbol>
      <symbol id="sm-370">
         <name>EPWM_tbPwmFreqCfg</name>
         <value>0x701887bd</value>
         <object_component_ref idref="oc-27c"/>
      </symbol>
      <symbol id="sm-371">
         <name>EPWM_tbSyncEnable</name>
         <value>0x701888f9</value>
         <object_component_ref idref="oc-27d"/>
      </symbol>
      <symbol id="sm-372">
         <name>EPWM_tbSyncDisable</name>
         <value>0x70188af5</value>
         <object_component_ref idref="oc-27e"/>
      </symbol>
      <symbol id="sm-373">
         <name>EPWM_tbSetSyncOutMode</name>
         <value>0x70188a4f</value>
         <object_component_ref idref="oc-27f"/>
      </symbol>
      <symbol id="sm-374">
         <name>EPWM_tbTriggerSwSync</name>
         <value>0x70188aff</value>
         <object_component_ref idref="oc-208"/>
      </symbol>
      <symbol id="sm-375">
         <name>EPWM_tbSetEmulationMode</name>
         <value>0x70188a85</value>
         <object_component_ref idref="oc-280"/>
      </symbol>
      <symbol id="sm-376">
         <name>EPWM_counterComparatorCfg</name>
         <value>0x701880fb</value>
         <object_component_ref idref="oc-281"/>
      </symbol>
      <symbol id="sm-377">
         <name>EPWM_aqActionOnOutputCfg</name>
         <value>0x70188243</value>
         <object_component_ref idref="oc-282"/>
      </symbol>
      <symbol id="sm-378">
         <name>EPWM_deadbandCfg</name>
         <value>0x70188331</value>
         <object_component_ref idref="oc-283"/>
      </symbol>
      <symbol id="sm-379">
         <name>EPWM_deadbandBypass</name>
         <value>0x70188ad7</value>
         <object_component_ref idref="oc-284"/>
      </symbol>
      <symbol id="sm-37a">
         <name>EPWM_chopperEnable</name>
         <value>0x70188a15</value>
         <object_component_ref idref="oc-285"/>
      </symbol>
      <symbol id="sm-37b">
         <name>EPWM_tzTripEventDisable</name>
         <value>0x701887e3</value>
         <object_component_ref idref="oc-286"/>
      </symbol>
      <symbol id="sm-37c">
         <name>EPWM_etIntrCfg</name>
         <value>0x70188a3d</value>
         <object_component_ref idref="oc-287"/>
      </symbol>
      <symbol id="sm-37d">
         <name>EPWM_etIntrEnable</name>
         <value>0x70188aeb</value>
         <object_component_ref idref="oc-288"/>
      </symbol>
      <symbol id="sm-37e">
         <name>EPWM_etIntrStatus</name>
         <value>0x70188b13</value>
         <object_component_ref idref="oc-278"/>
      </symbol>
      <symbol id="sm-37f">
         <name>EPWM_etIntrClear</name>
         <value>0x70188ae1</value>
         <object_component_ref idref="oc-27a"/>
      </symbol>
      <symbol id="sm-3ad">
         <name>IpcNotify_isr</name>
         <value>0x7018711d</value>
         <object_component_ref idref="oc-17f"/>
      </symbol>
      <symbol id="sm-3ae">
         <name>gIpcNotifyCtrl</name>
         <value>0x70181008</value>
      </symbol>
      <symbol id="sm-3af">
         <name>IpcNotify_registerClient</name>
         <value>0x70187d61</value>
         <object_component_ref idref="oc-175"/>
      </symbol>
      <symbol id="sm-3b0">
         <name>IpcNotify_unregisterClient</name>
         <value>0x70188809</value>
         <object_component_ref idref="oc-174"/>
      </symbol>
      <symbol id="sm-3b1">
         <name>IpcNotify_syncCallback</name>
         <value>0x70188935</value>
         <object_component_ref idref="oc-17d"/>
      </symbol>
      <symbol id="sm-3b2">
         <name>IpcNotify_Params_init</name>
         <value>0x70188793</value>
         <object_component_ref idref="oc-f9"/>
      </symbol>
      <symbol id="sm-3b3">
         <name>IpcNotify_init</name>
         <value>0x70186011</value>
         <object_component_ref idref="oc-ff"/>
      </symbol>
      <symbol id="sm-3b4">
         <name>IpcNotify_deInit</name>
         <value>0x70187219</value>
         <object_component_ref idref="oc-116"/>
      </symbol>
      <symbol id="sm-3b9">
         <name>gIpcNotifyMailboxBaseAddr</name>
         <value>0x7018a344</value>
         <object_component_ref idref="oc-177"/>
      </symbol>
      <symbol id="sm-3ba">
         <name>gIpcNotifyMailboxConfig</name>
         <value>0x7018a218</value>
         <object_component_ref idref="oc-17e"/>
      </symbol>
      <symbol id="sm-3bb">
         <name>gIpcNotifyInterruptConfig_r5fss0_1</name>
         <value>0x7018a2ac</value>
         <object_component_ref idref="oc-1df"/>
      </symbol>
      <symbol id="sm-3bc">
         <name>gIpcNotifyInterruptConfigNum_r5fss0_1</name>
         <value>0x7018a3fc</value>
         <object_component_ref idref="oc-1de"/>
      </symbol>
      <symbol id="sm-3cc">
         <name>Pinmux_config</name>
         <value>0x70187edd</value>
         <object_component_ref idref="oc-168"/>
      </symbol>
      <symbol id="sm-3cd">
         <name>Pinmux_unlockMMR</name>
         <value>0x701883f9</value>
         <object_component_ref idref="oc-1da"/>
      </symbol>
      <symbol id="sm-3ce">
         <name>Pinmux_lockMMR</name>
         <value>0x70188767</value>
         <object_component_ref idref="oc-1db"/>
      </symbol>
      <symbol id="sm-3d8">
         <name>PRUICSS_clearEvent</name>
         <value>0x701889e9</value>
         <object_component_ref idref="oc-258"/>
      </symbol>
      <symbol id="sm-408">
         <name>Sciclient_init</name>
         <value>0x70187af1</value>
         <object_component_ref idref="oc-df"/>
      </symbol>
      <symbol id="sm-409">
         <name>Sciclient_deinit</name>
         <value>0x70188b33</value>
         <object_component_ref idref="oc-118"/>
      </symbol>
      <symbol id="sm-40a">
         <name>Sciclient_service</name>
         <value>0x70186301</value>
         <object_component_ref idref="oc-1cd"/>
      </symbol>
      <symbol id="sm-40b">
         <name>Sciclient_getCurrentContext</name>
         <value>0x701885a1</value>
         <object_component_ref idref="oc-235"/>
      </symbol>
      <symbol id="sm-40c">
         <name>Sciclient_getSelfDevIdCore</name>
         <value>0x70188aa1</value>
         <object_component_ref idref="oc-14d"/>
      </symbol>
      <symbol id="sm-411">
         <name>gSciclientMap</name>
         <value>0x70188b60</value>
         <object_component_ref idref="oc-23f"/>
      </symbol>
      <symbol id="sm-421">
         <name>Sciclient_getContext</name>
         <value>0x70188295</value>
         <object_component_ref idref="oc-141"/>
      </symbol>
      <symbol id="sm-422">
         <name>Sciclient_getDevId</name>
         <value>0x70188a29</value>
         <object_component_ref idref="oc-13b"/>
      </symbol>
      <symbol id="sm-423">
         <name>gSciclientSecProxyCfg</name>
         <value>0x7018a368</value>
         <object_component_ref idref="oc-143"/>
      </symbol>
      <symbol id="sm-439">
         <name>SOC_moduleClockEnable</name>
         <value>0x70187a83</value>
         <object_component_ref idref="oc-1d7"/>
      </symbol>
      <symbol id="sm-43a">
         <name>SOC_moduleSetClockFrequency</name>
         <value>0x70186cb3</value>
         <object_component_ref idref="oc-1d9"/>
      </symbol>
      <symbol id="sm-43b">
         <name>SOC_getSelfCpuClk</name>
         <value>0x70188917</value>
         <object_component_ref idref="oc-e5"/>
      </symbol>
      <symbol id="sm-43c">
         <name>SOC_controlModuleLockMMR</name>
         <value>0x70188739</value>
         <object_component_ref idref="oc-135"/>
      </symbol>
      <symbol id="sm-43d">
         <name>SOC_controlModuleUnlockMMR</name>
         <value>0x70188569</value>
         <object_component_ref idref="oc-134"/>
      </symbol>
      <symbol id="sm-43e">
         <name>SOC_setEpwmTbClk</name>
         <value>0x701882e5</value>
         <object_component_ref idref="oc-f8"/>
      </symbol>
      <symbol id="sm-448">
         <name>CSL_secProxyGetDataAddr</name>
         <value>0x70188ab9</value>
         <object_component_ref idref="oc-239"/>
      </symbol>
      <symbol id="sm-466">
         <name>Sciclient_pmSetModuleState</name>
         <value>0x70188151</value>
         <object_component_ref idref="oc-249"/>
      </symbol>
      <symbol id="sm-467">
         <name>Sciclient_pmGetModuleState</name>
         <value>0x70187a15</value>
         <object_component_ref idref="oc-248"/>
      </symbol>
      <symbol id="sm-468">
         <name>Sciclient_pmSetModuleRst</name>
         <value>0x70188375</value>
         <object_component_ref idref="oc-24a"/>
      </symbol>
      <symbol id="sm-469">
         <name>Sciclient_pmModuleClkRequest</name>
         <value>0x70187ff1</value>
         <object_component_ref idref="oc-24e"/>
      </symbol>
      <symbol id="sm-46a">
         <name>Sciclient_pmModuleGetClkStatus</name>
         <value>0x70187cfd</value>
         <object_component_ref idref="oc-24b"/>
      </symbol>
      <symbol id="sm-46b">
         <name>Sciclient_pmSetModuleClkParent</name>
         <value>0x70187e7f</value>
         <object_component_ref idref="oc-24f"/>
      </symbol>
      <symbol id="sm-46c">
         <name>Sciclient_pmGetModuleClkParent</name>
         <value>0x70187c97</value>
         <object_component_ref idref="oc-24d"/>
      </symbol>
      <symbol id="sm-46d">
         <name>Sciclient_pmGetModuleClkNumParent</name>
         <value>0x701878ad</value>
         <object_component_ref idref="oc-24c"/>
      </symbol>
      <symbol id="sm-46e">
         <name>Sciclient_pmSetModuleClkFreq</name>
         <value>0x70187695</value>
         <object_component_ref idref="oc-251"/>
      </symbol>
      <symbol id="sm-46f">
         <name>Sciclient_pmQueryModuleClkFreq</name>
         <value>0x701874c9</value>
         <object_component_ref idref="oc-250"/>
      </symbol>
      <symbol id="sm-470">
         <name>Sciclient_pmGetModuleClkFreq</name>
         <value>0x70187c31</value>
         <object_component_ref idref="oc-14e"/>
      </symbol>
      <symbol id="sm-47c">
         <name>abort</name>
         <value>0x7018a210</value>
         <object_component_ref idref="oc-b5"/>
      </symbol>
      <symbol id="sm-47d">
         <name>C$$EXIT</name>
         <value>0x7018a210</value>
         <object_component_ref idref="oc-b5"/>
      </symbol>
      <symbol id="sm-489">
         <name>__TI_auto_init_nobinit_nopinit</name>
         <value>0x7018804c</value>
         <object_component_ref idref="oc-93"/>
      </symbol>
      <symbol id="sm-493">
         <name>__aeabi_memset</name>
         <value>0x70188a74</value>
         <object_component_ref idref="oc-2ac"/>
      </symbol>
      <symbol id="sm-494">
         <name>__aeabi_memset4</name>
         <value>0x70188a74</value>
         <object_component_ref idref="oc-2ac"/>
      </symbol>
      <symbol id="sm-495">
         <name>__aeabi_memset8</name>
         <value>0x70188a74</value>
         <object_component_ref idref="oc-2ac"/>
      </symbol>
      <symbol id="sm-496">
         <name>__aeabi_memclr</name>
         <value>0x70188aac</value>
         <object_component_ref idref="oc-8b"/>
      </symbol>
      <symbol id="sm-497">
         <name>__aeabi_memclr4</name>
         <value>0x70188aac</value>
         <object_component_ref idref="oc-8b"/>
      </symbol>
      <symbol id="sm-498">
         <name>__aeabi_memclr8</name>
         <value>0x70188aac</value>
         <object_component_ref idref="oc-8b"/>
      </symbol>
      <symbol id="sm-49e">
         <name>__aeabi_uldivmod</name>
         <value>0x7018882c</value>
         <object_component_ref idref="oc-15b"/>
      </symbol>
      <symbol id="sm-4a4">
         <name>__udivmoddi4</name>
         <value>0x70186f00</value>
         <object_component_ref idref="oc-1d1"/>
      </symbol>
      <symbol id="sm-4ae">
         <name>__aeabi_ldiv0</name>
         <value>0x70188b40</value>
         <object_component_ref idref="oc-241"/>
      </symbol>
      <symbol id="sm-4b6">
         <name>TI_memset_small</name>
         <value>0x701889d0</value>
         <object_component_ref idref="oc-126"/>
      </symbol>
      <symbol id="sm-4ba">
         <name>_system_post_cinit</name>
         <value>0x0</value>
      </symbol>
      <symbol id="sm-4bb">
         <name>__TI_Handler_Table_Limit</name>
         <value>0x0</value>
      </symbol>
      <symbol id="sm-4bc">
         <name>__TI_Handler_Table_Base</name>
         <value>0x0</value>
      </symbol>
      <symbol id="sm-4bd">
         <name>__TI_CINIT_Base</name>
         <value>0x0</value>
      </symbol>
      <symbol id="sm-4be">
         <name>__TI_CINIT_Limit</name>
         <value>0x0</value>
      </symbol>
   </symbol_table>
   <title>Link successful</title>
</link_info>
